03-25 21:14:54.718  3292  3386 I SurfaceControlRegistry: show, t=FinishTransaction_SyncId<1348> sc=Task=10768, caller=android.view.SurfaceControl$Transaction.show:3557 com.android.wm.shell.transition.Transitions.dispatchReady:1330 com.android.wm.shell.transition.Transitions.onTransitionReady:251 com.android.wm.shell.transition.Transitions$TransitionPlayerImpl$$ExternalSyntheticLambda0.run:13 android.os.Handler.handleCallback:995 android.os.Handler.dispatchMessage:103 
03-25 21:14:54.718  3292  3386 V WindowManagerShell: Playing animation for (#1348) android.os.BinderProxy@e21330@0
03-25 21:14:54.718  3292  3386 I SurfaceControlRegistry: show, t=StartTransaction_SyncId<1348> sc=Transition Root: Task=10768, caller=android.view.SurfaceControl$Transaction.show:3557 com.android.wm.shell.transition.Transitions.playTransition:79 com.android.wm.shell.transition.Transitions.processReadyQueue:239 com.android.wm.shell.transition.Transitions.dispatchReady:1352 com.android.wm.shell.transition.Transitions.onTransitionReady:251 com.android.wm.shell.transition.Transitions$TransitionPlayerImpl$$ExternalSyntheticLambda0.run:13 
03-25 21:14:54.718  3292  3386 V ShellRecents: RecentsTransitionHandler.startAnimation: no controller found
03-25 21:14:54.718  3292  3386 V ShellDesktopMode: DesktopMixedTransitionHandler: No pending desktop transition
03-25 21:14:54.718  3292  3386 V WindowManagerShell: Transition doesn't have explicit remote, search filters for match for {id=1348 t=OPEN f=0x0 trk=0 r=[0@Point(0, 0)] c=[{m=OPEN f=NONE leash=Surface(name=Task=10768)/@0xcb381ea sb=Rect(0, 0 - 1080, 2340) eb=Rect(0, 0 - 1080, 2340) epz=Point(1080, 2340) d=0 taskParent=-1 inset=Rect(0, 81 - 0, 45) dim=true},{m=TO_BACK f=EDGE_EXTENSION_RESTRICTION leash=Surface(name=Task=10765)/@0xeffccdb sb=Rect(0, 0 - 1080, 2340) eb=Rect(0, 0 - 1080, 2340) epz=Point(1080, 2340) d=0 taskParent=-1 inset=Rect(0, 81 - 0, 45) allowAppBgLayer=true}]}
03-25 21:14:54.718  3292  3386 V WindowManagerShell:  Checking filter Pair{{types=[] flags=0x0] notFlags=0x100 checks=[{atype=home independent=true modes=[OPEN,TO_FRONT] flags=NONE mustBeTask=false order=TOP topActivity=ComponentInfo{com.sec.android.app.launcher/com.sec.android.app.launcher.Launcher} launchCookie=null windowingMode=undefined},{atype=recents independent=true modes=[CLOSE,TO_BACK] flags=NONE mustBeTask=false order=ANY topActivity=null launchCookie=null windowingMode=undefined}]} RemoteTransition { remoteTransition = android.window.IRemoteTransition$Stub$Proxy@3f248ce, appThread = android.app.IApplicationThread$Stub$Proxy@dabf3ef, debugName = QuickstepLaunchHomeFromRecentsflags =NONE }}
03-25 21:14:54.718  3292  3386 V WindowManagerShell:  Checking filter Pair{{types=[] flags=0x0] notFlags=0x100 checks=[{atype=home independent=true modes=[OPEN,TO_FRONT] flags=NONE mustBeTask=false order=TOP topActivity=ComponentInfo{com.sec.android.app.launcher/com.sec.android.app.launcher.Launcher} launchCookie=null windowingMode=undefined},{atype=standard independent=true modes=[CLOSE,TO_BACK] flags=NONE mustBeTask=false order=ANY topActivity=null launchCookie=null windowingMode=undefined}]} RemoteTransition { remoteTransition = android.window.IRemoteTransition$Stub$Proxy@63defc, appThread = android.app.IApplicationThread$Stub$Proxy@b5ee985, debugName = QuickstepLaunchHomeflags =NONE }}
03-25 21:14:54.718  3292  3386 V WindowManagerShell:  Delegate animation for (#1348) to null
03-25 21:14:54.718  3292  3386 V WindowManagerShell: start default transition animation, info = {id=1348 t=OPEN f=0x0 trk=0 r=[0@Point(0, 0)] c=[{m=OPEN f=NONE leash=Surface(name=Task=10768)/@0xcb381ea sb=Rect(0, 0 - 1080, 2340) eb=Rect(0, 0 - 1080, 2340) epz=Point(1080, 2340) d=0 taskParent=-1 inset=Rect(0, 81 - 0, 45) dim=true},{m=TO_BACK f=EDGE_EXTENSION_RESTRICTION leash=Surface(name=Task=10765)/@0xeffccdb sb=Rect(0, 0 - 1080, 2340) eb=Rect(0, 0 - 1080, 2340) epz=Point(1080, 2340) d=0 taskParent=-1 inset=Rect(0, 81 - 0, 45) allowAppBgLayer=true}]}
03-25 21:14:54.719  3292  3386 V WindowManagerShell: loadAnimation: anim=android.view.animation.AnimationSet@f6ff24 animAttr=0x9 type=OPEN isEntrance=false
03-25 21:14:54.719  3292  3386 V WindowManagerShell:    wallpaperTransit=WALLPAPER_NONE translucent=false
03-25 21:14:54.719  3292  3386 V WindowManagerShell:    change={m=TO_BACK f=EDGE_EXTENSION_RESTRICTION leash=Surface(name=Task=10765)/@0xeffccdb sb=Rect(0, 0 - 1080, 2340) eb=Rect(0, 0 - 1080, 2340) epz=Point(1080, 2340) d=0 taskParent=-1 inset=Rect(0, 81 - 0, 45) allowAppBgLayer=true}
03-25 21:14:54.719  3292  3386 D SurfaceComposerClient: [Task=10765#17663] setEdgeExtension Right
03-25 21:14:54.719  3292  3386 V WindowManagerShell: loadAnimation: anim=android.view.animation.AnimationSet@b6e6442 animAttr=0x8 type=OPEN isEntrance=true
03-25 21:14:54.719  3292  3386 V WindowManagerShell:    wallpaperTransit=WALLPAPER_NONE translucent=false
03-25 21:14:54.719  3292  3386 V WindowManagerShell:    change={m=OPEN f=NONE leash=Surface(name=Task=10768)/@0xcb381ea sb=Rect(0, 0 - 1080, 2340) eb=Rect(0, 0 - 1080, 2340) epz=Point(1080, 2340) d=0 taskParent=-1 inset=Rect(0, 81 - 0, 45) dim=true}
03-25 21:14:54.720  1647  1773 I SurfaceFlinger: id=17709 createSurf, flag=20004, DimTransitionLayer for Surface(name=Task=10768)/@0xcb381ea#17709
03-25 21:14:54.720  3292  3386 I SurfaceControlRegistry: show, t=StartTransaction_SyncId<1348> sc=DimTransitionLayer for Surface(name=Task=10768)/@0xcb381ea, caller=android.view.SurfaceControl$Transaction.show:3557 com.android.wm.shell.transition.DefaultTransitionHandler.startAnimation:2931 com.android.wm.shell.transition.Transitions.dispatchTransition:90 com.android.wm.shell.transition.Transitions.playTransition:774 com.android.wm.shell.transition.Transitions.processReadyQueue:239 com.android.wm.shell.transition.Transitions.dispatchReady:1352 
03-25 21:14:54.720  3292  3386 V WindowManagerShell: attach dim transition, change={m=OPEN f=NONE leash=Surface(name=Task=10768)/@0xcb381ea sb=Rect(0, 0 - 1080, 2340) eb=Rect(0, 0 - 1080, 2340) epz=Point(1080, 2340) d=0 taskParent=-1 inset=Rect(0, 81 - 0, 45) dim=true}
03-25 21:14:54.720  3292  3386 I SurfaceControlRegistry: apply, t=StartTransaction_SyncId<1348>, caller=android.view.SurfaceControl$Transaction.apply:3459 android.view.SurfaceControl$Transaction.apply:3447 android.view.SurfaceControl$Transaction.apply:3397 com.android.wm.shell.transition.DefaultTransitionHandler.startAnimation:3387 com.android.wm.shell.transition.Transitions.dispatchTransition:90 com.android.wm.shell.transition.Transitions.playTransition:774 
03-25 21:14:54.721  3292  3386 V WindowManagerShell:  animated by com.android.wm.shell.transition.DefaultTransitionHandler@9b97a9d
03-25 21:14:54.723  1647  1647 I SurfaceFlinger: RequestedLayer [bd02a6a Splash Screen com.ashutosh.mindfultennis#17706] hidden!! flag  from(1) --> to(0)
03-25 21:14:54.723  1647  1647 I SurfaceFlinger: RequestedLayer [Splash Screen com.ashutosh.mindfultennis$_3292#17707] hidden!! flag  from(1) --> to(0)
03-25 21:14:54.723  1647  1647 I SurfaceFlinger: RequestedLayer [Task=10768#17704] hidden!! flag  from(1) --> to(0)
03-25 21:14:54.723  1647  1647 E SurfaceFlinger: alpha changed 1.000 -> 0.000 - Task=10768#17704
03-25 21:14:54.723  1647  1647 I SurfaceFlinger: RequestedLayer [Transition Root: Task=10768#17708] hidden!! flag  from(1) --> to(0)
03-25 21:14:54.723  1647  1647 I SurfaceFlinger: RequestedLayer [ActivityRecord{98954802 u0 com.ashut[...]ultennis/.MainActivity t10768}#17705] hidden!! flag  from(1) --> to(0)
03-25 21:14:54.723  1647  1647 I SurfaceFlinger: RequestedLayer [DimTransitionLayer for Surface(name=Task=10768)/@0xcb381ea#17709] hidden!! flag  from(1) --> to(0)
03-25 21:14:54.723  1647  1647 E SurfaceFlinger: alpha changed 1.000 -> 0.000 - DimTransitionLayer for Surface(name=Task=10768)/@0xcb381ea#17709
03-25 21:14:54.723  1647  1647 E SurfaceFlinger: alpha changed 0.000 -> 1.000 - Task=10768#17704
03-25 21:14:54.723  1647  1647 E SurfaceFlinger: alpha changed 0.000 -> 0.000 - DimTransitionLayer for Surface(name=Task=10768)/@0xcb381ea#17709
03-25 21:14:54.723  1647  3915 I SurfaceFlinger: Capture layer list: 	 com.whatsapp/com.whatsapp.home.ui.HomeActivity$_32594#17697(seamlessTransition:0)
03-25 21:14:54.723  1647  1647 I SurfaceFlinger: [LayerHierarchy{RequestedLayerState{Task=10765#17663 parentId=17708 z=2} 1 children}] reparent to LayerHierarchy{RequestedLayerState{Transition Root: Task=10768#17708 parentId=10 z=13} 1 children}
03-25 21:14:54.723  1647  1647 I SurfaceFlinger: [LayerHierarchy{RequestedLayerState{Task=10768#17704 parentId=17708 z=5} 1 children}] reparent to LayerHierarchy{RequestedLayerState{Transition Root: Task=10768#17708 parentId=10 z=13} 2 children}
03-25 21:14:54.723  1647  1647 I SurfaceFlinger: [Transition Root: Task=10768#17708] attach to parent LayerHierarchy{RequestedLayerState{DefaultTaskDisplayArea_d0#10 parentId=9} 15 children}
03-25 21:14:54.723  1647  1647 I SurfaceFlinger: [DimTransitionLayer for Surface(name=Task=10768)/@0xcb381ea#17709] attach to parent LayerHierarchy{RequestedLayerState{Transition Root: Task=10768#17708 parentId=10 z=13} 3 children}
03-25 21:14:54.724  2435  4293 I NSLocationMonitor: getGPSUsingApps() called
03-25 21:14:54.724  1647  1792 D RenderEngine: [SEC_SF_EFFECTS] drawLayersInternal,1483, Rendering layer ScreenCaptureFillLayer at index 0
03-25 21:14:54.724  1647  1792 D RenderEngine: [SEC_SF_EFFECTS] drawLayersInternal,1483, Rendering layer com.whatsapp/com.whatsapp.home.ui.HomeActivity$_32594#17697 at index 1
03-25 21:14:54.724  4264  4292 I NSLocationManager_FLP: getGPSUsingApps, No change
03-25 21:14:54.727  2435  2530 D RestrictionPolicy: isScreenCaptureEnabled : ret=true userId=0
03-25 21:14:54.728  2435  2530 I WindowManager: Cancelling animation restarting=true, leash=Surface(name=Surface(name=d1c3658 StatusBar)/@0xd916cc - animation-leash of insets_animation)/@0xcd18daa
03-25 21:14:54.728  2435  2530 I WindowManager: Reparenting to original parent: Surface(name=WindowToken{54f601f type=2000 android.os.BinderProxy@801e79})/@0xf290d15, destroy=false, surface=Surface(name=d1c3658 StatusBar)/@0xd916cc
03-25 21:14:54.728  2435  2530 I WindowManager: Reparenting to leash, surface=Surface(name=d1c3658 StatusBar)/@0xd916cc, leashParent=Surface(name=WindowToken{54f601f type=2000 android.os.BinderProxy@801e79})/@0xf290d15
03-25 21:14:54.728  2435  2526 V WindowManager: Sent Transition (#1348) createdAt=03-25 21:14:54.634 via request=TransitionRequestInfo { type = OPEN, triggerTask = TaskInfo{userId=0 taskId=10768 effectiveUid=10261 displayId=0 isRunning=true baseIntent=Intent { flg=0x10000000 cmp=com.ashutosh.mindfultennis/.MainActivity } baseActivity=ComponentInfo{com.ashutosh.mindfultennis/com.ashutosh.mindfultennis.MainActivity} topActivity=ComponentInfo{com.ashutosh.mindfultennis/com.ashutosh.mindfultennis.MainActivity} origActivity=null realActivity=ComponentInfo{com.ashutosh.mindfultennis/com.ashutosh.mindfultennis.MainActivity} numActivities=1 lastActiveTime=74029210 supportsMultiWindow=true resizeMode=1 isResizeable=true minWidth=-1 minHeight=-1 maxWidth=-1 maxHeight=-1 defaultMinSize=220 desktopDefaultMinSize=304 token=WCT{RemoteToken{ce4833c Task{d00bb7e #10768 type=standard A=10261:com.ashutosh.mindfultennis}}} topActivityType=1 pictureInPictureParams=null shouldDockBigOverlays=false launchIntoPipHostTaskId=-1 lastParentTaskIdBeforePip=-1 displayCutoutSafeInsets=Rect(0, 81 - 0, 0) topActivityInfo=ActivityInfo{880021a com.ashutosh.mindfultennis.MainActivity} launchCookies=[] positionInParent=Point(0, 0) parentTaskId=-1 isFocused=false isVisible=false isVisibleRequested=false isTopActivityNoDisplay=false isSleeping=false locusId=null displayAreaFeatureId=1 isTopActivityTransparent=false isActivityStackTransparent=false lastNonFullscreenBounds=Rect(81, 603 - 999, 1773) capturedLink=null capturedLinkTimestamp=0 requestedVisibleTypes=-9 topActivityRequestOpenInBrowserEducationTimestamp=0 appCompatTaskInfo=AppCompatTaskInfo { topActivityInSizeCompat=false eligibleForLetterboxEducation= false isLetterboxEducationEnabled= false isLetterboxDoubleTapEnabled= false eligibleForUserAspectRatioButton= false topActivityBoundsLetterboxed= false isFromLetterboxDoubleTap= false topActivityLetterboxVerticalPosition= -1 topActivityLetterboxHorizontalPosition= -1 topActivityLetterboxWidth=-1 topActivityLetterboxHeight=-1 topActivityAppBounds=Rect(0, 0 - 1080, 2340) isUserFullscreenOverrideEnabled=false isSystemFullscreenOverrideEnabled=false hasMinAspectRatioOverride=false topActivityLetterboxBounds=null cameraCompatTaskInfo=CameraCompatTaskInfo { freeformCameraCompatMode=inactive} topActivityBounds=null topActivityInDisplayCompat=false singleTapFromLetterbox=false} topActivityMainWindowFrame=null originallySupportedMultiWindow=true hasWallpaper=false rootAffinity=10261:com.ashutosh.mindfultennis isTopTaskInStage=false CoverLauncherWidgetTask=false LaunchedFromAppsCoverLauncherTask=false LaunchedFromMultistarCoverLauncherTask=false isAllowedSeamlessRotation=false isTopTransparentActivity=false isAliasManaged=false hasConfigChanged=false snappingGuideBounds=null isAiKeyRemoveAppTask=false lastDesktopWindowingBounds=null lastExternalDesktopWindowingBounds=null safeCutoutInsets=null}, pipChange = null, remoteTransition = null, displayChange = null, flags = 0, debugId = 1348 }
03-25 21:14:54.728  2435  2526 V WindowManager:     startWCT=WindowContainerTransaction { changes= {} hops= [] errorCallbackToken=null taskFragmentOrganizer=null }
03-25 21:14:54.728  1647  3915 I SurfaceFlinger: id=17710 createSurf, flag=24000, Surface(name=d1c3658 StatusBar)/@0xd916cc - animation-leash of insets_animation#17710
03-25 21:14:54.728  2435  2526 V WindowManager:     info={id=1348 t=OPEN f=0x0 trk=0 r=[0@Point(0, 0)] c=[
03-25 21:14:54.728  2435  2526 V WindowManager:         {WCT{RemoteToken{ce4833c Task{d00bb7e #10768 type=standard A=10261:com.ashutosh.mindfultennis}}} m=OPEN f=NONE leash=Surface(name=Task=10768)/@0x796c30e sb=Rect(0, 0 - 1080, 2340) eb=Rect(0, 0 - 1080, 2340) epz=Point(1080, 2340) d=0 taskParent=-1 inset=Rect(0, 81 - 0, 45) dim=true},
03-25 21:14:54.728  2435  2526 V WindowManager:         {WCT{RemoteToken{b0c7eaf Task{d5c7c73 #10765 type=standard A=10326:com.whatsapp}}} m=TO_BACK f=EDGE_EXTENSION_RESTRICTION leash=Surface(name=Task=10765)/@0x5594864 sb=Rect(0, 0 - 1080, 2340) eb=Rect(0, 0 - 1080, 2340) epz=Point(1080, 2340) d=0 taskParent=-1 inset=Rect(0, 81 - 0, 45) allowAppBgLayer=true}
03-25 21:14:54.728  2435  2526 V WindowManager:     ]}
03-25 21:14:54.729  2435  2530 D WindowManager: makeSurface duration=1 leash=Surface(name=Surface(name=d1c3658 StatusBar)/@0xd916cc - animation-leash of insets_animation)/@0xa149728
03-25 21:14:54.730  2435  2530 D InsetsSourceProvider: updateControlForTarget: control=InsetsSourceControl: {540a0000 mType=statusBars initiallyVisible mSurfacePosition=Point(0, 0) mInsetsHint=Insets{left=0, top=81, right=0, bottom=0}}, target=Window{bd02a6a u0 Splash Screen com.ashutosh.mindfultennis}, from=com.android.server.wm.InsetsStateController.onControlTargetChanged:83 com.android.server.wm.InsetsPolicy.updateBarControlTarget:212 com.android.server.wm.DisplayPolicy.updateSystemBarAttributes:262 com.android.server.wm.DisplayPolicy.finishPostLayoutPolicyLw:17 com.android.server.wm.RootWindowContainer.applySurfaceChangesTransaction$1:195 
03-25 21:14:54.730  2435  2530 I WindowManager: Cancelling animation restarting=true, leash=Surface(name=Surface(name=2cb579b NavigationBar0)/@0xedb161b - animation-leash of insets_animation)/@0xe9b7538
03-25 21:14:54.730  2435  2530 I WindowManager: Reparenting to original parent: Surface(name=WindowToken{91f7faa type=2019 android.os.BinderProxy@eac24c})/@0x7e6d3b8, destroy=false, surface=Surface(name=2cb579b NavigationBar0)/@0xedb161b
03-25 21:14:54.730  2435  2530 I WindowManager: Reparenting to leash, surface=Surface(name=2cb579b NavigationBar0)/@0xedb161b, leashParent=Surface(name=WindowToken{91f7faa type=2019 android.os.BinderProxy@eac24c})/@0x7e6d3b8
03-25 21:14:54.730  1647  3915 I SurfaceFlinger: id=17711 createSurf, flag=24000, Surface(name=2cb579b NavigationBar0)/@0xedb161b - animation-leash of insets_animation#17711
03-25 21:14:54.730  2435  2530 D WindowManager: makeSurface duration=0 leash=Surface(name=Surface(name=2cb579b NavigationBar0)/@0xedb161b - animation-leash of insets_animation)/@0x8c25e6
03-25 21:14:54.730  2435  2530 D InsetsSourceProvider: updateControlForTarget: control=InsetsSourceControl: {f5de0001 mType=navigationBars initiallyVisible mSurfacePosition=Point(0, 2196) mInsetsHint=Insets{left=0, top=0, right=0, bottom=45}}, target=Window{bd02a6a u0 Splash Screen com.ashutosh.mindfultennis}, from=com.android.server.wm.InsetsStateController.onControlTargetChanged:83 com.android.server.wm.InsetsPolicy.updateBarControlTarget:225 com.android.server.wm.DisplayPolicy.updateSystemBarAttributes:262 com.android.server.wm.DisplayPolicy.finishPostLayoutPolicyLw:17 com.android.server.wm.RootWindowContainer.applySurfaceChangesTransaction$1:195 
03-25 21:14:54.731  2435  2530 D WindowManager: updateSystemBarAttributes: displayId=0, focusedCanBeNavColorWin=false, win=Window{bd02a6a u0 Splash Screen com.ashutosh.mindfultennis}, navColorWin=Window{bd02a6a u0 Splash Screen com.ashutosh.mindfultennis}, caller=com.android.server.wm.DisplayPolicy.finishPostLayoutPolicyLw:17 com.android.server.wm.RootWindowContainer.applySurfaceChangesTransaction$1:195 com.android.server.wm.RootWindowContainer.performSurfacePlacementNoTrace:59 
03-25 21:14:54.731  2435  2530 D WindowManager: updateSystemBarAttributes, bhv=1, apr=24, statusBarAprRegions=[AppearanceRegion{LIGHT_STATUS_BARS bounds=[0,0][1080,2340]}], requestedVisibilities=-9
03-25 21:14:54.731  2435  2530 D SurfaceComposerClient: setCornerRadius ## bd02a6a Splash Screen com.ashutosh.mindfultennis#17706 cornerRadius=0.000000
03-25 21:14:54.732  1647  3915 I SurfaceFlinger: id=17712 createSurf, flag=84000, 4d39b94 ActivityRecordInputSink com.ashutosh.mindfultennis/.MainActivity#17712
03-25 21:14:54.733  3786 22008 I HoneySpace.RecentTasks: onRunningTaskAppeared
03-25 21:14:54.733  3786 22008 I HoneySpace.RecentTasks: onRecentTasksChanged
03-25 21:14:54.734 23609 23716 I Rubin   : [434] A8.b.A(Unknown Source) : Notify com.samsung.android.rubin.inferenceengine.contextanalytics.engine.loggers.AppUsageLogger's database is updated.
03-25 21:14:54.734  2435  3481 D SGM:GameManager: identifyGamePackage. com.ashutosh.mindfultennis, mCurrentUserId: 0, callingMethodInfo: com.samsung.android.game.IGameManagerService$Stub.onTransact(IGameManagerService.java:247)
03-25 21:14:54.735  2435  4293 D FreecessController: FZ : com.samsung.android.game.gamehome(10070) [7078] reason: Bg [cached:X
03-25 21:14:54.736  2435  3481 D SGM:GameManager: identifyForegroundApp. com.whatsapp, mCurrentUserId: 0, callerUserId: 0
03-25 21:14:54.737  2435  4293 D FreecessController: com.samsung.android.game.gamehome is OLAF FZed, override it with bg fz.
03-25 21:14:54.737  2435  4293 D FreecessHandler: freeze com.samsung.android.game.gamehome(10070) result : 0
03-25 21:14:54.738  2435  4293 W LocationManagerService: onFreezeStateChanged, uid[10070]=true
03-25 21:14:54.739  1647  1647 I SurfaceFlinger: [LayerHierarchy{RequestedLayerState{2cb579b NavigationBar0#87 parentId=17711} 1 children}] reparent to LayerHierarchy{RequestedLayerState{Surface(name=2cb579b NavigationBar0)/@0xedb161b - animation-leash of insets_animation#17711 parentId=86} 1 children}
03-25 21:14:54.739  1647  1647 I SurfaceFlinger: [LayerHierarchy{RequestedLayerState{d1c3658 StatusBar#94 parentId=17710} 1 children}] reparent to LayerHierarchy{RequestedLayerState{Surface(name=d1c3658 StatusBar)/@0xd916cc - animation-leash of insets_animation#17710 parentId=93} 1 children}
03-25 21:14:54.739  1647  1647 I SurfaceFlinger: [LayerHierarchy{RequestedLayerState{Surface(name=2cb579b NavigationBar0)/@0xedb161b - animation-leash of insets_animation#17699} no children}] reparent to OffscreenRoot
03-25 21:14:54.739  1647  1647 I SurfaceFlinger: [LayerHierarchy{RequestedLayerState{Surface(name=2cb579b NavigationBar0)/@0xedb161b - animation-leash of insets_animation#17699} no children}] RelativeParent to null
03-25 21:14:54.739  1647  1647 I SurfaceFlinger: [LayerHierarchy{RequestedLayerState{Surface(name=d1c3658 StatusBar)/@0xd916cc - animation-leash of insets_animation#17698} no children}] reparent to OffscreenRoot
03-25 21:14:54.739  1647  1647 I SurfaceFlinger: [LayerHierarchy{RequestedLayerState{Surface(name=d1c3658 StatusBar)/@0xd916cc - animation-leash of insets_animation#17698} no children}] RelativeParent to null
03-25 21:14:54.739  1647  1647 I SurfaceFlinger: [Surface(name=d1c3658 StatusBar)/@0xd916cc - animation-leash of insets_animation#17710] attach to parent LayerHierarchy{RequestedLayerState{WindowToken{54f601f type=2000 android.os.BinderProxy@801e79}#93 parentId=17} 1 children}
03-25 21:14:54.739  1647  1647 I SurfaceFlinger: [Surface(name=2cb579b NavigationBar0)/@0xedb161b - animation-leash of insets_animation#17711] attach to parent LayerHierarchy{RequestedLayerState{WindowToken{91f7faa type=2019 android.os.BinderProxy@eac24c}#86 parentId=34} 1 children}
03-25 21:14:54.739  1647  1647 I SurfaceFlinger: [4d39b94 ActivityRecordInputSink com.ashutosh.mindfultennis/.MainActivity#17712] attach to parent LayerHierarchy{RequestedLayerState{ActivityRecord{98954802 u0 com.ashutosh.mindfultennis/.MainActivity t10768}#17705 parentId=17704} 2 children}
03-25 21:14:54.739  2435  3854 D SGM:GameManager: identifyGamePackage. com.ashutosh.mindfultennis, mCurrentUserId: 0, callingMethodInfo: com.samsung.android.game.IGameManagerService$Stub.onTransact(IGameManagerService.java:247)
03-25 21:14:54.741  2435  2530 I WindowManager: notifyInsetsControlChanged, removed=false, win=Window{bd02a6a u0 Splash Screen com.ashutosh.mindfultennis}, caller=com.android.server.wm.InsetsStateController$$ExternalSyntheticLambda1.run:137 com.android.server.wm.WindowAnimator$$ExternalSyntheticLambda2.onTransactionCommitted:26 android.view.SurfaceControl$Transaction$$ExternalSyntheticLambda4.run:0 android.os.Handler.handleCallback:995 android.os.Handler.dispatchMessage:103 android.os.Looper.loopOnce:273 
03-25 21:14:54.741  2435  4293 I PowerManagerService: [PWL] SetWakeLockEnableDisable uid = 10070 , disable= true
03-25 21:14:54.741  2435  4293 I PowerManagerService: [PWL] can not change uid =  10070
03-25 21:14:54.742 23609 23716 I Rubin   : [434] com.samsung.android.rubin.inferenceengine.contextanalytics.engine.monitors.moment.exercise.ExercisingWithCmhMonitor.isSatisfiedByCmh(Unknown Source) : isSatisfiedByCmh is false
03-25 21:14:54.742  5273  5296 V OsAgent : broadcastSystemEvent - 7
03-25 21:14:54.743  3292  3292 D SamsungLightBarControlHelper: updateStatusBar (BLACK icon) numStacks:1, StatusBarMode:MODE_TRANSPARENT, lightBarBounds:[Rect(0, 0 - 1080, 2340)], StatusBarState:SHADE, packageName:, isWhiteKeyguardStatusBar:false
03-25 21:14:54.743  3292  3292 D SamsungLightBarControlHelper: onStatusBarAppearanceChanged() -  sbModeChanged:false, statusBarMode:0, barState:MODE_TRANSPARENT, isKeyguardShowing:false, navbarColorManagedByIme:false, (AppearanceRegion{LIGHT_STATUS_BARS bounds=[0,0][1080,2340]}, )
03-25 21:14:54.743  3292  3292 D NavigationBar: onSystemBarAttributesChanged() -  displayId:0, appearance:24, packageName: com.ashutosh.mindfultennis (APPEARANCE_LIGHT_STATUS_BARS APPEARANCE_LIGHT_NAVIGATION_BARS ), navbarColorManagedByIme:false
03-25 21:14:54.744  1647  3915 I SurfaceFlinger: id=17698 Removed Surface(name=d1c3658 StatusBar)/@0xd916cc - animation-leash of insets_animation#17698 (197)
03-25 21:14:54.744  1647  1773 I SurfaceFlinger: id=17699 Removed Surface(name=2cb579b NavigationBar0)/@0xedb161b - animation-leash of insets_animation#17699 (197)
03-25 21:14:54.745 30413 30413 W h.mindfultennis: Failed to find entry 'classes.dex': Entry not found
03-25 21:14:54.745 30413 30413 W h.mindfultennis: Failed to find entry 'classes.dex': Entry not found
03-25 21:14:54.746 30413 30413 W h.mindfultennis: Failed to find entry 'classes.dex': Entry not found
03-25 21:14:54.746 30413 30413 W h.mindfultennis: Failed to find entry 'classes.dex': Entry not found
03-25 21:14:54.746 30413 30413 W h.mindfultennis: Failed to find entry 'classes.dex': Entry not found
03-25 21:14:54.746 30413 30413 W h.mindfultennis: Failed to find entry 'classes.dex': Entry not found
03-25 21:14:54.747 30413 30413 W h.mindfultennis: Failed to find entry 'classes.dex': Entry not found
03-25 21:14:54.747 30413 30413 W h.mindfultennis: Failed to find entry 'classes.dex': Entry not found
03-25 21:14:54.747 30413 30413 W h.mindfultennis: Failed to find entry 'classes.dex': Entry not found
03-25 21:14:54.747 30413 30413 W h.mindfultennis: Failed to find entry 'classes.dex': Entry not found
03-25 21:14:54.747  3292  3437 I VRI[mindfultennis]@d325c: onActiveControlsChanged, removed=false, mAdded=true, caller=android.view.ViewRootImpl.handleInsetsControlChanged:3002 android.view.ViewRootImpl$ViewRootHandler.handleMessageImpl:8352 android.view.ViewRootImpl$ViewRootHandler.handleMessage:8301 android.os.Handler.dispatchMessage:110 android.os.Looper.loopOnce:273 
03-25 21:14:54.747  3292  3437 I InsetsSourceConsumer: applyRequestedVisibilityToControl: visible=true, type=statusBars, host=Splash Screen com.ashutosh.mindfultennis
03-25 21:14:54.748  3292  3437 I InsetsSourceConsumer: applyRequestedVisibilityToControl: visible=true, type=navigationBars, host=Splash Screen com.ashutosh.mindfultennis
03-25 21:14:54.749 30413 30413 D nativeloader: Configuring clns-9 for other apk /data/app/~~cbd3QdlFq10hxSdT1h2Hig==/com.ashutosh.mindfultennis-W0lbSUAT0iNklPKkAkPFWg==/base.apk:/data/app/~~cbd3QdlFq10hxSdT1h2Hig==/com.ashutosh.mindfultennis-W0lbSUAT0iNklPKkAkPFWg==/split_config.arm64_v8a.apk:/data/app/~~cbd3QdlFq10hxSdT1h2Hig==/com.ashutosh.mindfultennis-W0lbSUAT0iNklPKkAkPFWg==/split_config.bn.apk:/data/app/~~cbd3QdlFq10hxSdT1h2Hig==/com.ashutosh.mindfultennis-W0lbSUAT0iNklPKkAkPFWg==/split_config.en.apk:/data/app/~~cbd3QdlFq10hxSdT1h2Hig==/com.ashutosh.mindfultennis-W0lbSUAT0iNklPKkAkPFWg==/split_config.gu.apk:/data/app/~~cbd3QdlFq10hxSdT1h2Hig==/com.ashutosh.mindfultennis-W0lbSUAT0iNklPKkAkPFWg==/split_config.hi.apk:/data/app/~~cbd3QdlFq10hxSdT1h2Hig==/com.ashutosh.mindfultennis-W0lbSUAT0iNklPKkAkPFWg==/split_config.kn.apk:/data/app/~~cbd3QdlFq10hxSdT1h2Hig==/com.ashutosh.mindfultennis-W0lbSUAT0iNklPKkAkPFWg==/split_config.mr.apk:/data/app/~~cbd3QdlFq10hxSdT1h2Hig==/com.ashutosh.mindfultennis-W0lbSUAT0iNklPKkAkPFWg==/split_config.ta.apk:/data/app/~~c
03-25 21:14:54.755 30413 30413 V GraphicsEnvironment: Currently set values for:
03-25 21:14:54.755 30413 30413 V GraphicsEnvironment:   angle_gl_driver_selection_pkgs=[]
03-25 21:14:54.755 30413 30413 V GraphicsEnvironment:   angle_gl_driver_selection_values=[]
03-25 21:14:54.755 30413 30413 V GraphicsEnvironment: com.ashutosh.mindfultennis is not listed in per-application setting
03-25 21:14:54.755 30413 30413 V GraphicsEnvironment: ANGLE allowlist from config: 
03-25 21:14:54.755 30413 30413 V GraphicsEnvironment: com.ashutosh.mindfultennis is not listed in ANGLE allowlist or settings, returning default
03-25 21:14:54.755 30413 30413 V GraphicsEnvironment: App is not on the allowlist for updatable production driver.
03-25 21:14:54.755  3292  3292 W Choreographer: Frame time is 0.001853 ms in the future!  Check that graphics HAL is generating vsync timestamps using the correct timebase.
03-25 21:14:54.755  1647  1647 E SurfaceFlinger: alpha changed 0.000 -> 0.020 - DimTransitionLayer for Surface(name=Task=10768)/@0xcb381ea#17709
03-25 21:14:54.755  1647  1647 I SurfaceFlinger: destroyed Surface(name=2cb579b NavigationBar0)/@0xedb161b - animation-leash of insets_animation#17699 form LifecycleManager
03-25 21:14:54.755  1647  1647 I SurfaceFlinger: destroyed Surface(name=d1c3658 StatusBar)/@0xd916cc - animation-leash of insets_animation#17698 form LifecycleManager
03-25 21:14:54.756  1647  1647 I SurfaceFlinger: id=17699 onLayerDestroyed from LayerHierarchyBuilder(RequestedLayerState{Surface(name=2cb579b NavigationBar0)/@0xedb161b - animation-leash of insets_animation#17699 !handle})
03-25 21:14:54.756  1647  1647 I SurfaceFlinger: id=17698 onLayerDestroyed from LayerHierarchyBuilder(RequestedLayerState{Surface(name=d1c3658 StatusBar)/@0xd916cc - animation-leash of insets_animation#17698 !handle})
03-25 21:14:54.757  1647  1647 I Layer   : id=17699 Destroyed Surface(name=2cb579b NavigationBar0)/@0xedb161b - animation-leash of insets_animation#17699
03-25 21:14:54.757  1647  1647 I Layer   : id=17698 Destroyed Surface(name=d1c3658 StatusBar)/@0xd916cc - animation-leash of insets_animation#17698
03-25 21:14:54.759  6001 22148 I SDHMS:k : onTaskStackChanged
03-25 21:14:54.759  3786 22008 I HoneySpace.RecentTasks: onRecentTasksChanged
03-25 21:14:54.760 30413 30413 D LicenseClient: Connecting to the licensing service...
03-25 21:14:54.760  6001  6403 I SDHMS:k : no app is Resumed!!! mResumedPackages.size = 0
03-25 21:14:54.761  2435  4257 D ActivityManager: unpendingScheduleServiceRestart: u=10241, drop=false
03-25 21:14:54.762  2435  3851 D BaseRestrictionMgr: Package: com.android.vending, userid: 0, hostingType: bindService is allowed by freecess, caller is: com.ashutosh.mindfultennis
03-25 21:14:54.762  1647  1647 D SurfaceFlinger: Display 4630947232161729154 HWC layers:
03-25 21:14:54.762  1647  1647 D SurfaceFlinger:        CLIENT |          139990164045900 | 00002100 | RGBA_8888    |   35.0    0.0 1080.0 2340.0 |    0    0 1080 2340 | com.whatsapp/com.whatsapp.home.ui.HomeActivity$_32594#17697 (9)
03-25 21:14:54.762  1647  1647 D SurfaceFlinger:   SOLID_COLOR |                        0 | 00000000 | N/A          |    0.0    0.0    0.0    0.0 |    0    0 1080 2340 | DimTransitionLayer for Surface(name=Task=10768)/@0xcb381ea#17709 (0)
03-25 21:14:54.762  1647  1647 D SurfaceFlinger:        DEVICE |           14139032346741 | 00002100 | RGBA_8888    |    0.0    0.0  106.0 2340.0 |  974    0 1080 2340 | Splash Screen com.ashutosh.mindfultennis$_3292#17707 (1)
03-25 21:14:54.762  1647  1647 D SurfaceFlinger:        DEVICE |           14139032346531 | 00002100 | RGBA_8888    |    0.0    0.0 1080.0   81.0 |    0    0 1080   81 | StatusBar$_3292#103 (26667)
03-25 21:14:54.762  1647  1647 D SurfaceFlinger:        DEVICE |           14139032346533 | 00002100 | RGBA_8888    |    0.0    0.0 1080.0  144.0 |    0 2196 1080 2340 | NavigationBar0$_3292#99 (25356)
03-25 21:14:54.762  1647  1647 D SurfaceFlinger: 
03-25 21:14:54.763  2435  3851 I ActivityManager: Changes in 10241 17 to 3, 0 to 184
03-25 21:14:54.764  2435  3137 D BackgroundInstallControlService: Package event received: 0
03-25 21:14:54.764  2435  3137 D BackgroundInstallControlService: Package event received: 0
03-25 21:14:54.764  5273  5296 V OsAgent : broadcastSystemEvent - 7
03-25 21:14:54.766  2435  3854 V WindowManager: Computed rotation=ROTATION_0 (0) for display id=0 based on lastOrientation=SCREEN_ORIENTATION_UNSPECIFIED (-1) and oldRotation=ROTATION_0 (0), caller=com.android.server.wm.DisplayRotation.updateOrientation:79 com.android.server.wm.DisplayContent.updateOrientation:41 com.android.server.wm.DisplayContent.updateOrientationAndComputeConfig:48 com.android.server.wm.RootWindowContainer.ensureVisibilityAndConfig:7 com.android.server.wm.ActivityTaskSupervisor.realStartActivityLocked:182 com.android.server.wm.RootWindowContainer.attachApplication:92 
03-25 21:14:54.766  2435  3854 D SGM:FgCheckThread: notifyAppCreated(), packageName: com.ashutosh.mindfultennis, userId: 0, sendRet: true
03-25 21:14:54.766  2435  3010 D SGM:FgCheckThread: onLooperPrepared(), msg: MSG_APP_CREATE, pkgName: com.ashutosh.mindfultennis, userId: 0
03-25 21:14:54.766  2435  3854 D SGM:FgCheckThread: TaskStackListener.onTaskFocusChanged(), taskId=10765, focused=false
03-25 21:14:54.766  2435  3854 D SGM:FgCheckThread: TaskStackListener.onTaskFocusChanged(), taskId=10768, focused=true
03-25 21:14:54.767  2435  3854 D SGM:FgCheckThread:   sendRunningComponentFocus(), pkgName: com.ashutosh.mindfultennis, userId: 0
03-25 21:14:54.767  2435  3854 D InputDispatcher: Focused application(0): ActivityRecord{98954802 u0 com.ashutosh.mindfultennis/.MainActivity t10768}
03-25 21:14:54.767  2435  3010 D SGM:FgCheckThread: onLooperPrepared(), msg: MSG_TASK_FOCUSED, pkgName: com.ashutosh.mindfultennis, userId: 0
03-25 21:14:54.767  2435  3010 D SGM:FgCheckThread: handleTaskFocused().
03-25 21:14:54.767  2435  3010 D SGM:FgCheckThread:   handleTaskFocused(), pkgName: com.ashutosh.mindfultennis, userID:0
03-25 21:14:54.767  2435  3010 D SGM:FgCheckThread: handleResume().
03-25 21:14:54.767  2435  3854 D ActivityTaskManager: scheduleTopResumedActivityChanged, onTop=true, r=ActivityRecord{98954802 u0 com.ashutosh.mindfultennis/.MainActivity t10768}, caller=com.android.server.wm.ActivityTaskSupervisor.scheduleTopResumedActivityStateIfNeeded:18 com.android.server.wm.ActivityTaskSupervisor.updateTopResumedActivityIfNeeded:54 com.android.server.wm.TaskFragment.setResumedActivity:30 com.android.server.wm.ActivityRecord.setState:100 com.android.server.wm.ActivityTaskSupervisor.realStartActivityLocked:477 com.android.server.wm.RootWindowContainer.attachApplication:92 
03-25 21:14:54.767  3292  3292 I {OngoingActivityController}: onTaskFocusChanged but OA data is empty
03-25 21:14:54.767  2435  3010 D SGM:FgCheckThread: sendFocusOutConditionally() - mPrevNotiPkg: (unknown), userId: 0
03-25 21:14:54.767  2435  3010 D SGM:FgCheckThread:   handleResume(). pkgName: com.ashutosh.mindfultennis, userId: 0, category: non-game
03-25 21:14:54.767  2435  3010 D SGM:FgCheckThread: notifyFocusInOut(). of pkg: com.ashutosh.mindfultennis, type: 4, isSecGameFamily: false, userId: 0
03-25 21:14:54.767  2435  3010 D SGM:FgCheckThread:   notifyFocusInOut(). unexpected mPrevNotiType: -1
03-25 21:14:54.767  2435  3010 D SGM:SystemHelper: callReleaseBlock needReleaseBlock:false
03-25 21:14:54.767  3786  3954 I HoneySpace.TopTaskSource: onTaskFocusChanged(): taskId = 10768
03-25 21:14:54.768  2435  3100 D AS.MultiSoundManager: mForegroundUid = 10261
03-25 21:14:54.769 30413 30413 D WM-RescheduleReceiver: Received intent Intent { act=android.intent.action.BOOT_COMPLETED flg=0x9000030 pkg=com.ashutosh.mindfultennis cmp=com.ashutosh.mindfultennis/androidx.work.impl.background.systemalarm.RescheduleReceiver (has extras) }
03-25 21:14:54.769  4264  4344 I RequestManager_FLP: onOpChanged, op=0 / packageName=com.android.vending
03-25 21:14:54.770  2435  2529 V Configuration: Updating configuration, locales updated from [] to [en_US]
03-25 21:14:54.771  2435  2529 V Configuration: Updating configuration, locales updated from [] to [en_US]
03-25 21:14:54.771  2435  2529 D EnterpriseDeviceManagerService: isMdmAdminPresentInternal() : MDM Admin Found - com.samsung.android.knox.containercore
03-25 21:14:54.771  2435  3128 I CocktailBarManagerServiceContainer: handleMessage: entry what = 5
03-25 21:14:54.771  2435  3128 I CocktailBarManagerServiceImpl: noteResumeComponent : no active host
03-25 21:14:54.772  2435  3137 D BackgroundInstallControlService: Package event received: 0
03-25 21:14:54.772 30413 30413 D WM-PackageManagerHelper: Skipping component enablement for androidx.work.impl.background.systemjob.SystemJobService
03-25 21:14:54.772 30413 30413 D WM-Schedulers: Created SystemJobScheduler and enabled SystemJobService
03-25 21:14:54.772  6001 10737 I SDHMS:k : handleResumeComponent : put = com.ashutosh.mindfultennis, userid = 0 instanceid =65300703
03-25 21:14:54.773  2435  2529 D SGM:GameManager: identifyGamePackage. com.ashutosh.mindfultennis, mCurrentUserId: 0, callingMethodInfo: com.samsung.android.game.SemGameManager.isGamePackage(SemGameManager.java:106)
03-25 21:14:54.773  2435  2529 D SGM:SemGameManager: isGamePackage(), pkgName=com.ashutosh.mindfultennis, ret=false
03-25 21:14:54.773  2435  2529 D SGM:FgCheckThread: noteResumeComponent(), received pkgName: com.ashutosh.mindfultennis, userId: 0
03-25 21:14:54.773  2435  3010 D SGM:FgCheckThread: onLooperPrepared(), msg: MSG_APP_RESUME, pkgName: com.ashutosh.mindfultennis, userid: 0
03-25 21:14:54.773  2435  3010 D SGM:FgCheckThread: handleResume().
03-25 21:14:54.773  2435  3010 D SGM:FgCheckThread: sendFocusOutConditionally() - mPrevNotiPkg: (unknown), userId: 0
03-25 21:14:54.773  2435  3010 D SGM:FgCheckThread:   handleResume(). pkgName: com.ashutosh.mindfultennis, userId: 0, category: non-game
03-25 21:14:54.773  2435  3010 D SGM:FgCheckThread: notifyFocusInOut(). of pkg: com.ashutosh.mindfultennis, type: 4, isSecGameFamily: false, userId: 0
03-25 21:14:54.773  2435  3010 D SGM:FgCheckThread:   notifyFocusInOut(). unexpected mPrevNotiType: -1
03-25 21:14:54.773  2435  3010 D SGM:SystemHelper: callReleaseBlock needReleaseBlock:false
03-25 21:14:54.773 30413 30435 D WM-ForceStopRunnable: The default process name was not specified.
03-25 21:14:54.774  2435  3137 D BackgroundInstallControlService: Package event received: 0
03-25 21:14:54.774 30413 30435 D WM-ForceStopRunnable: Performing cleanup operations.
03-25 21:14:54.776  2435  3481 D GraphicsStatsService: requestRenderEngineFor(com.ashutosh.mindfultennis)
03-25 21:14:54.776 30413 30413 D ActivityThread: com.ashutosh.mindfultennis will use render engine as VK
03-25 21:14:54.776 30413 30413 D HWUI    : HWUI - treat SMPTE_170M as sRGB
03-25 21:14:54.777 30413 30436 I DisplayManager: Choreographer implicitly registered for the refresh rate.
03-25 21:14:54.778 30413 30436 D HWUI    : CacheManager constructor. deviceInfo=(1080, 1920)
03-25 21:14:54.779 30413 30436 I AdrenoGLES-0: QUALCOMM build                   : 0c393b63cf, I94e2bd5684
03-25 21:14:54.779 30413 30436 I AdrenoGLES-0: Build Date                       : 05/02/25
03-25 21:14:54.779 30413 30436 I AdrenoGLES-0: OpenGL ES Shader Compiler Version: EV031.36.08.33
03-25 21:14:54.779 30413 30436 I AdrenoGLES-0: Local Branch                     : 
03-25 21:14:54.779 30413 30436 I AdrenoGLES-0: Remote Branch                    : refs/tags/AU_LINUX_ANDROID_LA.VENDOR.1.0.R1.11.00.00.816.269
03-25 21:14:54.779 30413 30436 I AdrenoGLES-0: Remote Branch                    : NONE
03-25 21:14:54.779 30413 30436 I AdrenoGLES-0: Reconstruct Branch               : NOTHING
03-25 21:14:54.779 30413 30436 I AdrenoGLES-0: Build Config                     : S P 12.1.1 AArch64
03-25 21:14:54.779 30413 30436 I AdrenoGLES-0: Driver Path                      : /vendor/lib64/egl/libGLESv2_adreno.so
03-25 21:14:54.779 30413 30436 I AdrenoGLES-0: Driver Version                   : 0615.98
03-25 21:14:54.780 30413 30435 E ashmem  : Pinning is deprecated since Android Q. Please use trim or other methods.
03-25 21:14:54.783 30413 30436 I AdrenoGLES-0: PFP: 0x01730181, ME: 0x00000000
03-25 21:14:54.784 30413 30413 I Supabase-Core: SupabaseClient created! Please report any bugs you find.
03-25 21:14:54.787   655   655 I hwservicemanager: getTransport: Cannot find entry vendor.qti.qspmhal@1.0::IQspmhal/default in either framework or device VINTF manifest.
03-25 21:14:54.787 30413 30436 W Adreno-AppProfiles: Could not find QSPM HAL service. Skipping adreno profile processing.
03-25 21:14:54.788 30413 30435 D WM-SystemJobScheduler: Reconciling jobs
03-25 21:14:54.789 30413 30413 W System.err: SLF4J(W): No SLF4J providers were found.
03-25 21:14:54.789 30413 30413 W System.err: SLF4J(W): Defaulting to no-operation (NOP) logger implementation
03-25 21:14:54.789 30413 30413 W System.err: SLF4J(W): See https://www.slf4j.org/codes.html#noProviders for further details.
03-25 21:14:54.793 30413 30435 D WM-ForceStopRunnable: Application was force-stopped, rescheduling.
03-25 21:14:54.818 30413 30439 I Supabase-Auth: Trying to load latest session from storage.
03-25 21:14:54.825 30413 30413 D CompatChangeReporter: Compat change id reported: 377864165; UID 10261; state: ENABLED
03-25 21:14:54.826 30413 30413 D DesktopModeFlags: Toggle override initialized to: OVERRIDE_UNSET
03-25 21:14:54.827 30413 30413 I DecorView: setWindowBackground: isPopOver=false color=fffafafa d=android.graphics.drawable.ColorDrawable@7ec5252
03-25 21:14:54.827 30413 30439 I Supabase-Auth: Successfully loaded session from storage!
03-25 21:14:54.832 30413 30435 W JobInfo : Requested important-while-foreground flag for job2 is ignored and takes no effect
03-25 21:14:54.832 30413 30435 D WM-SystemJobScheduler: Scheduling work ID 8a9f1c53-e137-4264-acaa-617c0f8e2e81Job ID 2
03-25 21:14:54.835 30413 30413 D ViewRootImpl: desktopMode is false
03-25 21:14:54.835 30413 30435 D WM-GreedyScheduler: Starting tracking for 8a9f1c53-e137-4264-acaa-617c0f8e2e81
03-25 21:14:54.835 30413 30413 I ViewRootImpl: dVRR is disabled
03-25 21:14:54.836 30413 30413 D HardwareRenderer: onDisplayChanged. displayId=0 current wxh=1080x2340 mLargest wxh=0x0
03-25 21:14:54.836 30413 30413 D HardwareRenderer: Set largestWidth and largestHeight as logical resolution. (1080x2340)
03-25 21:14:54.836 30413 30436 D HWUI    : setMaxSurfaceArea requested wxh=(1080,2340) requestedSurfaceArea(2527200) mMaxSurfaceArea(2073600)
03-25 21:14:54.836 30413 30436 D NativeCustomFrequencyManager: [NativeCFMS] BpCustomFrequencyManager::BpCustomFrequencyManager()
03-25 21:14:54.836  2435  3279 I BroadcastQueue: BOOT_COMPLETED_BROADCAST_COMPLETION_LATENCY_REPORTED action:android.intent.action.BOOT_COMPLETED dispatchLatency:1 completeLatency:133 dispatchRealLatency:0 completeRealLatency:132 receiversSize:1 userId:0 userType:android.os.usertype.full.SYSTEM
03-25 21:14:54.836  2435  3088 D MdnieScenarioControlService:  packageName : com.ashutosh.mindfultennis    className : com.ashutosh.mindfultennis.MainActivity
03-25 21:14:54.837  2435  3088 V MdnieScenarioControlService: setUIMode from UI function(3)
03-25 21:14:54.838  2435  3812 D InputTransport: Input channel constructed: 'ae26aa3', fd=1271
03-25 21:14:54.838  2435  3812 D InputTransport: Input channel constructed: 'ae26aa3', fd=1272
03-25 21:14:54.838  2435  3812 D InputTransport: Input channel constructed: 'ae26aa3', fd=1276
03-25 21:14:54.838  2435  3812 D InputTransport: Input channel destroyed: 'ae26aa3', fd=1272
03-25 21:14:54.839  1647  3915 I SurfaceFlinger: id=17713 createSurf, flag=84004, ae26aa3 com.ashutosh.mindfultennis/com.ashutosh.mindfultennis.MainActivity#17713
03-25 21:14:54.839  2435  3812 D RestrictionPolicy: isScreenCaptureEnabled : ret=true userId=0
03-25 21:14:54.839  1647  1647 I SurfaceFlinger: [ae26aa3 com.ashutosh.mindfultennis/com.ashutosh.mindfultennis.MainActivity#17713] attach to parent LayerHierarchy{RequestedLayerState{ActivityRecord{98954802 u0 com.ashutosh.mindfultennis/.MainActivity t10768}#17705 parentId=17704} 3 children}
03-25 21:14:54.839  2435  3812 D RestrictionPolicy: isScreenCaptureEnabled : ret=true userId=0
03-25 21:14:54.840  2435  3812 D InputTransport: Input channel destroyed: 'ae26aa3', fd=1276
03-25 21:14:54.840 30413 30413 D InputTransport: Input channel constructed: 'ae26aa3', fd=140
03-25 21:14:54.840 30413 30413 I InsetsController: onStateChanged: host=com.ashutosh.mindfultennis/com.ashutosh.mindfultennis.MainActivity, from=android.view.ViewRootImpl.onInsetsStateChanged:3026, state=InsetsState: {mDisplayFrame=Rect(0, 0 - 1080, 2340), mDisplayCutout=DisplayCutout{insets=Rect(0, 81 - 0, 0) waterfall=Insets{left=0, top=0, right=0, bottom=0} boundingRect={Bounds=[Rect(0, 0 - 0, 0), Rect(512, 0 - 568, 81), Rect(0, 0 - 0, 0), Rect(0, 0 - 0, 0)]} cutoutPathParserInfo={CutoutPathParserInfo{displayWidth=1080 displayHeight=2340 physicalDisplayWidth=1080 physicalDisplayHeight=2340 density={3.0} cutoutSpec={M 0,0 H -9.333333333333333 V 27 H 9.333333333333333 V 0 H 0 Z @dp} rotation={0} scale={1.0} physicalPixelDisplaySizeRatio={1.0}}} sideOverrides={}}, mRoundedCorners=RoundedCorners{[RoundedCorner{position=TopLeft, radius=102, center=Point(102, 102)}, RoundedCorner{position=TopRight, radius=102, center=Point(978, 102)}, RoundedCorner{position=BottomRight, radius=102, center=Point(978, 2238)}, RoundedCorner{position=BottomLeft, radius=102, center=Point(102, 2238)}]}  mRoundedCornerFrame=Rect(0, 0 - 1080, 2340), mPrivacyIndicatorBounds=PrivacyIndicatorBounds {static bounds=Rect(948, 0 - 1080, 81) rotation=0}, mDisplayShape=DisplayShape{ spec=-311912193 displayWidth=1080 displayHeight=2340 physicalPixelDisplaySizeRatio=1.0 rotation=0 offsetX=0 offsetY=0 scale=1.0}, mSources= { InsetsSource: {f5de0001 mType=navigationBars mFrame=[0,2295][1080,2340] mVisible=true mFlags=SUPPRESS_SCRIM mSideHint=BOTTOM mBoundingRects=null}, InsetsSource: {f5de0004 mType=systemGestures mFrame=[0,0][90,2340] mVisible=true mFlags= mSideHint=LEFT mBoundingRects=null}, InsetsSource: {f5de0005 mType=mandatorySystemGestures mFrame=[0,2244][1080,2340] mVisible=true mFlags= mSideHint=BOTTOM mBoundingRects=null}, InsetsSource: {f5de0006 mType=tappableElement mFrame=[0,0][0,0] mVisible=true mFlags= mSideHint=NONE mBoundingRects=null}, InsetsSource: {f5de0024 mType=systemGestures mFrame=[990,0][1080,2340] mVisible=true mFlags= mSideHint=RIGHT mBoundingRects=null}, InsetsSource: {3 mType=ime mFrame=[0,0][0,0] mVisible=false mFlags= mSideHint=NONE mBoundingRects=null}, InsetsSource: {27 mType=displayCutout mFrame=[0,0][1080,81] mVisible=true mFlags= mSideHint=TOP mBoundingRects=null}, InsetsSource: {540a0000 mType=statusBars mFrame=[0,0][1080,81] mVisible=true mFlags= mSideHint=TOP mBoundingRects=null}, InsetsSource: {540a0005 mType=mandatorySystemGestures mFrame=[0,0][1080,117] mVisible=true mFlags= mSideHint=TOP mBoundingRects=null}, InsetsSource: {540a0006 mType=tappableElement mFrame=[0,0][1080,81] mVisible=true mFlags= mSideHint=TOP mBoundingRects=null} }
03-25 21:14:54.841 30413 30413 I VRI[MainActivity]@8ec4b6f: synced displayState. AttachInfo displayState=2
03-25 21:14:54.841 30413 30413 I VRI[MainActivity]@8ec4b6f: setView = com.android.internal.policy.DecorView@91c3967 IsHRR=false mFlingFrameRateChange=0 TM=true
03-25 21:14:54.841 30413 30413 I IDS_TAG : Starting IDS observe window
03-25 21:14:54.842 30413 30450 D WM-ConstraintTracker: k: initial state = NetworkState(isConnected=true, isValidated=true, isMetered=false, isNotRoaming=true)
03-25 21:14:54.842 30413 30450 D WM-NetworkStateTracker: Registering network callback
03-25 21:14:54.842 30413 30450 D ConnectivityManager: StackLog: [android.net.ConnectivityManager.sendRequestForNetwork(ConnectivityManager.java:4744)] [android.net.ConnectivityManager.registerDefaultNetworkCallbackForUid(ConnectivityManager.java:5469)] [android.net.ConnectivityManager.registerDefaultNetworkCallback(ConnectivityManager.java:5436)] [android.net.ConnectivityManager.registerDefaultNetworkCallback(ConnectivityManager.java:5410)] [G0.k.c(Unknown Source:27)] [F0.a.invokeSuspend(Unknown Source:105)] [F0.a.invoke(Unknown Source:12)] [f3.d.f(Unknown Source:2)] [f3.b.f(Unknown Source:58)] [g3.f.invokeSuspend(Unknown Source:32)] [x1.a.resumeWith(Unknown Source:7)] [c3.U.run(Unknown Source:114)] [J0.p$a.run(Unknown Source:2)] [java.util.concurrent.ThreadPoolExecutor.runWorker(ThreadPoolExecutor.java:1154)] [java.util.concurrent.ThreadPoolExecutor$Worker.run(ThreadPoolExecutor.java:652)] [java.lang.Thread.run(Thread.java:1564)]
03-25 21:14:54.842 30413 30413 I IDS_TAG : Getting Shared Preference for com.ashutosh.mindfultennis.MindfulTennisApp@a945b57 uid = 10261
03-25 21:14:54.843 30413 30413 I IDS_TAG : App com.ashutosh.mindfultennis.MindfulTennisApp@a945b57 has not finished training
03-25 21:14:54.844 30413 30413 I IDS_TAG : Closing IDS observe window
03-25 21:14:54.844 30413 30413 I IDS_TAG : Getting Shared Preference for com.ashutosh.mindfultennis.MindfulTennisApp@a945b57 uid = 10261
03-25 21:14:54.844 30413 30413 I IDS_TAG : IDS count updated to 4 for com.ashutosh.mindfultennis.MindfulTennisApp@a945b57
03-25 21:14:54.844  2435  3279 D ConnectivityService: requestNetwork for uid/pid:10261/30413 activeRequest: null callbackRequest: 5821 [NetworkRequest [ REQUEST id=5822, [ Capabilities: INTERNET&NOT_RESTRICTED&TRUSTED&NOT_VCN_MANAGED&NOT_BANDWIDTH_CONSTRAINED Uid: 10261 RequestorUid: 10261 RequestorPkg: com.ashutosh.mindfultennis UnderlyingNetworks: Null] ]] callback flags: 0 order: 2147483647 isUidTracked: false declaredMethods: AVAIL|LOST|NC
03-25 21:14:54.844  2435  2594 D AnalyticsContainerHandler: handleMessage : { when=0 what=1 target=com.android.server.knox.KnoxAnalyticsContainer$AnalyticsHandler }
03-25 21:14:54.844  2435  2594 D AnalyticsContainerHandler: handleMessage : { when=0 what=2 target=com.android.server.knox.KnoxAnalyticsContainer$AnalyticsHandler }
03-25 21:14:54.845  2435  3279 D CoreBackPreview: Window{ae26aa3 u0 com.ashutosh.mindfultennis/com.ashutosh.mindfultennis.MainActivity}: Setting back callback OnBackInvokedCallbackInfo{mCallback=android.window.IOnBackInvokedCallback$Stub$Proxy@100411e, mPriority=-1, mIsAnimationCallback=false, mOverrideBehavior=0}
03-25 21:14:54.845  2435  3075 D ConnectivityService:    accepting network in place of null for NetworkRequest [ REQUEST id=5822, [ Capabilities: INTERNET&NOT_RESTRICTED&TRUSTED&NOT_VCN_MANAGED&NOT_BANDWIDTH_CONSTRAINED Uid: 10261 RequestorUid: 10261 RequestorPkg: com.ashutosh.mindfultennis UnderlyingNetworks: Null] ]
03-25 21:14:54.845 30413 30450 D WM-PackageManagerHelper: Skipping component enablement for androidx.work.impl.background.systemalarm.RescheduleReceiver
03-25 21:14:54.845 30413 30450 D WM-GreedyScheduler: Constraints met: Scheduling work ID WorkGenerationalId(workSpecId=8a9f1c53-e137-4264-acaa-617c0f8e2e81, generation=0)
