--------- beginning of main
03-25 21:14:54.173 12974 12991 E AudioPathHelper: (Berry)(1.15)handleAudioPathTask() : can't get dual play mode - Attempt to invoke virtual method 'boolean android.bluetooth.BluetoothA2dp.semIsDualPlayMode()' on a null object reference
03-25 21:14:54.320  2435  4293 I NSLocationMonitor: getGPSUsingApps() called
03-25 21:14:54.321  4264  4292 I NSLocationManager_FLP: getGPSUsingApps, No change
03-25 21:14:54.325  2435  4293 W Binder  : Outgoing transactions from this process must be FLAG_ONEWAY
03-25 21:14:54.325  2435  4293 W Binder  : java.lang.Throwable
03-25 21:14:54.325  2435  4293 W Binder  : 	at android.os.BinderProxy.transact(BinderProxy.java:566)
03-25 21:14:54.325  2435  4293 W Binder  : 	at android.bluetooth.IBluetoothGatt$Stub$Proxy.getAdvertisingSetUids(IBluetoothGatt.java:1678)
03-25 21:14:54.325  2435  4293 W Binder  : 	at android.bluetooth.BluetoothAdapter.getAdvertisingSetUids(BluetoothAdapter.java:8476)
03-25 21:14:54.325  2435  4293 W Binder  : 	at android.bluetooth.BluetoothAdapter.getHWUsingApps(BluetoothAdapter.java:1342)
03-25 21:14:54.325  2435  4293 W Binder  : 	at com.android.server.am.mars.filter.filter.BlueToothConnectedFilter.updateBTUsingPackages(qb/105358442 b1dbd757085fb3a156fc5d68fc3bdbcc0792d9c6f52aa5c6cd583d9e8d32ef10:22)
03-25 21:14:54.325  2435  4293 W Binder  : 	at com.android.server.am.FreecessController.freeze(qb/105358442 b1dbd757085fb3a156fc5d68fc3bdbcc0792d9c6f52aa5c6cd583d9e8d32ef10:117)
03-25 21:14:54.325  2435  4293 W Binder  : 	at com.android.server.am.FreecessHandler$MainHandler.handleLcdOnFreeze(qb/105358442 b1dbd757085fb3a156fc5d68fc3bdbcc0792d9c6f52aa5c6cd583d9e8d32ef10:55)
03-25 21:14:54.325  2435  4293 W Binder  : 	at com.android.server.am.FreecessHandler$MainHandler.handleMessage(qb/105358442 b1dbd757085fb3a156fc5d68fc3bdbcc0792d9c6f52aa5c6cd583d9e8d32ef10:793)
03-25 21:14:54.325  2435  4293 W Binder  : 	at android.os.Handler.dispatchMessage(Handler.java:110)
03-25 21:14:54.325  2435  4293 W Binder  : 	at android.os.Looper.loopOnce(Looper.java:273)
03-25 21:14:54.325  2435  4293 W Binder  : 	at android.os.Looper.loop(Looper.java:363)
03-25 21:14:54.325  2435  4293 W Binder  : 	at android.os.HandlerThread.run(HandlerThread.java:85)
--------- beginning of system
03-25 21:14:54.330  2435  4293 D FreecessHandler: freeze com.whatsapp(10326) result : 12
03-25 21:14:54.462  2435  3211 D NetdEventListenerService: DNS Requested by 109, 10433(com.azure.authenticator), 4(FAIL), isBlocked=true, 0ms
03-25 21:14:54.566  1626  1657 E HeatmapThread: ECT Thread time in milliseconds: 1774453494
03-25 21:14:54.566  1626  1657 D HeatmapThread: !@ batteryplugType : 0
03-25 21:14:54.566  1626  1657 D HeatmapThread: !@ batteryLevel : 0  batteryTemperature : 0 
03-25 21:14:54.566  1626  1657 D HeatmapThread: !@ Heatmap currtime: 29574224
03-25 21:14:54.566  1626  1657 D HeatmapThread: !@ Heatmap prevtime: 29574220
03-25 21:14:54.566  1626  1657 D HeatmapThread: !@ Heatmap plugstarttime: 35791394
03-25 21:14:54.567  1626  1657 D HeatmapThread: !@ Heatmap prevv_dsoh_update_time: 29572991
03-25 21:14:54.567  1626  1657 E HeatmapThread: !@Could not open '/efs/FactoryApp/bsoh', errno = 13
03-25 21:14:54.567  1626  1657 E HeatmapThread: !@ CAM Could not access BSOH EFS
03-25 21:14:54.567  1626  1657 E HeatmapThread: !@ CAM New BSOH: 0
03-25 21:14:54.588  1135  1135 D io_stats: !@   8,0 r 10473379 197709193 w 2724177 39419528 d 732479 22340744 f 0 199498 iot 4287188 0 th 0 0 0 pt 0 inp 0 0 34660.655
03-25 21:14:54.589  1135  1135 D io_stats: !@ Read_top(KB): m.samsung.euicc(30347) 6184 system_server(2435) 5624 m.android.phone(3266) 1744
03-25 21:14:54.589  1135  1135 D io_stats: !@ Write_top(KB): f2fs_ckpt-254:5(1226) 308 m.samsung.euicc(30347) 256 kworker/u16:4(17907) 212
03-25 21:14:54.620  2435  2547 I SemDvfsHyPerManager: acquire hyper - APP_LAUNCH/2435@92, type = -999
03-25 21:14:54.621  1545  1597 I HYPER-HAL: [RequestManager.cpp]acquire(): Acquired ID : 3194220  [2435 / 92]    HINT : APP_LAUNCH    list : 
03-25 21:14:54.622  6001  6001 I SemDvfsHyPerManager: acquire hyper - APP_START_SHORT/6001@19, type = -999
03-25 21:14:54.623  6001  6001 I M0      : limitCPUFreq:: freq = -1
03-25 21:14:54.625  2435  3851 D ActivityTaskManager: startActivityAsUser: callingPid=30405, callingUid=2000, caller=com.android.server.am.ActivityManagerService.startActivityAsUserWithFeature:27 com.android.server.am.ActivityManagerShellCommand.runStartActivity:588 com.android.server.am.ActivityManagerShellCommand.onCommand:2030 com.android.modules.utils.BasicShellCommandHandler.exec:97 android.os.ShellCommand.exec:38 com.android.server.am.ActivityManagerService.onShellCommand:164 android.os.Binder.shellCommand:1187 
03-25 21:14:54.630  2435  3851 W ActivityTaskManager: callingPackage for (uid=2000, pid=30405) has no WPC
03-25 21:14:54.630  2435  3851 D ActivityTaskManager: DesktopModeLaunchParamsModifier: task=null activity=null task null, skipping
03-25 21:14:54.630  2435  3851 D ActivityTaskManager: TaskLaunchParamsModifier:task=null activity=null display-area-from-current-params=null display-area-from-default-fallback=DefaultTaskDisplayArea_d0@245617632 display-id=0 task-display-area-windowing-mode=1 suggested-display-area=DefaultTaskDisplayArea_d0@245617632
03-25 21:14:54.632  1545  1597 I HYPER-HAL: [RequestManager.cpp]acquire(): Acquired ID : 18123229  [6001 / 19]    HINT : APP_START    list : [TIMEOUT / 1500] 
03-25 21:14:54.633  2435  3851 W OptProp : Cannot read opt property android.window.PROPERTY_COMPAT_ALLOW_RESIZEABLE_ACTIVITY_OVERRIDES
03-25 21:14:54.633  2435  3851 W OptProp : Cannot read opt property android.window.PROPERTY_COMPAT_ALLOW_MIN_ASPECT_RATIO_OVERRIDE
03-25 21:14:54.633  1545  1597 I HYPER-HAL: [RequestManager.cpp]releaseLocked(): Released ID : 18027013
03-25 21:14:54.634  2435  3851 D WindowManager: Transition is created, t=TransitionRecord{ff8863d id=-1 type=OPEN flags=0x0}, caller=com.android.server.wm.Transition.<init>:182 com.android.server.wm.TransitionController.createAndStartCollecting:106 com.android.server.wm.ActivityStarter.executeRequest:3606 com.android.server.wm.ActivityStarter.execute:1752 com.android.server.wm.ActivityTaskManagerService.startActivityAsUser:95 
03-25 21:14:54.635  2435  3851 D BLASTSyncEngine: SyncGroup is created, id=1348, name=Transition-OPEN, caller=com.android.server.wm.BLASTSyncEngine$SyncGroup.<init>:52 com.android.server.wm.TransitionController.moveToCollecting:79 com.android.server.wm.TransitionController.createAndStartCollecting:109 com.android.server.wm.ActivityStarter.executeRequest:3606 com.android.server.wm.ActivityStarter.execute:1752 com.android.server.wm.ActivityTaskManagerService.startActivityAsUser:95 com.android.server.am.ActivityManagerService.startActivityAsUserWithFeature:27 
03-25 21:14:54.635  2435  3851 W BLASTSyncEngine: setSyncMethod, id=1348, method=0, caller=com.android.server.wm.TransitionController.moveToCollecting:91 com.android.server.wm.TransitionController.createAndStartCollecting:109 com.android.server.wm.ActivityStarter.executeRequest:3606 
03-25 21:14:54.635  2435  3851 V WindowManager: Start collecting in Transition: TransitionRecord{ff8863d id=1348 type=OPEN flags=0x0}, caller=com.android.server.wm.TransitionController.createAndStartCollecting:109 com.android.server.wm.ActivityStarter.executeRequest:3606 com.android.server.wm.ActivityStarter.execute:1752 com.android.server.wm.ActivityTaskManagerService.startActivityAsUser:95 com.android.server.am.ActivityManagerService.startActivityAsUserWithFeature:27 
03-25 21:14:54.636  2435  3851 V WindowManager: Collecting in transition 1348: ActivityRecord{98954802 u0 com.ashutosh.mindfultennis/.MainActivity, caller=com.android.server.wm.TransitionController.collect:7 com.android.server.wm.ActivityStarter.startActivityUnchecked:98 com.android.server.wm.ActivityStarter.executeRequest:3651 com.android.server.wm.ActivityStarter.execute:1752 com.android.server.wm.ActivityTaskManagerService.startActivityAsUser:95 
03-25 21:14:54.636  2435  3851 D ActivityTaskManager: DesktopModeLaunchParamsModifier: task=null activity=ActivityRecord{98954802 u0 com.ashutosh.mindfultennis/.MainActivity t-1} task null, skipping
03-25 21:14:54.636  2435  3851 D ActivityTaskManager: TaskLaunchParamsModifier:task=null activity=ActivityRecord{98954802 u0 com.ashutosh.mindfultennis/.MainActivity t-1} display-area-from-current-params=null display-area-from-default-fallback=DefaultTaskDisplayArea_d0@245617632 display-id=0 task-display-area-windowing-mode=1 suggested-display-area=DefaultTaskDisplayArea_d0@245617632
03-25 21:14:54.636  2435  3851 D ActivityTaskManager: DesktopModeLaunchParamsModifier: task=null activity=ActivityRecord{98954802 u0 com.ashutosh.mindfultennis/.MainActivity t-1} task null, skipping
03-25 21:14:54.636  2435  3851 D ActivityTaskManager: TaskLaunchParamsModifier:task=null activity=ActivityRecord{98954802 u0 com.ashutosh.mindfultennis/.MainActivity t-1} display-area-from-current-params=null display-area-from-default-fallback=DefaultTaskDisplayArea_d0@245617632 display-id=0 task-display-area-windowing-mode=1 suggested-display-area=DefaultTaskDisplayArea_d0@245617632 non-freeform-task-display-area display-area=DefaultTaskDisplayArea_d0@245617632 default-portrait freeform-size-mismatch=Rect(81, 603 - 999, 1773)
03-25 21:14:54.637  2435  3830 I SemDvfsHyPerManager: acquire hyper - AMS_APP_SWITCH/2435@25, type = -999
03-25 21:14:54.637  2435  3830 D ActivityManagerPerformance: AMP_acquire() APP_SWITCH
03-25 21:14:54.637  1545  1597 I HYPER-HAL: [RequestManager.cpp]acquire(): Acquired ID : 3027055  [2435 / 25]    HINT : AMS_APP_SWITCH    list : 
03-25 21:14:54.638  2435  4293 D FreecessController: restrictJobsByOlaf: restrict=true, uid=10261
03-25 21:14:54.638  6001  6001 I SemDvfsHyPerManager: acquire hyper - APP_START_SHORT/6001@19, type = -999
03-25 21:14:54.639  1647  1773 I SurfaceFlinger: id=17704 createSurf, flag=24004, Task=10768#17704
03-25 21:14:54.641  1545  1597 I HYPER-HAL: [RequestManager.cpp]acquire(): Acquired ID : 18123229  [6001 / 19]    HINT : APP_START    list : [TIMEOUT / 1500] 
03-25 21:14:54.641  2435  2435 D OlafRestriction:  olaf state update: state=true
03-25 21:14:54.641  2435  2435 D OlafRestriction:  sending trigger onRestrictionStateChanged msg.
03-25 21:14:54.642  2435  3851 D ActivityTaskManager: DesktopModeLaunchParamsModifier: task=Task{d00bb7e #10768 type=standard A=10261:com.ashutosh.mindfultennis} activity=ActivityRecord{98954802 u0 com.ashutosh.mindfultennis/.MainActivity t-1} non-desktop, skipping
03-25 21:14:54.642  2435  3851 D ActivityTaskManager: TaskLaunchParamsModifier:task=Task{d00bb7e #10768 type=standard A=10261:com.ashutosh.mindfultennis} activity=ActivityRecord{98954802 u0 com.ashutosh.mindfultennis/.MainActivity t-1} display-from-task=0 display-id=0 task-display-area-windowing-mode=1 suggested-display-area=DefaultTaskDisplayArea_d0@245617632 inherit-from-task=fullscreen non-freeform-task-display-area display-area=DefaultTaskDisplayArea_d0@245617632 default-portrait freeform-size-mismatch=Rect(81, 603 - 999, 1773)
03-25 21:14:54.642  2435  3851 V WindowManager: Collecting in transition 1348: Task{d00bb7e #10768 type=standard A=10261:com.ashutosh.mindfultennis}, caller=com.android.server.wm.Transition.collectExistenceChange:40 com.android.server.wm.ActivityStarter.startActivityInner:293 com.android.server.wm.ActivityStarter.startActivityUnchecked:111 com.android.server.wm.ActivityStarter.executeRequest:3651 com.android.server.wm.ActivityStarter.execute:1752 
03-25 21:14:54.642  2435  3851 W OptProp : Cannot read opt property android.window.PROPERTY_COMPAT_ALLOW_ORIENTATION_OVERRIDE
03-25 21:14:54.643  1647  1773 I SurfaceFlinger: id=17705 createSurf, flag=84004, ActivityRecord{98954802 u0 com.ashutosh.mindfultennis/.MainActivity t10768}#17705
03-25 21:14:54.644  2435  3851 D ActivityTaskManager: scheduleTopResumedActivityChanged, onTop=false, r=ActivityRecord{9024268 u0 com.whatsapp/.home.ui.HomeActivity t10765}, caller=com.android.server.wm.ActivityTaskSupervisor.scheduleTopResumedActivityStateLossIfNeeded:19 com.android.server.wm.ActivityTaskSupervisor.updateTopResumedActivityIfNeeded:20 com.android.server.wm.TaskDisplayArea.positionChildAt:252 com.android.server.wm.Task.moveToFront:40 com.android.server.wm.ActivityStarter.startActivityInner:315 com.android.server.wm.ActivityStarter.startActivityUnchecked:111 
03-25 21:14:54.644  2435  3851 V WindowManager: Checking theme of starting window: 0x7f0d0009
03-25 21:14:54.644  2435  3851 V WindowManager: Translucent=false Floating=false ShowWallpaper=false Disable=false
03-25 21:14:54.644  2435  3851 D ActivityTaskManager: addStartingWindow: type=2 typeParameter=8b
03-25 21:14:54.644  2435  3851 V WindowManager: Creating SplashScreenStartingData
03-25 21:14:54.644  2435  3851 V WindowManager: Add starting ActivityRecord{98954802 u0 com.ashutosh.mindfultennis/.MainActivity t10768}: startingData=SplashScreenStartingData{baec92c removeAfterTransaction= 0}
03-25 21:14:54.645  2435  3851 V WindowManager: Added starting ActivityRecord{98954802 u0 com.ashutosh.mindfultennis/.MainActivity t10768}: startingWindow=null startingView=com.android.server.wm.StartingSurfaceController$StartingSurface@ebf3ff5
03-25 21:14:54.648  2435  3851 V WindowManager: Collecting in transition 1348: ActivityRecord{98954802 u0 com.ashutosh.mindfultennis/.MainActivity t10768}, caller=com.android.server.wm.Transition.collectExistenceChange:40 com.android.server.wm.ActivityStarter.handleStartResult:761 com.android.server.wm.ActivityStarter.startActivityUnchecked:124 com.android.server.wm.ActivityStarter.executeRequest:3651 com.android.server.wm.ActivityStarter.execute:1752 
03-25 21:14:54.648  2435  3851 V WindowManager: Requesting StartTransition: TransitionRecord{ff8863d id=1348 type=OPEN flags=0x0 c=[
03-25 21:14:54.648  2435  3851 V WindowManager:    ChangeInfo{fd0b3fb container=Display{#0 state=ON size=1080x2340 ROTATION_0} flags=0x0}
03-25 21:14:54.648  2435  3851 V WindowManager:    ChangeInfo{1d54c18 container=ActivityRecord{98954802 u0 com.ashutosh.mindfultennis/.MainActivity t10768} flags=0x0}
03-25 21:14:54.648  2435  3851 V WindowManager:    ChangeInfo{790e671 container=Task{d00bb7e #10768 type=standard A=10261:com.ashutosh.mindfultennis} flags=0x0}
03-25 21:14:54.648  2435  3851 V WindowManager:    ChangeInfo{b4ebc56 container=DefaultTaskDisplayArea_d0@245617632 flags=0x0}
03-25 21:14:54.648  2435  3851 V WindowManager: ]
03-25 21:14:54.648  2435  3851 V WindowManager: }, caller=com.android.server.wm.ActivityStarter.handleStartResult:982 com.android.server.wm.ActivityStarter.startActivityUnchecked:124 com.android.server.wm.ActivityStarter.executeRequest:3651 com.android.server.wm.ActivityStarter.execute:1752 com.android.server.wm.ActivityTaskManagerService.startActivityAsUser:95 
03-25 21:14:54.649  2435  3851 I Pageboost: stop alp
03-25 21:14:54.649  2435  3851 I ActivityTaskManager: START u0 {flg=0x10000000 xflg=0x5 cmp=com.ashutosh.mindfultennis/.MainActivity} with LAUNCH_MULTIPLE from uid 2000 (BAL_ALLOW_PERMISSION) result code=0
03-25 21:14:54.649  2435  3851 I SemDvfsHyPerManager: acquire hyper - AMS_APP_LAUNCH/2435@22, type = -999
03-25 21:14:54.651  6001  6001 I SemDvfsHyPerManager: acquire hyper - APP_START/6001@21, type = -999
03-25 21:14:54.651  1545  1597 I HYPER-HAL: [RequestManager.cpp]acquire(): Acquired ID : 3019675  [2435 / 22]    HINT : AMS_APP_LAUNCH    list : 
03-25 21:14:54.652  3292  3386 V WindowManagerShell: Transition requested (#1348): android.os.BinderProxy@e21330 TransitionRequestInfo { type = OPEN, triggerTask = TaskInfo{userId=0 taskId=10768 effectiveUid=10261 displayId=0 isRunning=true baseIntent=Intent { flg=0x10000000 cmp=com.ashutosh.mindfultennis/.MainActivity } baseActivity=ComponentInfo{com.ashutosh.mindfultennis/com.ashutosh.mindfultennis.MainActivity} topActivity=ComponentInfo{com.ashutosh.mindfultennis/com.ashutosh.mindfultennis.MainActivity} origActivity=null realActivity=ComponentInfo{com.ashutosh.mindfultennis/com.ashutosh.mindfultennis.MainActivity} numActivities=1 lastActiveTime=74029210 supportsMultiWindow=true resizeMode=1 isResizeable=true minWidth=-1 minHeight=-1 maxWidth=-1 maxHeight=-1 defaultMinSize=220 desktopDefaultMinSize=304 token=WCT{android.window.IWindowContainerToken$Stub$Proxy@93afba9} topActivityType=1 pictureInPictureParams=null shouldDockBigOverlays=false launchIntoPipHostTaskId=-1 lastParentTaskIdBeforePip=-1 displayCutoutSafeInsets=Rect(0, 81 - 0, 0) topActivityInfo=ActivityInfo{480d52e com.ashutosh.mindfultennis.MainActivity} launchCookies=[] positionInParent=Point(0, 0) parentTaskId=-1 isFocused=false isVisible=false isVisibleRequested=false isTopActivityNoDisplay=false isSleeping=false locusId=null displayAreaFeatureId=1 isTopActivityTransparent=false isActivityStackTransparent=false lastNonFullscreenBounds=Rect(81, 603 - 999, 1773) capturedLink=null capturedLinkTimestamp=0 requestedVisibleTypes=-9 topActivityRequestOpenInBrowserEducationTimestamp=0 appCompatTaskInfo=AppCompatTaskInfo { topActivityInSizeCompat=false eligibleForLetterboxEducation= false isLetterboxEducationEnabled= false isLetterboxDoubleTapEnabled= false eligibleForUserAspectRatioButton= false topActivityBoundsLetterboxed= false isFromLetterboxDoubleTap= false topActivityLetterboxVerticalPosition= -1 topActivityLetterboxHorizontalPosition= -1 topActivityLetterboxWidth=-1 topActivityLetterboxHeight=-1 topActivityAppBounds=Rect(0, 0 - 1080, 2340) isUserFullscreenOverrideEnabled=false isSystemFullscreenOverrideEnabled=false hasMinAspectRatioOverride=false topActivityLetterboxBounds=null cameraCompatTaskInfo=CameraCompatTaskInfo { freeformCameraCompatMode=inactive} topActivityBounds=null topActivityInDisplayCompat=false singleTapFromLetterbox=false} topActivityMainWindowFrame=null originallySupportedMultiWindow=true hasWallpaper=false rootAffinity=10261:com.ashutosh.mindfultennis isTopTaskInStage=false CoverLauncherWidgetTask=false LaunchedFromAppsCoverLauncherTask=false LaunchedFromMultistarCoverLauncherTask=false isAllowedSeamlessRotation=false isTopTransparentActivity=false isAliasManaged=false hasConfigChanged=false snappingGuideBounds=null isAiKeyRemoveAppTask=false lastDesktopWindowingBounds=null lastExternalDesktopWindowingBounds=null safeCutoutInsets=null}, pipChange = null, remoteTransition = null, displayChange = null, flags = 0, debugId = 1348 }
03-25 21:14:54.653  3292  3386 V ShellDesktopMode: DesktopTasksController: isDesktopModeShowing: hasVisibleTasks=false hasTopTransparentFullscreenTask=false
03-25 21:14:54.655  1647  1893 I VSyncReactor: Current= 60, Period= 60, hwcPeriod= 60
03-25 21:14:54.655  3292  3386 V ShellDesktopMode: DesktopTasksController: isDesktopModeShowing: hasVisibleTasks=false hasTopTransparentFullscreenTask=false
03-25 21:14:54.656  3292  3386 D ShellSplitScreen: logExit: no-op, mLoggerSessionId is null
03-25 21:14:54.656  3292  3386 D ShellDesktopMode: handleRequest: TransitionRequestInfo {type=1, tid=10768, debugId=1348}
03-25 21:14:54.656  1545  1597 I HYPER-HAL: [RequestManager.cpp]acquire(): Acquired ID : 18135274  [6001 / 21]    HINT : APP_START    list : 
03-25 21:14:54.656  2435  3851 I AppsFilter: interaction: PackageSetting{ac6bb99 io.appium.uiautomator2.server.test/10504} -> PackageSetting{c30f13a com.ashutosh.mindfultennis/10261} BLOCKED
03-25 21:14:54.656  2435  3851 I AppsFilter: interaction: PackageSetting{50b123f io.appium.uiautomator2.server/10503} -> PackageSetting{c30f13a com.ashutosh.mindfultennis/10261} BLOCKED
03-25 21:14:54.657  3292  3386 V ShellDesktopMode: DesktopTasksController: handleFullscreenTaskLaunch
03-25 21:14:54.657  3292  3386 V ShellDesktopMode: DesktopTasksController: isDesktopModeShowing: hasVisibleTasks=false hasTopTransparentFullscreenTask=false
03-25 21:14:54.657  4309  4309 E pageboostd: Received HALT command code 2
03-25 21:14:54.657  3292  3386 V ShellDesktopMode: DesktopTasksController: handleRequest result=null
03-25 21:14:54.658  2435  3851 V WindowManager: Checking theme of starting window: 0x7f0d0009
03-25 21:14:54.658  2435  3851 V WindowManager: Translucent=false Floating=false ShowWallpaper=false Disable=false
03-25 21:14:54.658  2435  3851 V WindowManager: Collecting in transition 1348: ActivityRecord{98954802 u0 com.ashutosh.mindfultennis/.MainActivity t10768}, caller=com.android.server.wm.TransitionController.collect:7 com.android.server.wm.ActivityRecord.setVisibility:132 com.android.server.wm.EnsureActivitiesVisibleHelper.process:459 com.android.server.wm.TaskFragment.updateActivityVisibilities:12 com.android.server.wm.Task$$ExternalSyntheticLambda37.accept:37 
03-25 21:14:54.658  2435  3851 V WindowManager: Collecting in transition 1348: ActivityRecord{9024268 u0 com.whatsapp/.home.ui.HomeActivity t10765}, caller=com.android.server.wm.TransitionController.collect:7 com.android.server.wm.ActivityRecord.setVisibility:132 com.android.server.wm.ActivityRecord.makeInvisible:32 com.android.server.wm.EnsureActivitiesVisibleHelper.process:542 com.android.server.wm.TaskFragment.updateActivityVisibilities:12 
03-25 21:14:54.658  2435  3851 D WindowManager: prepareSync <SYNC_STATE_WAITING_FOR_DRAW>, mPrepareSyncSeqId=0, win=Window{5d3ac17 u0 com.whatsapp/com.whatsapp.home.ui.HomeActivity}
03-25 21:14:54.659  2435  3851 D SurfaceControl: restrictHighRefreshRate, enabled=false
03-25 21:14:54.659  1647  3915 I SurfaceFlinger: HRR : 0
03-25 21:14:54.660  2435  3481 V WindowManager: Starting Transition 1348, caller=com.android.server.wm.WindowOrganizerController.startTransition:47 com.android.server.wm.WindowOrganizerController.startTransition:1 android.window.IWindowOrganizerController$Stub.onTransact:259 
03-25 21:14:54.661  3786  3954 I HoneySpace.TopTaskSource: onTaskMovedToFront : taskId = 10768, displayId = 0
03-25 21:14:54.662  2435  3004 V InputMethodManagerService: Checking com.google.android.tts/com.google.android.apps.speech.tts.googletts.settings.asr.voiceime.VoiceInputMethodService
03-25 21:14:54.662  3786  3956 I HoneySpace.TopTaskUseCase: topTasks 10768 ComponentInfo{com.ashutosh.mindfultennis/com.ashutosh.mindfultennis.MainActivity}[displayId=0]
03-25 21:14:54.664  2435  3004 V InputMethodManagerService: Found an input method InputMethodInfo{com.google.android.tts/com.google.android.apps.speech.tts.googletts.settings.asr.voiceime.VoiceInputMethodService, settings: com.google.android.apps.speech.tts.googletts.settings.asr.voiceime.ui.VoiceImeSettingsActivity, languageSettings: null}
03-25 21:14:54.664  2435  3004 V InputMethodManagerService: Checking com.samsung.android.honeyboard/.service.HoneyBoardService
03-25 21:14:54.664  1647  1647 I SurfaceFlinger: [Display 0 name="Built-in Screen"#49] setFrameRateCategory: High
03-25 21:14:54.664  1647  1647 I SurfaceFlinger: [Task=10768#17704] attach to parent LayerHierarchy{RequestedLayerState{DefaultTaskDisplayArea_d0#10 parentId=9} 16 children}
03-25 21:14:54.664  1647  1647 I SurfaceFlinger: [ActivityRecord{98954802 u0 com.ashutosh.mindfultennis/.MainActivity t10768}#17705] attach to parent LayerHierarchy{RequestedLayerState{Task=10768#17704 parentId=10} 1 children}
03-25 21:14:54.665  2435  2529 D SGM:FgCheckThread: notePauseComponent(), received pkgName: com.whatsapp, userId: 0
03-25 21:14:54.666  2435  3128 I CocktailBarManagerServiceContainer: handleMessage: entry what = 6
03-25 21:14:54.666  2435  3128 I CocktailBarManagerServiceImpl: notePauseComponent : no active host
03-25 21:14:54.666  2435  2529 W ProcessStats: Tracking association SourceState{33b9594 com.google.android.gms.persistent/10238 BTop #149443} whose proc state 2 is better than process ProcessState{55a7492 com.google.android.adservices.api/10409 pkg=com.google.android.adservices.api} proc state 4 (55 skipped)
03-25 21:14:54.667  2435  2529 I DisplayDeviceRepository: Display device changed render timings: "Built-in Screen", renderFrameRate=60.000004, presentationDeadlineNanos=17666666, appVsyncOffsetNanos=16666666, frameRateOverrides=[{uid=10038 frameRateHz=60.000004}, {uid=10326 frameRateHz=60.000004}]
03-25 21:14:54.669  2435  3004 V InputMethodManagerService: Found an input method InputMethodInfo{com.samsung.android.honeyboard/.service.HoneyBoardService, settings: com.samsung.android.honeyboard.settings.common.HoneyBoardSettingsActivity, languageSettings: null}
03-25 21:14:54.669  2435  3004 V InputMethodManagerService: Checking com.samsung.android.honeyboard/com.samsung.android.writingtoolkit.service.FakeHoneyBoardService
03-25 21:14:54.669  5273  5296 V OsAgent : broadcastSystemEvent - 7
03-25 21:14:54.669  2435  3004 V InputMethodManagerService: Found an input method InputMethodInfo{com.samsung.android.honeyboard/com.samsung.android.writingtoolkit.service.FakeHoneyBoardService, settings: null, languageSettings: null}
03-25 21:14:54.669  2435  3004 V InputMethodManagerService: Checking com.google.android.inputmethod.japanese/.MozcService
03-25 21:14:54.670  2435  3004 V InputMethodManagerService: Found an input method InputMethodInfo{com.google.android.inputmethod.japanese/.MozcService, settings: com.google.android.apps.inputmethod.japanese.preference.SettingsActivity, languageSettings: null}
03-25 21:14:54.670  2435  3137 D BackgroundInstallControlService: Package event received: 0
03-25 21:14:54.670  2435  3004 V InputMethodManagerService: Checking com.samsung.android.bixby.service/.dictation.DictationInputMethodService
03-25 21:14:54.671  3292  3292 D DisplayLifecycle: updateDisplay id = 0
03-25 21:14:54.671  2435  3004 V InputMethodManagerService: Found an input method InputMethodInfo{com.samsung.android.bixby.service/.dictation.DictationInputMethodService, settings: null, languageSettings: null}
03-25 21:14:54.671  3786 22008 I HoneySpace.RecentTasks: onRecentTasksChanged
03-25 21:14:54.671  2435  3004 V InputMethodManagerService: Checking com.snapchat.android/com.snap.keyboard.lib.SnapKeyboardIME
03-25 21:14:54.671  2435  3851 D WifiDisplayAdapter: isFitToActiveDisplayLocked : false
03-25 21:14:54.672  3292  3447 D StackScroller: onDisplayChanged for predraw skip to 2
03-25 21:14:54.672  2435  3004 V InputMethodManagerService: Found an input method InputMethodInfo{com.snapchat.android/com.snap.keyboard.lib.SnapKeyboardIME, settings: com.snap.keyboard.lib.rkr.simplekeyboard.inputmethod.latin.settings.SettingsActivity, languageSettings: null}
03-25 21:14:54.672  2435  3004 V InputMethodManagerService: --- re-buildInputMethodList reset = false 
03-25 21:14:54.672  2435  3004 V InputMethodManagerService:  ------ caller=com.android.server.inputmethod.InputMethodManagerService$MyPackageMonitor.onFinishPackageChanges:399 com.android.internal.content.PackageMonitor.doHandlePackageEvent:596 com.android.internal.content.PackageMonitor.lambda$postHandlePackageEvent$0:435 com.android.internal.content.PackageMonitor.$r8$lambda$bSKEInwdT6Kd7GAyzMZPsXTTqeQ:0 com.android.internal.content.PackageMonitor$$ExternalSyntheticLambda0.run:0 android.os.Handler.handleCallback:995 android.os.Handler.dispatchMessage:103 android.os.Looper.loopOnce:273 android.os.Looper.loop:363 android.os.HandlerThread.run:85 
03-25 21:14:54.672  3292  3437 D ViewRootImpl: desktopMode is false
03-25 21:14:54.673  3292  3437 I ViewRootImpl: dVRR is disabled
03-25 21:14:54.673  3292  3491 D NativeCustomFrequencyManager: [NativeCFMS] BpCustomFrequencyManager::BpCustomFrequencyManager()
03-25 21:14:54.675  2435  3851 D InputTransport: Input channel constructed: 'bd02a6a', fd=1218
03-25 21:14:54.675  2435  3851 D InputTransport: Input channel constructed: 'bd02a6a', fd=1221
03-25 21:14:54.675  2435  3851 D InputTransport: Input channel constructed: 'bd02a6a', fd=1222
03-25 21:14:54.675  2435  3851 D InputTransport: Input channel destroyed: 'bd02a6a', fd=1221
03-25 21:14:54.675  2435  3851 D WindowManager: prepareSync <SYNC_STATE_WAITING_FOR_DRAW>, mPrepareSyncSeqId=0, win=Window{bd02a6a u0 Splash Screen com.ashutosh.mindfultennis}
03-25 21:14:54.676  1647  3915 I SurfaceFlinger: id=17706 createSurf, flag=84004, bd02a6a Splash Screen com.ashutosh.mindfultennis#17706
03-25 21:14:54.676  2435  3851 D RestrictionPolicy: isScreenCaptureEnabled : ret=true userId=0
03-25 21:14:54.676  2435  3851 V WindowManager: addWindow: ActivityRecord{98954802 u0 com.ashutosh.mindfultennis/.MainActivity t10768} startingWindow=Window{bd02a6a u0 Splash Screen com.ashutosh.mindfultennis}
03-25 21:14:54.677  2435  3851 V WindowManager: rotationForOrientation(orient=SCREEN_ORIENTATION_UNSPECIFIED (-1), last=ROTATION_0 (0)); user=ROTATION_90 (1) 
03-25 21:14:54.677  2435  3851 D WindowManager: rotationForOrientation, orientationSource=ActivityRecord{98954802 u0 com.ashutosh.mindfultennis/.MainActivity t10768}
03-25 21:14:54.677  2435  3851 D InputTransport: Input channel destroyed: 'bd02a6a', fd=1222
03-25 21:14:54.678  1467  1467 D Zygote  : Forked child process 30413
03-25 21:14:54.678  3292  3437 D InputTransport: Input channel constructed: 'bd02a6a', fd=683
03-25 21:14:54.678  3292  3437 I InsetsController: onStateChanged: host=Splash Screen com.ashutosh.mindfultennis, from=android.view.ViewRootImpl.onInsetsStateChanged:3026, state=InsetsState: {mDisplayFrame=Rect(0, 0 - 1080, 2340), mDisplayCutout=DisplayCutout{insets=Rect(0, 81 - 0, 0) waterfall=Insets{left=0, top=0, right=0, bottom=0} boundingRect={Bounds=[Rect(0, 0 - 0, 0), Rect(512, 0 - 568, 81), Rect(0, 0 - 0, 0), Rect(0, 0 - 0, 0)]} cutoutPathParserInfo={CutoutPathParserInfo{displayWidth=1080 displayHeight=2340 physicalDisplayWidth=1080 physicalDisplayHeight=2340 density={3.0} cutoutSpec={M 0,0 H -9.333333333333333 V 27 H 9.333333333333333 V 0 H 0 Z @dp} rotation={0} scale={1.0} physicalPixelDisplaySizeRatio={1.0}}} sideOverrides={}}, mRoundedCorners=RoundedCorners{[RoundedCorner{position=TopLeft, radius=102, center=Point(102, 102)}, RoundedCorner{position=TopRight, radius=102, center=Point(978, 102)}, RoundedCorner{position=BottomRight, radius=102, center=Point(978, 2238)}, RoundedCorner{position=BottomLeft, radius=102, center=Point(102, 2238)}]}  mRoundedCornerFrame=Rect(0, 0 - 1080, 2340), mPrivacyIndicatorBounds=PrivacyIndicatorBounds {static bounds=Rect(948, 0 - 1080, 81) rotation=0}, mDisplayShape=DisplayShape{ spec=-311912193 displayWidth=1080 displayHeight=2340 physicalPixelDisplaySizeRatio=1.0 rotation=0 offsetX=0 offsetY=0 scale=1.0}, mSources= { InsetsSource: {f5de0001 mType=navigationBars mFrame=[0,2295][1080,2340] mVisible=true mFlags=SUPPRESS_SCRIM mSideHint=BOTTOM mBoundingRects=null}, InsetsSource: {f5de0004 mType=systemGestures mFrame=[0,0][90,2340] mVisible=true mFlags= mSideHint=LEFT mBoundingRects=null}, InsetsSource: {f5de0005 mType=mandatorySystemGestures mFrame=[0,2244][1080,2340] mVisible=true mFlags= mSideHint=BOTTOM mBoundingRects=null}, InsetsSource: {f5de0006 mType=tappableElement mFrame=[0,0][0,0] mVisible=true mFlags= mSideHint=NONE mBoundingRects=null}, InsetsSource: {f5de0024 mType=systemGestures mFrame=[990,0][1080,2340] mVisible=true mFlags= mSideHint=RIGHT mBoundingRects=null}, InsetsSource: {3 mType=ime mFrame=[0,0][0,0] mVisible=false mFlags= mSideHint=NONE mBoundingRects=null}, InsetsSource: {27 mType=displayCutout mFrame=[0,0][1080,81] mVisible=true mFlags= mSideHint=TOP mBoundingRects=null}, InsetsSource: {540a0000 mType=statusBars mFrame=[0,0][1080,81] mVisible=true mFlags= mSideHint=TOP mBoundingRects=null}, InsetsSource: {540a0005 mType=mandatorySystemGestures mFrame=[0,0][1080,117] mVisible=true mFlags= mSideHint=TOP mBoundingRects=null}, InsetsSource: {540a0006 mType=tappableElement mFrame=[0,0][1080,81] mVisible=true mFlags= mSideHint=TOP mBoundingRects=null} }
03-25 21:14:54.678  2435  2548 I ActivityManager: Start proc 30413:com.ashutosh.mindfultennis/u0a261 for next-top-activity {com.ashutosh.mindfultennis/com.ashutosh.mindfultennis.MainActivity}
03-25 21:14:54.678  3292  3437 I VRI[mindfultennis]@d325c: onActiveControlsChanged, removed=false, mAdded=true, caller=android.view.ViewRootImpl.handleInsetsControlChanged:3002 android.view.ViewRootImpl.setView:2014 android.view.WindowManagerGlobal.addView:604 com.android.wm.shell.startingsurface.SplashscreenWindowCreator.addWindow:38 com.android.wm.shell.startingsurface.StartingWindowController$$ExternalSyntheticLambda4.run:1365 
03-25 21:14:54.678  2435  2548 D DynamicHiddenApp_BGProtectManager: [SecIpm] it's a ML_TYPE_EMPTYPROCESS protected process com.ashutosh.mindfultennis
03-25 21:14:54.678  2435  2548 I ActivityManager: ProcessObserver broadcast disabled
03-25 21:14:54.678  3292  3437 I VRI[mindfultennis]@d325c: synced displayState. AttachInfo displayState=2
03-25 21:14:54.678  3292  3437 I VRI[mindfultennis]@d325c: setView = android.widget.FrameLayout@f823463 IsHRR=false mFlingFrameRateChange=0 TM=true
03-25 21:14:54.679  3292  3491 D HWUI    : HWUI - treat SMPTE_170M as sRGB
03-25 21:14:54.679  2435  3004 D InputMethodManagerService: isImeSwitcherDisabledPackage : false
03-25 21:14:54.680  2435  3004 D InputMethodManagerService: shouldShowImeSwitcherLocked : checking vis : 3
03-25 21:14:54.681  1896  7701 I CameraService: onUidStateChanged: uid=10038, procState is changed. (0 -> 1)
03-25 21:14:54.689  1647  1647 I SurfaceFlinger: [bd02a6a Splash Screen com.ashutosh.mindfultennis#17706] attach to parent LayerHierarchy{RequestedLayerState{ActivityRecord{98954802 u0 com.ashutosh.mindfultennis/.MainActivity t10768}#17705 parentId=17704} 1 children}
03-25 21:14:54.690  2435  3851 I WindowManager: Relayout Window{bd02a6a u0 Splash Screen com.ashutosh.mindfultennis}: viewVisibility=0 req=1080x2340 ty=3 d0
03-25 21:14:54.691  1647  3915 I SurfaceFlinger: id=17707 createSurf, flag=44004, Splash Screen com.ashutosh.mindfultennis$_3292#17707
03-25 21:14:54.692 30413 30413 I h.mindfultennis: Using CollectorTypeCMC GC.
03-25 21:14:54.692  2435  3851 D WindowManager: makeSurface duration=1 name=Splash Screen com.ashutosh.mindfultennis$_3292
03-25 21:14:54.693  2435  3481 D InputDispatcher: Focus left window (0): 5d3ac17 com.whatsapp/com.whatsapp.home.ui.HomeActivity
03-25 21:14:54.693  2435  3851 D SurfaceComposerClient: setCornerRadius ## bd02a6a Splash Screen com.ashutosh.mindfultennis#17706 cornerRadius=0.000000
03-25 21:14:54.693  2435  3851 D SurfaceComposerClient: setCornerRadius ## bd02a6a Splash Screen com.ashutosh.mindfultennis#17706 cornerRadius=0.000000
03-25 21:14:54.694  2435  3851 D WindowManager: Changing focus from Window{5d3ac17 u0 com.whatsapp/com.whatsapp.home.ui.HomeActivity} to null displayId=0 Callers=com.android.server.wm.WindowManagerService.relayoutWindow:1350 com.android.server.wm.Session.relayout:27 android.view.IWindowSession$Stub.onTransact:829 com.android.server.wm.Session.onTransact:1 
03-25 21:14:54.694  2435  3851 V SystemKeyManager: updateFocusedWindow() is called, 
03-25 21:14:54.694  2435  3851 I WindowManager: Relayout hash=bd02a6a, pid=3292, syncId=-1: mAttrs={(0,0)(fillxfill) sim={adjust=pan} layoutInDisplayCutoutMode=always ty=APPLICATION_STARTING fmt=TRANSLUCENT wanim=0x1030317
03-25 21:14:54.694  2435  3851 I WindowManager:   fl=81030118
03-25 21:14:54.694  2435  3851 I WindowManager:   pfl=10000810
03-25 21:14:54.694  2435  3851 I WindowManager:   apr=18
03-25 21:14:54.694  2435  3851 I WindowManager:   bhv=1
03-25 21:14:54.694  2435  3851 I WindowManager:   fitSides=0
03-25 21:14:54.694  2435  3851 I WindowManager:   frameRateBoostOnTouch=true
03-25 21:14:54.694  2435  3851 I WindowManager:   dvrrWindowFrameRateHint=true naviIconColor=0}
03-25 21:14:54.695 32594 32594 I ImeFocusController: onPreWindowFocus: skipped hasWindowFocus=false mHasImeFocus=true
03-25 21:14:54.695  3292  3437 I VRI[mindfultennis]@d325c: onActiveControlsChanged, removed=false, mAdded=true, caller=android.view.ViewRootImpl.handleInsetsControlChanged:3002 android.view.ViewRootImpl.relayoutWindow:11629 android.view.ViewRootImpl.performTraversals:4804 android.view.ViewRootImpl.doTraversal:3924 android.view.ViewRootImpl$TraversalRunnable.run:12903 
03-25 21:14:54.695  3292  3437 W libc    : Access denied finding property "vendor.display.enable_optimal_refresh_rate"
03-25 21:14:54.695  3292  3437 I BufferQueueProducer: [](id:cdc00000419,api:0,p:22937600,c:3292) setDequeueTimeout:2077252342
03-25 21:14:54.696  3292  3437 I BLASTBufferQueue_Java: new BLASTBufferQueue, mName= VRI[mindfultennis]@d325c mNativeObject= 0xb4000076f143e1a0 caller= android.view.ViewRootImpl.updateBlastSurfaceIfNeeded:3585 android.view.ViewRootImpl.relayoutWindow:11685 android.view.ViewRootImpl.performTraversals:4804 android.view.ViewRootImpl.doTraversal:3924 android.view.ViewRootImpl$TraversalRunnable.run:12903 android.view.Choreographer$CallbackRecord.run:1901 android.view.Choreographer$CallbackRecord.run:1910 android.view.Choreographer.doCallbacks:1367 android.view.Choreographer.doFrame:1292 android.view.Choreographer$FrameDisplayEventReceiver.run:1870 
03-25 21:14:54.696  3292  3437 I BLASTBufferQueue_Java: update, w= 1080 h= 2340 mName = VRI[mindfultennis]@d325c mNativeObject= 0xb4000076f143e1a0 sc.mNativeObject= 0xb400007741082c50 format= -3 caller= android.view.ViewRootImpl.updateBlastSurfaceIfNeeded:3590 android.view.ViewRootImpl.relayoutWindow:11685 android.view.ViewRootImpl.performTraversals:4804 android.view.ViewRootImpl.doTraversal:3924 android.view.ViewRootImpl$TraversalRunnable.run:12903 android.view.Choreographer$CallbackRecord.run:1901 
03-25 21:14:54.696  3292  3437 W libc    : Access denied finding property "vendor.display.enable_optimal_refresh_rate"
03-25 21:14:54.696  3292  3437 I VRI[mindfultennis]@d325c: Relayout returned: old=(0,0,1080,2340) new=(0,0,1080,2340) relayoutAsync=false req=(1080,2340)0 dur=6 res=0x3 s={true 0xb400007831384df0} ch=true seqId=0
03-25 21:14:54.696 30413 30413 D nativeloader: Load libframework-connectivity-tiramisu-jni.so using APEX ns com_android_tethering for caller /apex/com.android.tethering/javalib/framework-connectivity-t.jar: ok
03-25 21:14:54.696  3292  3437 I VRI[mindfultennis]@d325c: performConfigurationChange setNightDimText nightDimLevel=0
03-25 21:14:54.697 32594 32594 I ImeFocusController: onPostWindowFocus: skipped hasWindowFocus=false mHasImeFocus=true
03-25 21:14:54.697  3292  3437 D VRI[mindfultennis]@d325c: mThreadedRenderer.initialize() mSurface={isValid=true 0xb400007831384df0} hwInitialized=true
03-25 21:14:54.697  3292  3437 D VRI[mindfultennis]@d325c: reportNextDraw android.view.ViewRootImpl.performTraversals:5443 android.view.ViewRootImpl.doTraversal:3924 android.view.ViewRootImpl$TraversalRunnable.run:12903 android.view.Choreographer$CallbackRecord.run:1901 android.view.Choreographer$CallbackRecord.run:1910 
03-25 21:14:54.697  3292  3437 D VRI[mindfultennis]@d325c: Setup new sync=wmsSync-VRI[mindfultennis]@d325c#56
03-25 21:14:54.697  3292  3437 I VRI[mindfultennis]@d325c: Creating new active sync group VRI[mindfultennis]@d325c#57
03-25 21:14:54.698  3292  3437 D VRI[mindfultennis]@d325c: registerCallbacksForSync syncBuffer=false
03-25 21:14:54.698 30413 30413 D ActivityThread: setConscryptValidator
03-25 21:14:54.698 30413 30413 D ActivityThread: setConscryptValidator - put
03-25 21:14:54.700  3292  3487 D VRI[mindfultennis]@d325c: Received frameDrawingCallback syncResult=0 frameNum=1.
03-25 21:14:54.700  3292  3487 I VRI[mindfultennis]@d325c: mWNT: t=0xb4000076e1184790 mBlastBufferQueue=0xb4000076f143e1a0 fn= 1 HdrRenderState mRenderHdrSdrRatio=1.0 caller= android.view.ViewRootImpl$12.onFrameDraw:15441 android.view.ThreadedRenderer$1.onFrameDraw:718 <bottom of call stack> 
03-25 21:14:54.700  3292  3487 I VRI[mindfultennis]@d325c: Setting up sync and frameCommitCallback
03-25 21:14:54.702  3292  3491 I BLASTBufferQueue: [VRI[mindfultennis]@d325c#1049](f:0,a:0,s:0) onFrameAvailable the first frame is available
03-25 21:14:54.702  3292  3491 I SurfaceComposerClient: apply transaction with the first frame. layerId: 17707, bufferData(ID: 14139032346741, frameNumber: 1)
03-25 21:14:54.703  3292  3491 I VRI[mindfultennis]@d325c: Received frameCommittedCallback lastAttemptedDrawFrameNum=1 didProduceBuffer=true
03-25 21:14:54.703  2435  3851 I ActivityManager: Changes in 10261 19 to 2, 0 to 255
03-25 21:14:54.703  3292  3491 D HWUI    : CFMS:: SetUp Pid : 3292    Tid : 3491
03-25 21:14:54.703  1647  3915 I SurfaceFlinger: [Splash Screen com.ashutosh.mindfultennis$_3292#17707] setTransactionState with the first frame. bufferData(ID: 14139032346741, frameNumber: 1)
03-25 21:14:54.703  3292  3437 D VRI[mindfultennis]@d325c: reportDrawFinished seqId=0
03-25 21:14:54.704  2435  3137 D BackgroundInstallControlService: Package event received: 0
03-25 21:14:54.704  2435  2527 D SGM:GameManager: identifyForegroundApp. com.whatsapp, mCurrentUserId: 0, callerUserId: 0
03-25 21:14:54.704  2435  2527 D SGM:SemGameManager: isForegroundGame(), ret=false
03-25 21:14:54.704  2435  2527 D PkgPredictorService-SecIpmManagerServiceImpl: onForegroundActivitiesChanged pid:30413 uid:10261
03-25 21:14:54.705  1647  1647 I SurfaceFlinger: [LayerHierarchy{RequestedLayerState{ImeContainer#15 parentId=17665 relativeParentId=17665 z=1} 1 children}] RelativeParent to null
03-25 21:14:54.705  1647  1647 I SurfaceFlinger: [Splash Screen com.ashutosh.mindfultennis$_3292#17707] attach to parent LayerHierarchy{RequestedLayerState{bd02a6a Splash Screen com.ashutosh.mindfultennis#17706 parentId=17705} 1 children}
03-25 21:14:54.706  2435  3137 D BackgroundInstallControlService: Package event received: 0
03-25 21:14:54.706  1647  1647 I BpBinder: onLastStrongRef automatically unlinking death recipients: 
03-25 21:14:54.706  2435  3481 D WindowManager: finishDrawingWindow: Window{bd02a6a u0 Splash Screen com.ashutosh.mindfultennis} mDrawState=DRAW_PENDING seqId=0
03-25 21:14:54.706  2435  3481 V WindowManager: Finishing drawing window Window{bd02a6a u0 Splash Screen com.ashutosh.mindfultennis}: mDrawState=DRAW_PENDING
03-25 21:14:54.706  2435  3481 V WindowManager: Draw state now committed in Window{bd02a6a u0 Splash Screen com.ashutosh.mindfultennis}
03-25 21:14:54.709  2435  2530 D SurfaceComposerClient: setCornerRadius ## bd02a6a Splash Screen com.ashutosh.mindfultennis#17706 cornerRadius=0.000000
03-25 21:14:54.710  2435  3051 V NetworkPolicy: getFirewallRuleWifi UID:10261 policy:0
03-25 21:14:54.710  2435  2530 D BLASTSyncEngine: SyncGroup 1348: Set ready true, caller=com.android.server.wm.BLASTSyncEngine.setReady:32 com.android.server.wm.Transition.applyReady:54 com.android.server.wm.Transition.setReady:72 com.android.server.wm.TransitionController.setReady:6 com.android.server.wm.DisplayContent.executeAppTransition:4 com.android.server.wm.WindowState.performShowLocked:313 
03-25 21:14:54.710  2435  2530 D SurfaceComposerClient: setCornerRadius ## bd02a6a Splash Screen com.ashutosh.mindfultennis#17706 cornerRadius=0.000000
03-25 21:14:54.710  2435  2530 V WindowManager: SyncGroup 1348: Finished!
03-25 21:14:54.711  2435  2527 D SGM:GameManager: identifyForegroundApp. com.whatsapp, mCurrentUserId: 0, callerUserId: 0
03-25 21:14:54.711  2435  2527 D SGM:SemGameManager: isForegroundGame(), ret=false
03-25 21:14:54.711  2435  2527 D NetworkPolicy: already checked 10261
03-25 21:14:54.711  2435  2530 V WindowManager: performShowLocked: mDrawState=HAS_DRAWN in Window{bd02a6a u0 Splash Screen com.ashutosh.mindfultennis}
03-25 21:14:54.711  2435  2530 D WindowManagerServiceExt: updateTaskbarTargetIfNeeded: cn=ComponentInfo{com.ashutosh.mindfultennis/com.ashutosh.mindfultennis.MainActivity} occludesParent=true isInSplitScreenMode=false
03-25 21:14:54.711  2435  2530 D ChangeTransitionController: onTransactionReady: TransitionRecord{ff8863d id=1348 type=OPEN flags=0x0 c=[
03-25 21:14:54.711  2435  2530 D ChangeTransitionController:    ChangeInfo{c6c1610 container=ActivityRecord{9024268 u0 com.whatsapp/.home.ui.HomeActivity t10765} flags=0x0}
03-25 21:14:54.711  2435  2530 D ChangeTransitionController:    ChangeInfo{fd0b3fb container=Display{#0 state=ON size=1080x2340 ROTATION_0} flags=0x0}
03-25 21:14:54.711  2435  2530 D ChangeTransitionController:    ChangeInfo{1d54c18 container=ActivityRecord{98954802 u0 com.ashutosh.mindfultennis/.MainActivity t10768} flags=0x0}
03-25 21:14:54.711  2435  2530 D ChangeTransitionController:    ChangeInfo{790e671 container=Task{d00bb7e #10768 type=standard A=10261:com.ashutosh.mindfultennis} flags=0x0}
03-25 21:14:54.711  2435  2530 D ChangeTransitionController:    ChangeInfo{91e7509 container=Task{d5c7c73 #10765 type=standard A=10326:com.whatsapp} flags=0x0}
03-25 21:14:54.711  2435  2530 D ChangeTransitionController:    ChangeInfo{b4ebc56 container=DefaultTaskDisplayArea_d0@245617632 flags=0x0}
03-25 21:14:54.711  2435  2530 D ChangeTransitionController: ]
03-25 21:14:54.711  2435  2530 D ChangeTransitionController: }
03-25 21:14:54.711  2435  2530 V WindowManager: Start calculating TransitionInfo based on participants: {ActivityRecord{9024268 u0 com.whatsapp/.home.ui.HomeActivity t10765}, ActivityRecord{98954802 u0 com.ashutosh.mindfultennis/.MainActivity t10768}, Task{d00bb7e #10768 type=standard A=10261:com.ashutosh.mindfultennis}}
03-25 21:14:54.711  2435  2530 V WindowManager:   Final targets: [ChangeInfo{790e671 container=Task{d00bb7e #10768 type=standard A=10261:com.ashutosh.mindfultennis} flags=0x10}, ChangeInfo{91e7509 container=Task{d5c7c73 #10765 type=standard A=10326:com.whatsapp} flags=0x10}]
03-25 21:14:54.712  1647  3915 I SurfaceFlinger: id=17708 createSurf, flag=84004, Transition Root: Task=10768#17708
03-25 21:14:54.714  2435  2530 I SurfaceControlRegistry: show, t=StartTransaction_SyncId<1348> sc=ActivityRecord{98954802 u0 com.ashutosh.mindfultennis/.MainActivity t10768}, caller=android.view.SurfaceControl$Transaction.show:3557 com.android.server.wm.Transition.onTransactionReady:2048 com.android.server.wm.BLASTSyncEngine$SyncGroup.finishNow:240 com.android.server.wm.BLASTSyncEngine.onSurfacePlacement:263 com.android.server.wm.RootWindowContainer.performSurfacePlacementNoTrace:1083 com.android.server.wm.WindowSurfacePlacer.performSurfacePlacement:166 
03-25 21:14:54.714  2435  2530 D SurfaceComposerClient: setCornerRadius ## Task=10765#17663 cornerRadius=0.000000
03-25 21:14:54.714  2435  2530 D SurfaceComposerClient: setCornerRadius ## Task=10768#17704 cornerRadius=0.000000
03-25 21:14:54.715  2435  2530 V WindowManager: Calling onTransitionReady: {id=1348 t=OPEN f=0x0 trk=0 r=[0@Point(0, 0)] c=[
03-25 21:14:54.715  2435  2530 V WindowManager:         {WCT{RemoteToken{ce4833c Task{d00bb7e #10768 type=standard A=10261:com.ashutosh.mindfultennis}}} m=OPEN f=NONE leash=Surface(name=Task=10768)/@0x796c30e sb=Rect(0, 0 - 1080, 2340) eb=Rect(0, 0 - 1080, 2340) epz=Point(1080, 2340) d=0 taskParent=-1 inset=Rect(0, 81 - 0, 45) dim=true},
03-25 21:14:54.715  2435  2530 V WindowManager:         {WCT{RemoteToken{b0c7eaf Task{d5c7c73 #10765 type=standard A=10326:com.whatsapp}}} m=TO_BACK f=EDGE_EXTENSION_RESTRICTION leash=Surface(name=Task=10765)/@0x5594864 sb=Rect(0, 0 - 1080, 2340) eb=Rect(0, 0 - 1080, 2340) epz=Point(1080, 2340) d=0 taskParent=-1 inset=Rect(0, 81 - 0, 45) allowAppBgLayer=true}
03-25 21:14:54.715  2435  2530 V WindowManager:     ]}
03-25 21:14:54.716  2435  2530 D PowerManagerService: [api] setPowerBoost(L) boost:0, durationMs:0, caller (uid: 1000 pid: 2435) <- m() in com.android.server.display.DisplayManagerService$BinderService$$ExternalSyntheticOutline0:1
03-25 21:14:54.717  3292  4237 V WindowManagerShell: onTransitionReady(transaction=10458245430155)
03-25 21:14:54.717  2435  2530 D RestrictionPolicy: isScreenCaptureEnabled : ret=true userId=0
03-25 21:14:54.717  3292  3386 V WindowManagerShell: onTransitionReady (#1348) android.os.BinderProxy@e21330: {id=1348 t=OPEN f=0x0 trk=0 r=[0@Point(0, 0)] c=[
03-25 21:14:54.717  3292  3386 V WindowManagerShell:         {m=OPEN f=NONE leash=Surface(name=Task=10768)/@0xcb381ea sb=Rect(0, 0 - 1080, 2340) eb=Rect(0, 0 - 1080, 2340) epz=Point(1080, 2340) d=0 taskParent=-1 inset=Rect(0, 81 - 0, 45) dim=true},
03-25 21:14:54.717  3292  3386 V WindowManagerShell:         {m=TO_BACK f=EDGE_EXTENSION_RESTRICTION leash=Surface(name=Task=10765)/@0xeffccdb sb=Rect(0, 0 - 1080, 2340) eb=Rect(0, 0 - 1080, 2340) epz=Point(1080, 2340) d=0 taskParent=-1 inset=Rect(0, 81 - 0, 45) allowAppBgLayer=true}
03-25 21:14:54.717  3292  3386 V WindowManagerShell:     ]}
03-25 21:14:54.717  2435  2530 D ScreenCapture: [Capture_TEST] : setIsScreenShotBySystem false
03-25 21:14:54.717  2435  2530 I SurfaceComposerClient: captureLayers:childrenOnly:1, sync:1
03-25 21:14:54.717  3292  3386 V ShellDesktopMode: DesktopModeLogger: taskInfo map after processing changes 0
03-25 21:14:54.717  3292  3386 D ShellDesktopMode: DesktopTaskChangeListener: onTaskOpening for taskId=10768, displayId=0
03-25 21:14:54.718  3292  3386 I SurfaceControlRegistry: hide, t=FinishTransaction_SyncId<1348> sc=Task=10765, caller=android.view.SurfaceControl$Transaction.hide:3583 com.android.wm.shell.transition.Transitions.dispatchReady:1263 com.android.wm.shell.transition.Transitions.onTransitionReady:251 com.android.wm.shell.transition.Transitions$TransitionPlayerImpl$$ExternalSyntheticLambda0.run:13 android.os.Handler.handleCallback:995 android.os.Handler.dispatchMessage:103 
03-25 21:14:54.718  3292  3386 I SurfaceControlRegistry: show, t=StartTransaction_SyncId<1348> sc=Task=10768, caller=android.view.SurfaceControl$Transaction.show:3557 com.android.wm.shell.transition.Transitions.dispatchReady:1279 com.android.wm.shell.transition.Transitions.onTransitionReady:251 com.android.wm.shell.transition.Transitions$TransitionPlayerImpl$$ExternalSyntheticLambda0.run:13 android.os.Handler.handleCallback:995 android.os.Handler.dispatchMessage:103 
