03-25 21:14:58.686 30413 30413 I View    : setRequestedFrameRate frameRate=NaN, this=androidx.compose.ui.platform.AndroidComposeView{e01083f VFED..... ........ 0,0-1080,2340 aid=1073741824}, caller=android.view.ViewGroup.setRequestedFrameRate:9952 androidx.compose.ui.platform.Api35Impl.setRequestedFrameRate:0 androidx.compose.ui.platform.AndroidComposeView.dispatchDraw:152 android.view.View.draw:26345 android.view.View.updateDisplayListIfDirty:25175 
03-25 21:14:58.686 30413 30413 I View    : setRequestedFrameRate frameRate=NaN, this=android.view.View{eba579 V.ED..... ........ 0,0-0,0}, caller=androidx.compose.ui.platform.Api35Impl.setRequestedFrameRate:0 androidx.compose.ui.platform.AndroidComposeView.dispatchDraw:164 android.view.View.draw:26345 android.view.View.updateDisplayListIfDirty:25175 android.view.ViewGroup.recreateChildDisplayList:4794 
03-25 21:14:58.687  2435  3208 D HdrSolution_HdrDisplayNitMapper: updataTargetNit--------------mLightSensorData: 32.0, scaleRatio: 5.85, target: 34.17->200
03-25 21:14:58.688  2435  3208 D LocalDisplayAdapter: surface lcd : 31(0.060), 31(0.060), main +
03-25 21:14:58.689  1647  1647 I SurfaceFlinger: setDisplayBrightness displayBrightness(0.059907)
03-25 21:14:58.697  1618  1618 I SSC_DAEMON: physical_sensor_test_req_msg Sensor type :4, Msg type:11
03-25 21:14:58.698  1566  1890 I SDM     : DisplayBuiltIn::SetPanelBrightness: Setting brightness to level 30 (5.990716 percent)
03-25 21:14:58.698  2435  3208 D LocalDisplayAdapter: surface lcd : 31(0.060), 31(0.060), main -
03-25 21:14:58.700  1618  2965 I SSC_DAEMON: light_msg(4/11): br 30 (lux 5,idx 0) - 0,0,7
03-25 21:14:58.701  2435  3208 D HdrSolution_HdrDisplayNitMapper: updataTargetNit--------------mLightSensorData: 32.0, scaleRatio: 6.62, target: 30.19->200
03-25 21:14:58.702  2435  3208 D LocalDisplayAdapter: surface lcd : 28(0.054), 28(0.054), main +
03-25 21:14:58.702  1647  1647 I SurfaceFlinger: setDisplayBrightness displayBrightness(0.054010)
03-25 21:14:58.704 30413 30413 I View    : setRequestedFrameRate frameRate=NaN, this=androidx.compose.ui.platform.AndroidComposeView{e01083f VFED..... ........ 0,0-1080,2340 aid=1073741824}, caller=android.view.ViewGroup.setRequestedFrameRate:9952 androidx.compose.ui.platform.Api35Impl.setRequestedFrameRate:0 androidx.compose.ui.platform.AndroidComposeView.dispatchDraw:152 android.view.View.draw:26345 android.view.View.updateDisplayListIfDirty:25175 
03-25 21:14:58.704 30413 30413 I View    : setRequestedFrameRate frameRate=NaN, this=android.view.View{eba579 V.ED..... ........ 0,0-0,0}, caller=androidx.compose.ui.platform.Api35Impl.setRequestedFrameRate:0 androidx.compose.ui.platform.AndroidComposeView.dispatchDraw:164 android.view.View.draw:26345 android.view.View.updateDisplayListIfDirty:25175 android.view.ViewGroup.recreateChildDisplayList:4794 
03-25 21:14:58.714  1618  1618 I SSC_DAEMON: physical_sensor_test_req_msg Sensor type :4, Msg type:11
03-25 21:14:58.714  1566  1890 I SDM     : DisplayBuiltIn::SetPanelBrightness: Setting brightness to level 27 (5.401023 percent)
03-25 21:14:58.715  2435  3208 D LocalDisplayAdapter: surface lcd : 28(0.054), 28(0.054), main -
03-25 21:14:58.717  2435  3208 D HdrSolution_HdrDisplayNitMapper: updataTargetNit--------------mLightSensorData: 32.0, scaleRatio: 7.6, target: 26.32->200
03-25 21:14:58.719  1618  2965 I SSC_DAEMON: light_msg(4/11): br 27 (lux 5,idx 0) - 0,0,7
03-25 21:14:58.721 30413 30413 I View    : setRequestedFrameRate frameRate=NaN, this=androidx.compose.ui.platform.AndroidComposeView{e01083f VFED..... ........ 0,0-1080,2340 aid=1073741824}, caller=android.view.ViewGroup.setRequestedFrameRate:9952 androidx.compose.ui.platform.Api35Impl.setRequestedFrameRate:0 androidx.compose.ui.platform.AndroidComposeView.dispatchDraw:152 android.view.View.draw:26345 android.view.View.updateDisplayListIfDirty:25175 
03-25 21:14:58.721  2435  3208 D LocalDisplayAdapter: surface lcd : 25(0.048), 25(0.048), main +
03-25 21:14:58.722 30413 30413 I View    : setRequestedFrameRate frameRate=NaN, this=android.view.View{eba579 V.ED..... ........ 0,0-0,0}, caller=androidx.compose.ui.platform.Api35Impl.setRequestedFrameRate:0 androidx.compose.ui.platform.AndroidComposeView.dispatchDraw:164 android.view.View.draw:26345 android.view.View.updateDisplayListIfDirty:25175 android.view.ViewGroup.recreateChildDisplayList:4794 
03-25 21:14:58.722  1647  1647 I SurfaceFlinger: setDisplayBrightness displayBrightness(0.048113)
03-25 21:14:58.731  1618  1618 I SSC_DAEMON: physical_sensor_test_req_msg Sensor type :4, Msg type:11
03-25 21:14:58.731  1566  1890 I SDM     : DisplayBuiltIn::SetPanelBrightness: Setting brightness to level 24 (4.811337 percent)
03-25 21:14:58.732  2435  3208 D LocalDisplayAdapter: surface lcd : 25(0.048), 25(0.048), main -
03-25 21:14:58.735  2435  3208 D HdrSolution_HdrDisplayNitMapper: updataTargetNit--------------mLightSensorData: 32.0, scaleRatio: 8.85, target: 22.6->200
03-25 21:14:58.738  2435  3208 D LocalDisplayAdapter: surface lcd : 22(0.042), 22(0.042), main +
03-25 21:14:58.738  1647  1647 I SurfaceFlinger: setDisplayBrightness displayBrightness(0.042217)
03-25 21:14:58.738 30413 30413 I View    : setRequestedFrameRate frameRate=NaN, this=androidx.compose.ui.platform.AndroidComposeView{e01083f VFED..... ........ 0,0-1080,2340 aid=1073741824}, caller=android.view.ViewGroup.setRequestedFrameRate:9952 androidx.compose.ui.platform.Api35Impl.setRequestedFrameRate:0 androidx.compose.ui.platform.AndroidComposeView.dispatchDraw:152 android.view.View.draw:26345 android.view.View.updateDisplayListIfDirty:25175 
03-25 21:14:58.738  1618  2965 I SSC_DAEMON: light_msg(4/11): br 24 (lux 5,idx 0) - 0,0,7
03-25 21:14:58.738 30413 30413 I View    : setRequestedFrameRate frameRate=NaN, this=android.view.View{eba579 V.ED..... ........ 0,0-0,0}, caller=androidx.compose.ui.platform.Api35Impl.setRequestedFrameRate:0 androidx.compose.ui.platform.AndroidComposeView.dispatchDraw:164 android.view.View.draw:26345 android.view.View.updateDisplayListIfDirty:25175 android.view.ViewGroup.recreateChildDisplayList:4794 
03-25 21:14:58.747  1618  1618 I SSC_DAEMON: physical_sensor_test_req_msg Sensor type :4, Msg type:11
03-25 21:14:58.748  1566  1890 I SDM     : DisplayBuiltIn::SetPanelBrightness: Setting brightness to level 21 (4.221663 percent)
03-25 21:14:58.750  2435  3208 D LocalDisplayAdapter: surface lcd : 22(0.042), 22(0.042), main -
03-25 21:14:58.751  1618  2965 I SSC_DAEMON: light_msg(4/11): br 21 (lux 5,idx 0) - 0,0,7
03-25 21:14:58.752  2435  3208 D HdrSolution_HdrDisplayNitMapper: updataTargetNit--------------mLightSensorData: 32.0, scaleRatio: 10.51, target: 19.03->200
03-25 21:14:58.754  2435  3208 D LocalDisplayAdapter: surface lcd : 19(0.036), 19(0.036), main +
03-25 21:14:58.755 30413 30413 I View    : setRequestedFrameRate frameRate=NaN, this=androidx.compose.ui.platform.AndroidComposeView{e01083f VFED..... ........ 0,0-1080,2340 aid=1073741824}, caller=android.view.ViewGroup.setRequestedFrameRate:9952 androidx.compose.ui.platform.Api35Impl.setRequestedFrameRate:0 androidx.compose.ui.platform.AndroidComposeView.dispatchDraw:152 android.view.View.draw:26345 android.view.View.updateDisplayListIfDirty:25175 
03-25 21:14:58.755 30413 30413 I View    : setRequestedFrameRate frameRate=NaN, this=android.view.View{eba579 V.ED..... ........ 0,0-0,0}, caller=androidx.compose.ui.platform.Api35Impl.setRequestedFrameRate:0 androidx.compose.ui.platform.AndroidComposeView.dispatchDraw:164 android.view.View.draw:26345 android.view.View.updateDisplayListIfDirty:25175 android.view.ViewGroup.recreateChildDisplayList:4794 
03-25 21:14:58.755  1647  1647 I SurfaceFlinger: setDisplayBrightness displayBrightness(0.036320)
03-25 21:14:58.764  1618  1618 I SSC_DAEMON: physical_sensor_test_req_msg Sensor type :4, Msg type:11
03-25 21:14:58.764  1566  1890 I SDM     : DisplayBuiltIn::SetPanelBrightness: Setting brightness to level 18 (3.631999 percent)
03-25 21:14:58.766  2435  3208 D LocalDisplayAdapter: surface lcd : 19(0.036), 19(0.036), main -
03-25 21:14:58.768  1618  2965 I SSC_DAEMON: light_msg(4/11): br 18 (lux 5,idx 0) - 0,0,7
03-25 21:14:58.769  2435  3208 D HdrSolution_HdrDisplayNitMapper: updataTargetNit--------------mLightSensorData: 32.0, scaleRatio: 12.8, target: 15.62->200
03-25 21:14:58.770  2435  3208 D LocalDisplayAdapter: surface lcd : 16(0.030), 16(0.030), main +
03-25 21:14:58.771  1647  1647 I SurfaceFlinger: setDisplayBrightness displayBrightness(0.030423)
03-25 21:14:58.774 30413 30413 I View    : setRequestedFrameRate frameRate=NaN, this=androidx.compose.ui.platform.AndroidComposeView{e01083f VFED..... ........ 0,0-1080,2340 aid=1073741824}, caller=android.view.ViewGroup.setRequestedFrameRate:9952 androidx.compose.ui.platform.Api35Impl.setRequestedFrameRate:0 androidx.compose.ui.platform.AndroidComposeView.dispatchDraw:152 android.view.View.draw:26345 android.view.View.updateDisplayListIfDirty:25175 
03-25 21:14:58.774 30413 30413 I View    : setRequestedFrameRate frameRate=NaN, this=android.view.View{eba579 V.ED..... ........ 0,0-0,0}, caller=androidx.compose.ui.platform.Api35Impl.setRequestedFrameRate:0 androidx.compose.ui.platform.AndroidComposeView.dispatchDraw:164 android.view.View.draw:26345 android.view.View.updateDisplayListIfDirty:25175 android.view.ViewGroup.recreateChildDisplayList:4794 
03-25 21:14:58.782  1618  1618 I SSC_DAEMON: physical_sensor_test_req_msg Sensor type :4, Msg type:11
03-25 21:14:58.782  1566  1890 I SDM     : DisplayBuiltIn::SetPanelBrightness: Setting brightness to level 15 (3.042336 percent)
03-25 21:14:58.783  2435  3208 D LocalDisplayAdapter: surface lcd : 16(0.030), 16(0.030), main -
03-25 21:14:58.786  1538  1558 E BatteryDump: !@new_battery_dump : 4082,2540,2600,3150,56,331,318,439,331,0,340,375,0,Charging,NO_CHARGING,Normal,Good,PDIC,0,Normal,0,0,9588,0x8000,0xf0000,0x0,0,0,0000,0000,00000000,0,0,0,0,1714,3861,5616,990,0,
03-25 21:14:58.786  1618  2965 I SSC_DAEMON: light_msg(4/11): br 15 (lux 5,idx 0) - 0,0,7
03-25 21:14:58.788  2435  3208 D HdrSolution_HdrDisplayNitMapper: updataTargetNit--------------mLightSensorData: 32.0, scaleRatio: 16.13, target: 12.4->200
03-25 21:14:58.789  2435  3208 D LocalDisplayAdapter: surface lcd : 13(0.025), 13(0.025), main +
03-25 21:14:58.789 30413 30413 I View    : setRequestedFrameRate frameRate=NaN, this=androidx.compose.ui.platform.AndroidComposeView{e01083f VFED..... ........ 0,0-1080,2340 aid=1073741824}, caller=android.view.ViewGroup.setRequestedFrameRate:9952 androidx.compose.ui.platform.Api35Impl.setRequestedFrameRate:0 androidx.compose.ui.platform.AndroidComposeView.dispatchDraw:152 android.view.View.draw:26345 android.view.View.updateDisplayListIfDirty:25175 
03-25 21:14:58.789  1647  1647 I SurfaceFlinger: setDisplayBrightness displayBrightness(0.024527)
03-25 21:14:58.790 30413 30413 I View    : setRequestedFrameRate frameRate=NaN, this=android.view.View{eba579 V.ED..... ........ 0,0-0,0}, caller=androidx.compose.ui.platform.Api35Impl.setRequestedFrameRate:0 androidx.compose.ui.platform.AndroidComposeView.dispatchDraw:164 android.view.View.draw:26345 android.view.View.updateDisplayListIfDirty:25175 android.view.ViewGroup.recreateChildDisplayList:4794 
03-25 21:14:58.798  1618  1618 I SSC_DAEMON: physical_sensor_test_req_msg Sensor type :4, Msg type:11
03-25 21:14:58.798  1566  1890 I SDM     : DisplayBuiltIn::SetPanelBrightness: Setting brightness to level 12 (2.452664 percent)
03-25 21:14:58.799  2435  3208 D LocalDisplayAdapter: surface lcd : 13(0.025), 13(0.025), main -
03-25 21:14:58.800  2435  2577 D DisplayPowerController[0]: animateScreenStateChange: target=ON, mIsEnabled=true
03-25 21:14:58.800  2435  3208 D HdrSolution_HdrDisplayNitMapper: updataTargetNit--------------mLightSensorData: 32.0, scaleRatio: 19.29, target: 10.37->200
03-25 21:14:58.801  1618  2965 I SSC_DAEMON: light_msg(4/11): br 12 (lux 5,idx 0) - 0,0,7
03-25 21:14:58.802  2435  2577 D DisplayPowerController[0]: saveBrightnessInfo: brt:0.2627451 adjBrt:0.043137256 min:0.0 max:1.0 hbm:0 tp:1.0 throttler:0 isAnimating:false
03-25 21:14:58.802  2435  3208 D LocalDisplayAdapter: surface lcd : 11(0.022), 11(0.022), main +
03-25 21:14:58.803  1647  1647 I SurfaceFlinger: setDisplayBrightness displayBrightness(0.021569)
03-25 21:14:58.804  2435  2529 D BrightnessSynchronizer: onDisplayChanged() : displayId=0
03-25 21:14:58.804  2435  2529 D BrightnessSynchronizer: updateScreenBrightness: displayId=0 type=2 mPreferredSettingValue=0.2627451(67) currentBrightnessInt=67 currentBrightnessIntFromFloat=67(0.2627451)
03-25 21:14:58.804 30413 30413 I View    : setRequestedFrameRate frameRate=NaN, this=androidx.compose.ui.platform.AndroidComposeView{e01083f VFED..... ........ 0,0-1080,2340 aid=1073741824}, caller=android.view.ViewGroup.setRequestedFrameRate:9952 androidx.compose.ui.platform.Api35Impl.setRequestedFrameRate:0 androidx.compose.ui.platform.AndroidComposeView.dispatchDraw:152 android.view.View.draw:26345 android.view.View.updateDisplayListIfDirty:25175 
03-25 21:14:58.804 30413 30413 I View    : setRequestedFrameRate frameRate=NaN, this=android.view.View{eba579 V.ED..... ........ 0,0-0,0}, caller=androidx.compose.ui.platform.Api35Impl.setRequestedFrameRate:0 androidx.compose.ui.platform.AndroidComposeView.dispatchDraw:164 android.view.View.draw:26345 android.view.View.updateDisplayListIfDirty:25175 android.view.ViewGroup.recreateChildDisplayList:4794 
03-25 21:14:58.805  3292  3292 D SecBrightnessController: updateSlider() - BrightnessDialog resetTimer()
03-25 21:14:58.806  3292  3292 D SecBrightnessController: updateSlider() - BrightnessDialog resetTimer()
03-25 21:14:58.814  1618  1618 I SSC_DAEMON: physical_sensor_test_req_msg Sensor type :4, Msg type:11
03-25 21:14:58.815  1566  1890 I SDM     : DisplayBuiltIn::SetPanelBrightness: Setting brightness to level 11 (2.156863 percent)
03-25 21:14:58.816  2435  3208 D LocalDisplayAdapter: surface lcd : 11(0.022), 11(0.022), main -
03-25 21:14:58.818  1618  2965 I SSC_DAEMON: light_msg(4/11): br 11 (lux 5,idx 0) - 0,0,7
03-25 21:14:58.821 30413 30413 I View    : setRequestedFrameRate frameRate=NaN, this=androidx.compose.ui.platform.AndroidComposeView{e01083f VFED..... ........ 0,0-1080,2340 aid=1073741824}, caller=android.view.ViewGroup.setRequestedFrameRate:9952 androidx.compose.ui.platform.Api35Impl.setRequestedFrameRate:0 androidx.compose.ui.platform.AndroidComposeView.dispatchDraw:152 android.view.View.draw:26345 android.view.View.updateDisplayListIfDirty:25175 
03-25 21:14:58.822 30413 30413 I View    : setRequestedFrameRate frameRate=NaN, this=android.view.View{eba579 V.ED..... ........ 0,0-0,0}, caller=androidx.compose.ui.platform.Api35Impl.setRequestedFrameRate:0 androidx.compose.ui.platform.AndroidComposeView.dispatchDraw:164 android.view.View.draw:26345 android.view.View.updateDisplayListIfDirty:25175 android.view.ViewGroup.recreateChildDisplayList:4794 
03-25 21:14:58.838 30413 30413 I View    : setRequestedFrameRate frameRate=NaN, this=androidx.compose.ui.platform.AndroidComposeView{e01083f VFED..... ........ 0,0-1080,2340 aid=1073741824}, caller=android.view.ViewGroup.setRequestedFrameRate:9952 androidx.compose.ui.platform.Api35Impl.setRequestedFrameRate:0 androidx.compose.ui.platform.AndroidComposeView.dispatchDraw:152 android.view.View.draw:26345 android.view.View.updateDisplayListIfDirty:25175 
03-25 21:14:58.838 30413 30413 I View    : setRequestedFrameRate frameRate=NaN, this=android.view.View{eba579 V.ED..... ........ 0,0-0,0}, caller=androidx.compose.ui.platform.Api35Impl.setRequestedFrameRate:0 androidx.compose.ui.platform.AndroidComposeView.dispatchDraw:164 android.view.View.draw:26345 android.view.View.updateDisplayListIfDirty:25175 android.view.ViewGroup.recreateChildDisplayList:4794 
03-25 21:14:58.854 30413 30413 I View    : setRequestedFrameRate frameRate=NaN, this=androidx.compose.ui.platform.AndroidComposeView{e01083f VFED..... ........ 0,0-1080,2340 aid=1073741824}, caller=android.view.ViewGroup.setRequestedFrameRate:9952 androidx.compose.ui.platform.Api35Impl.setRequestedFrameRate:0 androidx.compose.ui.platform.AndroidComposeView.dispatchDraw:152 android.view.View.draw:26345 android.view.View.updateDisplayListIfDirty:25175 
03-25 21:14:58.855 30413 30413 I View    : setRequestedFrameRate frameRate=NaN, this=android.view.View{eba579 V.ED..... ........ 0,0-0,0}, caller=androidx.compose.ui.platform.Api35Impl.setRequestedFrameRate:0 androidx.compose.ui.platform.AndroidComposeView.dispatchDraw:164 android.view.View.draw:26345 android.view.View.updateDisplayListIfDirty:25175 android.view.ViewGroup.recreateChildDisplayList:4794 
03-25 21:14:58.871 30413 30413 I View    : setRequestedFrameRate frameRate=NaN, this=androidx.compose.ui.platform.AndroidComposeView{e01083f VFED..... ........ 0,0-1080,2340 aid=1073741824}, caller=android.view.ViewGroup.setRequestedFrameRate:9952 androidx.compose.ui.platform.Api35Impl.setRequestedFrameRate:0 androidx.compose.ui.platform.AndroidComposeView.dispatchDraw:152 android.view.View.draw:26345 android.view.View.updateDisplayListIfDirty:25175 
03-25 21:14:58.871 30413 30413 I View    : setRequestedFrameRate frameRate=NaN, this=android.view.View{eba579 V.ED..... ........ 0,0-0,0}, caller=androidx.compose.ui.platform.Api35Impl.setRequestedFrameRate:0 androidx.compose.ui.platform.AndroidComposeView.dispatchDraw:164 android.view.View.draw:26345 android.view.View.updateDisplayListIfDirty:25175 android.view.ViewGroup.recreateChildDisplayList:4794 
03-25 21:14:58.882  2435  2435 I Telecom : SamsungTelecomServiceImpl : isInManagedCall - callingPackage : android / callingUser : UserHandle{0} / hasCrossUserAccess : true
03-25 21:14:58.888 30413 30413 I View    : setRequestedFrameRate frameRate=NaN, this=androidx.compose.ui.platform.AndroidComposeView{e01083f VFED..... ........ 0,0-1080,2340 aid=1073741824}, caller=android.view.ViewGroup.setRequestedFrameRate:9952 androidx.compose.ui.platform.Api35Impl.setRequestedFrameRate:0 androidx.compose.ui.platform.AndroidComposeView.dispatchDraw:152 android.view.View.draw:26345 android.view.View.updateDisplayListIfDirty:25175 
03-25 21:14:58.888 30413 30413 I View    : setRequestedFrameRate frameRate=NaN, this=android.view.View{eba579 V.ED..... ........ 0,0-0,0}, caller=androidx.compose.ui.platform.Api35Impl.setRequestedFrameRate:0 androidx.compose.ui.platform.AndroidComposeView.dispatchDraw:164 android.view.View.draw:26345 android.view.View.updateDisplayListIfDirty:25175 android.view.ViewGroup.recreateChildDisplayList:4794 
03-25 21:14:58.893  2435  4257 D ActivityManager: unpendingScheduleServiceRestart: u=10070, drop=false
03-25 21:14:58.896  2435  4255 D FreecessController: UFZ : com.samsung.android.game.gamehome(10070) [7078] reason: Binder(1)-android.service.notification.INotificatio
03-25 21:14:58.896  2435  4293 W LocationManagerService: onFreezeStateChanged, uid[10070]=false
03-25 21:14:58.897  2435  4293 I PowerManagerService: [PWL] SetWakeLockEnableDisable uid = 10070 , disable= false
03-25 21:14:58.897  2435  4293 I PowerManagerService: [PWL] can not change uid =  10070
03-25 21:14:58.899  3786  8617 I HoneySpace.NotificationListener: onNotificationPosted com.android.systemui: -1|com.android.systemui|2131364006|charging_state|10038: 0
03-25 21:14:58.899  3786  8617 I HoneySpace.NotificationListener: invalid notification: com.android.systemui UserHandle{-1}: canShowBadge is false
03-25 21:14:58.908  3292  3292 D SubscreenNotificationListCoordinator: onAfterRenderList() isSubScreen = false, pluginLockMode = 0, doNotShowOnCover = false
03-25 21:14:58.908 30413 30413 I View    : setRequestedFrameRate frameRate=NaN, this=androidx.compose.ui.platform.AndroidComposeView{e01083f VFED..... ........ 0,0-1080,2340 aid=1073741824}, caller=android.view.ViewGroup.setRequestedFrameRate:9952 androidx.compose.ui.platform.Api35Impl.setRequestedFrameRate:0 androidx.compose.ui.platform.AndroidComposeView.dispatchDraw:152 android.view.View.draw:26345 android.view.View.updateDisplayListIfDirty:25175 
03-25 21:14:58.909 30413 30413 I View    : setRequestedFrameRate frameRate=NaN, this=android.view.View{eba579 V.ED..... ........ 0,0-0,0}, caller=androidx.compose.ui.platform.Api35Impl.setRequestedFrameRate:0 androidx.compose.ui.platform.AndroidComposeView.dispatchDraw:164 android.view.View.draw:26345 android.view.View.updateDisplayListIfDirty:25175 android.view.ViewGroup.recreateChildDisplayList:4794 
03-25 21:14:58.910  3292  3292 I LockscreenNotificationIconsOnlyController: onNotificationInfoUpdated 0
03-25 21:14:58.910  3292  3292 I AODNotificationManager: updateNotification() 
03-25 21:14:58.921 30413 30413 I View    : setRequestedFrameRate frameRate=NaN, this=androidx.compose.ui.platform.AndroidComposeView{e01083f VFED..... ........ 0,0-1080,2340 aid=1073741824}, caller=android.view.ViewGroup.setRequestedFrameRate:9952 androidx.compose.ui.platform.Api35Impl.setRequestedFrameRate:0 androidx.compose.ui.platform.AndroidComposeView.dispatchDraw:152 android.view.View.draw:26345 android.view.View.updateDisplayListIfDirty:25175 
03-25 21:14:58.922 30413 30413 I View    : setRequestedFrameRate frameRate=NaN, this=android.view.View{eba579 V.ED..... ........ 0,0-0,0}, caller=androidx.compose.ui.platform.Api35Impl.setRequestedFrameRate:0 androidx.compose.ui.platform.AndroidComposeView.dispatchDraw:164 android.view.View.draw:26345 android.view.View.updateDisplayListIfDirty:25175 android.view.ViewGroup.recreateChildDisplayList:4794 
03-25 21:14:58.938 30413 30413 I View    : setRequestedFrameRate frameRate=NaN, this=androidx.compose.ui.platform.AndroidComposeView{e01083f VFED..... ........ 0,0-1080,2340 aid=1073741824}, caller=android.view.ViewGroup.setRequestedFrameRate:9952 androidx.compose.ui.platform.Api35Impl.setRequestedFrameRate:0 androidx.compose.ui.platform.AndroidComposeView.dispatchDraw:152 android.view.View.draw:26345 android.view.View.updateDisplayListIfDirty:25175 
03-25 21:14:58.938 30413 30413 I View    : setRequestedFrameRate frameRate=NaN, this=android.view.View{eba579 V.ED..... ........ 0,0-0,0}, caller=androidx.compose.ui.platform.Api35Impl.setRequestedFrameRate:0 androidx.compose.ui.platform.AndroidComposeView.dispatchDraw:164 android.view.View.draw:26345 android.view.View.updateDisplayListIfDirty:25175 android.view.ViewGroup.recreateChildDisplayList:4794 
03-25 21:14:58.955 30413 30413 I View    : setRequestedFrameRate frameRate=NaN, this=androidx.compose.ui.platform.AndroidComposeView{e01083f VFED..... ........ 0,0-1080,2340 aid=1073741824}, caller=android.view.ViewGroup.setRequestedFrameRate:9952 androidx.compose.ui.platform.Api35Impl.setRequestedFrameRate:0 androidx.compose.ui.platform.AndroidComposeView.dispatchDraw:152 android.view.View.draw:26345 android.view.View.updateDisplayListIfDirty:25175 
03-25 21:14:58.955 30413 30413 I View    : setRequestedFrameRate frameRate=NaN, this=android.view.View{eba579 V.ED..... ........ 0,0-0,0}, caller=androidx.compose.ui.platform.Api35Impl.setRequestedFrameRate:0 androidx.compose.ui.platform.AndroidComposeView.dispatchDraw:164 android.view.View.draw:26345 android.view.View.updateDisplayListIfDirty:25175 android.view.ViewGroup.recreateChildDisplayList:4794 
03-25 21:14:58.972 30413 30413 I View    : setRequestedFrameRate frameRate=NaN, this=androidx.compose.ui.platform.AndroidComposeView{e01083f VFED..... ........ 0,0-1080,2340 aid=1073741824}, caller=android.view.ViewGroup.setRequestedFrameRate:9952 androidx.compose.ui.platform.Api35Impl.setRequestedFrameRate:0 androidx.compose.ui.platform.AndroidComposeView.dispatchDraw:152 android.view.View.draw:26345 android.view.View.updateDisplayListIfDirty:25175 
03-25 21:14:58.972 30413 30413 I View    : setRequestedFrameRate frameRate=NaN, this=android.view.View{eba579 V.ED..... ........ 0,0-0,0}, caller=androidx.compose.ui.platform.Api35Impl.setRequestedFrameRate:0 androidx.compose.ui.platform.AndroidComposeView.dispatchDraw:164 android.view.View.draw:26345 android.view.View.updateDisplayListIfDirty:25175 android.view.ViewGroup.recreateChildDisplayList:4794 
03-25 21:14:58.988 30413 30413 I View    : setRequestedFrameRate frameRate=NaN, this=androidx.compose.ui.platform.AndroidComposeView{e01083f VFED..... ........ 0,0-1080,2340 aid=1073741824}, caller=android.view.ViewGroup.setRequestedFrameRate:9952 androidx.compose.ui.platform.Api35Impl.setRequestedFrameRate:0 androidx.compose.ui.platform.AndroidComposeView.dispatchDraw:152 android.view.View.draw:26345 android.view.View.updateDisplayListIfDirty:25175 
03-25 21:14:58.988 30413 30413 I View    : setRequestedFrameRate frameRate=NaN, this=android.view.View{eba579 V.ED..... ........ 0,0-0,0}, caller=androidx.compose.ui.platform.Api35Impl.setRequestedFrameRate:0 androidx.compose.ui.platform.AndroidComposeView.dispatchDraw:164 android.view.View.draw:26345 android.view.View.updateDisplayListIfDirty:25175 android.view.ViewGroup.recreateChildDisplayList:4794 
03-25 21:14:59.000  2435  2577 D DisplayManagerService: handleBrightnessAnimation: started=false
03-25 21:14:59.001  2435  2577 I RefreshRateTokenController: Removing refreshRateToken={ RefreshRateToken[->PassiveModeToken:BrightnessAnim, acquire at 34664556 (511 ms ago)}, caller=com.android.server.display.mode.RefreshRateToken.release:5 com.android.server.display.DisplayManagerService$$ExternalSyntheticLambda1.accept:405 com.android.server.display.DisplayPowerController$3.run:24 android.os.Handler.handleCallback:995 android.os.Handler.dispatchMessage:103 
03-25 21:14:59.008 30413 30413 I View    : setRequestedFrameRate frameRate=NaN, this=androidx.compose.ui.platform.AndroidComposeView{e01083f VFED..... ........ 0,0-1080,2340 aid=1073741824}, caller=android.view.ViewGroup.setRequestedFrameRate:9952 androidx.compose.ui.platform.Api35Impl.setRequestedFrameRate:0 androidx.compose.ui.platform.AndroidComposeView.dispatchDraw:152 android.view.View.draw:26345 android.view.View.updateDisplayListIfDirty:25175 
03-25 21:14:59.008 30413 30413 I View    : setRequestedFrameRate frameRate=NaN, this=android.view.View{eba579 V.ED..... ........ 0,0-0,0}, caller=androidx.compose.ui.platform.Api35Impl.setRequestedFrameRate:0 androidx.compose.ui.platform.AndroidComposeView.dispatchDraw:164 android.view.View.draw:26345 android.view.View.updateDisplayListIfDirty:25175 android.view.ViewGroup.recreateChildDisplayList:4794 
03-25 21:14:59.021 30413 30413 I View    : setRequestedFrameRate frameRate=NaN, this=androidx.compose.ui.platform.AndroidComposeView{e01083f VFED..... ........ 0,0-1080,2340 aid=1073741824}, caller=android.view.ViewGroup.setRequestedFrameRate:9952 androidx.compose.ui.platform.Api35Impl.setRequestedFrameRate:0 androidx.compose.ui.platform.AndroidComposeView.dispatchDraw:152 android.view.View.draw:26345 android.view.View.updateDisplayListIfDirty:25175 
03-25 21:14:59.021 30413 30413 I View    : setRequestedFrameRate frameRate=NaN, this=android.view.View{eba579 V.ED..... ........ 0,0-0,0}, caller=androidx.compose.ui.platform.Api35Impl.setRequestedFrameRate:0 androidx.compose.ui.platform.AndroidComposeView.dispatchDraw:164 android.view.View.draw:26345 android.view.View.updateDisplayListIfDirty:25175 android.view.ViewGroup.recreateChildDisplayList:4794 
03-25 21:14:59.039 30413 30413 I View    : setRequestedFrameRate frameRate=NaN, this=androidx.compose.ui.platform.AndroidComposeView{e01083f VFED..... ........ 0,0-1080,2340 aid=1073741824}, caller=android.view.ViewGroup.setRequestedFrameRate:9952 androidx.compose.ui.platform.Api35Impl.setRequestedFrameRate:0 androidx.compose.ui.platform.AndroidComposeView.dispatchDraw:152 android.view.View.draw:26345 android.view.View.updateDisplayListIfDirty:25175 
03-25 21:14:59.039 30413 30413 I View    : setRequestedFrameRate frameRate=NaN, this=android.view.View{eba579 V.ED..... ........ 0,0-0,0}, caller=androidx.compose.ui.platform.Api35Impl.setRequestedFrameRate:0 androidx.compose.ui.platform.AndroidComposeView.dispatchDraw:164 android.view.View.draw:26345 android.view.View.updateDisplayListIfDirty:25175 android.view.ViewGroup.recreateChildDisplayList:4794 
03-25 21:14:59.057 30413 30413 I View    : setRequestedFrameRate frameRate=NaN, this=androidx.compose.ui.platform.AndroidComposeView{e01083f VFED..... ........ 0,0-1080,2340 aid=1073741824}, caller=android.view.ViewGroup.setRequestedFrameRate:9952 androidx.compose.ui.platform.Api35Impl.setRequestedFrameRate:0 androidx.compose.ui.platform.AndroidComposeView.dispatchDraw:152 android.view.View.draw:26345 android.view.View.updateDisplayListIfDirty:25175 
03-25 21:14:59.057 30413 30413 I View    : setRequestedFrameRate frameRate=NaN, this=android.view.View{eba579 V.ED..... ........ 0,0-0,0}, caller=androidx.compose.ui.platform.Api35Impl.setRequestedFrameRate:0 androidx.compose.ui.platform.AndroidComposeView.dispatchDraw:164 android.view.View.draw:26345 android.view.View.updateDisplayListIfDirty:25175 android.view.ViewGroup.recreateChildDisplayList:4794 
03-25 21:14:59.073 30413 30413 I View    : setRequestedFrameRate frameRate=NaN, this=androidx.compose.ui.platform.AndroidComposeView{e01083f VFED..... ........ 0,0-1080,2340 aid=1073741824}, caller=android.view.ViewGroup.setRequestedFrameRate:9952 androidx.compose.ui.platform.Api35Impl.setRequestedFrameRate:0 androidx.compose.ui.platform.AndroidComposeView.dispatchDraw:152 android.view.View.draw:26345 android.view.View.updateDisplayListIfDirty:25175 
03-25 21:14:59.074 30413 30413 I View    : setRequestedFrameRate frameRate=NaN, this=android.view.View{eba579 V.ED..... ........ 0,0-0,0}, caller=androidx.compose.ui.platform.Api35Impl.setRequestedFrameRate:0 androidx.compose.ui.platform.AndroidComposeView.dispatchDraw:164 android.view.View.draw:26345 android.view.View.updateDisplayListIfDirty:25175 android.view.ViewGroup.recreateChildDisplayList:4794 
03-25 21:14:59.090 30413 30413 I View    : setRequestedFrameRate frameRate=NaN, this=androidx.compose.ui.platform.AndroidComposeView{e01083f VFED..... ........ 0,0-1080,2340 aid=1073741824}, caller=android.view.ViewGroup.setRequestedFrameRate:9952 androidx.compose.ui.platform.Api35Impl.setRequestedFrameRate:0 androidx.compose.ui.platform.AndroidComposeView.dispatchDraw:152 android.view.View.draw:26345 android.view.View.updateDisplayListIfDirty:25175 
03-25 21:14:59.090 30413 30413 I View    : setRequestedFrameRate frameRate=NaN, this=android.view.View{eba579 V.ED..... ........ 0,0-0,0}, caller=androidx.compose.ui.platform.Api35Impl.setRequestedFrameRate:0 androidx.compose.ui.platform.AndroidComposeView.dispatchDraw:164 android.view.View.draw:26345 android.view.View.updateDisplayListIfDirty:25175 android.view.ViewGroup.recreateChildDisplayList:4794 
03-25 21:14:59.096  3292  3292 D Bubbles : onEntryUpdated : shouldBubbleUp=false ,key=-1|com.android.systemui|2131364006|charging_state|10038
03-25 21:14:59.097  3292  3292 D InterruptionStateProvider:  no Heads up : edgelighting enabled app. -1|com.android.systemui|2131364006|charging_state|10038
03-25 21:14:59.098  3292  3292 I {OngoingActivityController}: onEntryUpdated and OA data is empty. So update latest task info
03-25 21:14:59.101  3292  3292 I {OngoingActivityDataHelper}: setBaseActivityComponentName:ComponentInfo{com.ashutosh.mindfultennis/com.ashutosh.mindfultennis.MainActivity}
03-25 21:14:59.107 30413 30413 I View    : setRequestedFrameRate frameRate=NaN, this=androidx.compose.ui.platform.AndroidComposeView{e01083f VFED..... ........ 0,0-1080,2340 aid=1073741824}, caller=android.view.ViewGroup.setRequestedFrameRate:9952 androidx.compose.ui.platform.Api35Impl.setRequestedFrameRate:0 androidx.compose.ui.platform.AndroidComposeView.dispatchDraw:152 android.view.View.draw:26345 android.view.View.updateDisplayListIfDirty:25175 
03-25 21:14:59.108 30413 30413 I View    : setRequestedFrameRate frameRate=NaN, this=android.view.View{eba579 V.ED..... ........ 0,0-0,0}, caller=androidx.compose.ui.platform.Api35Impl.setRequestedFrameRate:0 androidx.compose.ui.platform.AndroidComposeView.dispatchDraw:164 android.view.View.draw:26345 android.view.View.updateDisplayListIfDirty:25175 android.view.ViewGroup.recreateChildDisplayList:4794 
03-25 21:14:59.122 30413 30413 I View    : setRequestedFrameRate frameRate=NaN, this=androidx.compose.ui.platform.AndroidComposeView{e01083f VFED..... ........ 0,0-1080,2340 aid=1073741824}, caller=android.view.ViewGroup.setRequestedFrameRate:9952 androidx.compose.ui.platform.Api35Impl.setRequestedFrameRate:0 androidx.compose.ui.platform.AndroidComposeView.dispatchDraw:152 android.view.View.draw:26345 android.view.View.updateDisplayListIfDirty:25175 
03-25 21:14:59.123 30413 30413 I View    : setRequestedFrameRate frameRate=NaN, this=android.view.View{eba579 V.ED..... ........ 0,0-0,0}, caller=androidx.compose.ui.platform.Api35Impl.setRequestedFrameRate:0 androidx.compose.ui.platform.AndroidComposeView.dispatchDraw:164 android.view.View.draw:26345 android.view.View.updateDisplayListIfDirty:25175 android.view.ViewGroup.recreateChildDisplayList:4794 
03-25 21:14:59.123  3292  3292 D SubscreenNotificationListCoordinator: onAfterRenderList() isSubScreen = false, pluginLockMode = 0, doNotShowOnCover = false
03-25 21:14:59.125  3292  3292 W RefactorFlag: New code path expects SceneContainerFlag to be enabled.
03-25 21:14:59.125  3292  3292 D ExpandableNotifRow: mMaxSmallHeight different before reInflateViews mMaxSmallHeight: 216 mTempSmallHeight:0 -1|com.android.systemui|2131364006|charging_state|10038
03-25 21:14:59.126  3292  3292 D ExpandableNotifRow: mMaxSmallHeight different before reInflateViews mMaxSmallHeight: 216 mTempSmallHeight:0 -1|com.android.systemui|2131364006|charging_state|10038
03-25 21:14:59.128  3292  3292 I LockscreenNotificationIconsOnlyController: onNotificationInfoUpdated 0
03-25 21:14:59.128  3292  3292 I AODNotificationManager: updateNotification() 
03-25 21:14:59.135  3292  3829 D LocalImageResolver: Couldn't use ImageDecoder for drawable, falling back to non-resized load.
03-25 21:14:59.136  3292  3829 D LocalImageResolver: Couldn't use ImageDecoder for drawable, falling back to non-resized load.
03-25 21:14:59.141 30413 30413 I View    : setRequestedFrameRate frameRate=NaN, this=androidx.compose.ui.platform.AndroidComposeView{e01083f VFED..... ........ 0,0-1080,2340 aid=1073741824}, caller=android.view.ViewGroup.setRequestedFrameRate:9952 androidx.compose.ui.platform.Api35Impl.setRequestedFrameRate:0 androidx.compose.ui.platform.AndroidComposeView.dispatchDraw:152 android.view.View.draw:26345 android.view.View.updateDisplayListIfDirty:25175 
03-25 21:14:59.141 30413 30413 I View    : setRequestedFrameRate frameRate=NaN, this=android.view.View{eba579 V.ED..... ........ 0,0-0,0}, caller=androidx.compose.ui.platform.Api35Impl.setRequestedFrameRate:0 androidx.compose.ui.platform.AndroidComposeView.dispatchDraw:164 android.view.View.draw:26345 android.view.View.updateDisplayListIfDirty:25175 android.view.ViewGroup.recreateChildDisplayList:4794 
03-25 21:14:59.141  3292  3292 D LocalImageResolver: Couldn't use ImageDecoder for drawable, falling back to non-resized load.
03-25 21:14:59.154  3292  3292 W RefactorFlag: New code path expects SceneContainerFlag to be enabled.
03-25 21:14:59.158 30413 30413 I View    : setRequestedFrameRate frameRate=NaN, this=androidx.compose.ui.platform.AndroidComposeView{e01083f VFED..... ........ 0,0-1080,2340 aid=1073741824}, caller=android.view.ViewGroup.setRequestedFrameRate:9952 androidx.compose.ui.platform.Api35Impl.setRequestedFrameRate:0 androidx.compose.ui.platform.AndroidComposeView.dispatchDraw:152 android.view.View.draw:26345 android.view.View.updateDisplayListIfDirty:25175 
03-25 21:14:59.158 30413 30413 I View    : setRequestedFrameRate frameRate=NaN, this=android.view.View{eba579 V.ED..... ........ 0,0-0,0}, caller=androidx.compose.ui.platform.Api35Impl.setRequestedFrameRate:0 androidx.compose.ui.platform.AndroidComposeView.dispatchDraw:164 android.view.View.draw:26345 android.view.View.updateDisplayListIfDirty:25175 android.view.ViewGroup.recreateChildDisplayList:4794 
03-25 21:14:59.160  3292  3292 D ExpandableNotifRow: mMaxSmallHeight different before reInflateViews mMaxSmallHeight: 216 mTempSmallHeight:0 -1|com.android.systemui|2131364006|charging_state|10038
03-25 21:14:59.160  3292  3292 D ExpandableNotifRow: mMaxSmallHeight different before reInflateViews mMaxSmallHeight: 216 mTempSmallHeight:0 -1|com.android.systemui|2131364006|charging_state|10038
03-25 21:14:59.160  3292  3292 D ExpandableNotifRow: mMaxSmallHeight different before reInflateViews mMaxSmallHeight: 216 mTempSmallHeight:0 -1|com.android.systemui|2131364006|charging_state|10038
03-25 21:14:59.160  3292  3292 D ExpandableNotifRow: mMaxSmallHeight different before reInflateViews mMaxSmallHeight: 216 mTempSmallHeight:0 -1|com.android.systemui|2131364006|charging_state|10038
03-25 21:14:59.166  3292  3292 D S.S.N.  : entryViewBound parent :-1|com.android.systemui|2131364006|charging_state|10038
03-25 21:14:59.167  3292  3292 D LocalImageResolver: Couldn't use ImageDecoder for drawable, falling back to non-resized load.
03-25 21:14:59.171  3292  3292 D SubscreenNotificationListCoordinator: onAfterRenderList() isSubScreen = false, pluginLockMode = 0, doNotShowOnCover = false
03-25 21:14:59.174  3292  3292 W RefactorFlag: New code path expects SceneContainerFlag to be enabled.
03-25 21:14:59.174  3292  3292 D ExpandableNotifRow: mMaxSmallHeight different before reInflateViews mMaxSmallHeight: 216 mTempSmallHeight:0 -1|com.android.systemui|2131364006|charging_state|10038
03-25 21:14:59.174  3292  3292 D ExpandableNotifRow: mMaxSmallHeight different before reInflateViews mMaxSmallHeight: 216 mTempSmallHeight:0 -1|com.android.systemui|2131364006|charging_state|10038
03-25 21:14:59.175  3292  3292 I LockscreenNotificationIconsOnlyController: onNotificationInfoUpdated 0
03-25 21:14:59.175  3292  3292 I AODNotificationManager: updateNotification() 
03-25 21:14:59.176 30413 30413 I View    : setRequestedFrameRate frameRate=NaN, this=androidx.compose.ui.platform.AndroidComposeView{e01083f VFED..... ........ 0,0-1080,2340 aid=1073741824}, caller=android.view.ViewGroup.setRequestedFrameRate:9952 androidx.compose.ui.platform.Api35Impl.setRequestedFrameRate:0 androidx.compose.ui.platform.AndroidComposeView.dispatchDraw:152 android.view.View.draw:26345 android.view.View.updateDisplayListIfDirty:25175 
03-25 21:14:59.177 30413 30413 I View    : setRequestedFrameRate frameRate=NaN, this=android.view.View{eba579 V.ED..... ........ 0,0-0,0}, caller=androidx.compose.ui.platform.Api35Impl.setRequestedFrameRate:0 androidx.compose.ui.platform.AndroidComposeView.dispatchDraw:164 android.view.View.draw:26345 android.view.View.updateDisplayListIfDirty:25175 android.view.ViewGroup.recreateChildDisplayList:4794 
03-25 21:14:59.186 12974 12991 E AudioPathHelper: (Berry)(1.15)handleAudioPathTask() : can't get dual play mode - Attempt to invoke virtual method 'boolean android.bluetooth.BluetoothA2dp.semIsDualPlayMode()' on a null object reference
03-25 21:14:59.188 30413 30413 I View    : setRequestedFrameRate frameRate=NaN, this=androidx.compose.ui.platform.AndroidComposeView{e01083f VFED..... ........ 0,0-1080,2340 aid=1073741824}, caller=android.view.ViewGroup.setRequestedFrameRate:9952 androidx.compose.ui.platform.Api35Impl.setRequestedFrameRate:0 androidx.compose.ui.platform.AndroidComposeView.dispatchDraw:152 android.view.View.draw:26345 android.view.View.updateDisplayListIfDirty:25175 
03-25 21:14:59.189 30413 30413 I View    : setRequestedFrameRate frameRate=NaN, this=android.view.View{eba579 V.ED..... ........ 0,0-0,0}, caller=androidx.compose.ui.platform.Api35Impl.setRequestedFrameRate:0 androidx.compose.ui.platform.AndroidComposeView.dispatchDraw:164 android.view.View.draw:26345 android.view.View.updateDisplayListIfDirty:25175 android.view.ViewGroup.recreateChildDisplayList:4794 
03-25 21:14:59.210 30413 30413 I View    : setRequestedFrameRate frameRate=NaN, this=androidx.compose.ui.platform.AndroidComposeView{e01083f VFED..... ........ 0,0-1080,2340 aid=1073741824}, caller=android.view.ViewGroup.setRequestedFrameRate:9952 androidx.compose.ui.platform.Api35Impl.setRequestedFrameRate:0 androidx.compose.ui.platform.AndroidComposeView.dispatchDraw:152 android.view.View.draw:26345 android.view.View.updateDisplayListIfDirty:25175 
03-25 21:14:59.210 30413 30413 I View    : setRequestedFrameRate frameRate=NaN, this=android.view.View{eba579 V.ED..... ........ 0,0-0,0}, caller=androidx.compose.ui.platform.Api35Impl.setRequestedFrameRate:0 androidx.compose.ui.platform.AndroidComposeView.dispatchDraw:164 android.view.View.draw:26345 android.view.View.updateDisplayListIfDirty:25175 android.view.ViewGroup.recreateChildDisplayList:4794 
03-25 21:14:59.224 30413 30413 I View    : setRequestedFrameRate frameRate=NaN, this=androidx.compose.ui.platform.AndroidComposeView{e01083f VFED..... ........ 0,0-1080,2340 aid=1073741824}, caller=android.view.ViewGroup.setRequestedFrameRate:9952 androidx.compose.ui.platform.Api35Impl.setRequestedFrameRate:0 androidx.compose.ui.platform.AndroidComposeView.dispatchDraw:152 android.view.View.draw:26345 android.view.View.updateDisplayListIfDirty:25175 
03-25 21:14:59.225 30413 30413 I View    : setRequestedFrameRate frameRate=NaN, this=android.view.View{eba579 V.ED..... ........ 0,0-0,0}, caller=androidx.compose.ui.platform.Api35Impl.setRequestedFrameRate:0 androidx.compose.ui.platform.AndroidComposeView.dispatchDraw:164 android.view.View.draw:26345 android.view.View.updateDisplayListIfDirty:25175 android.view.ViewGroup.recreateChildDisplayList:4794 
03-25 21:14:59.240  2435  3000 D SemInputMotionEventDispatcher: registerMotionEventListener: already registered: com.samsung.android.hardware.secinputdev.taas.ExternalApi$5@f8454ca
03-25 21:14:59.243 30413 30413 I View    : setRequestedFrameRate frameRate=NaN, this=androidx.compose.ui.platform.AndroidComposeView{e01083f VFED..... ........ 0,0-1080,2340 aid=1073741824}, caller=android.view.ViewGroup.setRequestedFrameRate:9952 androidx.compose.ui.platform.Api35Impl.setRequestedFrameRate:0 androidx.compose.ui.platform.AndroidComposeView.dispatchDraw:152 android.view.View.draw:26345 android.view.View.updateDisplayListIfDirty:25175 
03-25 21:14:59.244 30413 30413 I View    : setRequestedFrameRate frameRate=NaN, this=android.view.View{eba579 V.ED..... ........ 0,0-0,0}, caller=androidx.compose.ui.platform.Api35Impl.setRequestedFrameRate:0 androidx.compose.ui.platform.AndroidComposeView.dispatchDraw:164 android.view.View.draw:26345 android.view.View.updateDisplayListIfDirty:25175 android.view.ViewGroup.recreateChildDisplayList:4794 
03-25 21:14:59.260 30413 30413 I View    : setRequestedFrameRate frameRate=NaN, this=androidx.compose.ui.platform.AndroidComposeView{e01083f VFED..... ........ 0,0-1080,2340 aid=1073741824}, caller=android.view.ViewGroup.setRequestedFrameRate:9952 androidx.compose.ui.platform.Api35Impl.setRequestedFrameRate:0 androidx.compose.ui.platform.AndroidComposeView.dispatchDraw:152 android.view.View.draw:26345 android.view.View.updateDisplayListIfDirty:25175 
03-25 21:14:59.261 30413 30413 I View    : setRequestedFrameRate frameRate=NaN, this=android.view.View{eba579 V.ED..... ........ 0,0-0,0}, caller=androidx.compose.ui.platform.Api35Impl.setRequestedFrameRate:0 androidx.compose.ui.platform.AndroidComposeView.dispatchDraw:164 android.view.View.draw:26345 android.view.View.updateDisplayListIfDirty:25175 android.view.ViewGroup.recreateChildDisplayList:4794 
03-25 21:14:59.264  2435 25043 D PerProcessNandswap$NandswapHandler: nandswap start for activity com.android.settings(pid 20054) action:9 adj:910 type:3
03-25 21:14:59.277 30413 30413 I View    : setRequestedFrameRate frameRate=NaN, this=androidx.compose.ui.platform.AndroidComposeView{e01083f VFED..... ........ 0,0-1080,2340 aid=1073741824}, caller=android.view.ViewGroup.setRequestedFrameRate:9952 androidx.compose.ui.platform.Api35Impl.setRequestedFrameRate:0 androidx.compose.ui.platform.AndroidComposeView.dispatchDraw:152 android.view.View.draw:26345 android.view.View.updateDisplayListIfDirty:25175 
03-25 21:14:59.278 30413 30413 I View    : setRequestedFrameRate frameRate=NaN, this=android.view.View{eba579 V.ED..... ........ 0,0-0,0}, caller=androidx.compose.ui.platform.Api35Impl.setRequestedFrameRate:0 androidx.compose.ui.platform.AndroidComposeView.dispatchDraw:164 android.view.View.draw:26345 android.view.View.updateDisplayListIfDirty:25175 android.view.ViewGroup.recreateChildDisplayList:4794 
03-25 21:14:59.293 30413 30413 I View    : setRequestedFrameRate frameRate=NaN, this=androidx.compose.ui.platform.AndroidComposeView{e01083f VFED..... ........ 0,0-1080,2340 aid=1073741824}, caller=android.view.ViewGroup.setRequestedFrameRate:9952 androidx.compose.ui.platform.Api35Impl.setRequestedFrameRate:0 androidx.compose.ui.platform.AndroidComposeView.dispatchDraw:152 android.view.View.draw:26345 android.view.View.updateDisplayListIfDirty:25175 
03-25 21:14:59.293 30413 30413 I View    : setRequestedFrameRate frameRate=NaN, this=android.view.View{eba579 V.ED..... ........ 0,0-0,0}, caller=androidx.compose.ui.platform.Api35Impl.setRequestedFrameRate:0 androidx.compose.ui.platform.AndroidComposeView.dispatchDraw:164 android.view.View.draw:26345 android.view.View.updateDisplayListIfDirty:25175 android.view.ViewGroup.recreateChildDisplayList:4794 
03-25 21:14:59.308 30413 30413 I View    : setRequestedFrameRate frameRate=NaN, this=androidx.compose.ui.platform.AndroidComposeView{e01083f VFED..... ........ 0,0-1080,2340 aid=1073741824}, caller=android.view.ViewGroup.setRequestedFrameRate:9952 androidx.compose.ui.platform.Api35Impl.setRequestedFrameRate:0 androidx.compose.ui.platform.AndroidComposeView.dispatchDraw:152 android.view.View.draw:26345 android.view.View.updateDisplayListIfDirty:25175 
03-25 21:14:59.308 30413 30413 I View    : setRequestedFrameRate frameRate=NaN, this=android.view.View{eba579 V.ED..... ........ 0,0-0,0}, caller=androidx.compose.ui.platform.Api35Impl.setRequestedFrameRate:0 androidx.compose.ui.platform.AndroidComposeView.dispatchDraw:164 android.view.View.draw:26345 android.view.View.updateDisplayListIfDirty:25175 android.view.ViewGroup.recreateChildDisplayList:4794 
03-25 21:14:59.324 30413 30413 I View    : setRequestedFrameRate frameRate=NaN, this=androidx.compose.ui.platform.AndroidComposeView{e01083f VFED..... ........ 0,0-1080,2340 aid=1073741824}, caller=android.view.ViewGroup.setRequestedFrameRate:9952 androidx.compose.ui.platform.Api35Impl.setRequestedFrameRate:0 androidx.compose.ui.platform.AndroidComposeView.dispatchDraw:152 android.view.View.draw:26345 android.view.View.updateDisplayListIfDirty:25175 
03-25 21:14:59.325 30413 30413 I View    : setRequestedFrameRate frameRate=NaN, this=android.view.View{eba579 V.ED..... ........ 0,0-0,0}, caller=androidx.compose.ui.platform.Api35Impl.setRequestedFrameRate:0 androidx.compose.ui.platform.AndroidComposeView.dispatchDraw:164 android.view.View.draw:26345 android.view.View.updateDisplayListIfDirty:25175 android.view.ViewGroup.recreateChildDisplayList:4794 
03-25 21:14:59.340 30413 30413 I View    : setRequestedFrameRate frameRate=NaN, this=androidx.compose.ui.platform.AndroidComposeView{e01083f VFED..... ........ 0,0-1080,2340 aid=1073741824}, caller=android.view.ViewGroup.setRequestedFrameRate:9952 androidx.compose.ui.platform.Api35Impl.setRequestedFrameRate:0 androidx.compose.ui.platform.AndroidComposeView.dispatchDraw:152 android.view.View.draw:26345 android.view.View.updateDisplayListIfDirty:25175 
03-25 21:14:59.340 30413 30413 I View    : setRequestedFrameRate frameRate=NaN, this=android.view.View{eba579 V.ED..... ........ 0,0-0,0}, caller=androidx.compose.ui.platform.Api35Impl.setRequestedFrameRate:0 androidx.compose.ui.platform.AndroidComposeView.dispatchDraw:164 android.view.View.draw:26345 android.view.View.updateDisplayListIfDirty:25175 android.view.ViewGroup.recreateChildDisplayList:4794 
03-25 21:14:59.357 30413 30413 I View    : setRequestedFrameRate frameRate=NaN, this=androidx.compose.ui.platform.AndroidComposeView{e01083f VFED..... ........ 0,0-1080,2340 aid=1073741824}, caller=android.view.ViewGroup.setRequestedFrameRate:9952 androidx.compose.ui.platform.Api35Impl.setRequestedFrameRate:0 androidx.compose.ui.platform.AndroidComposeView.dispatchDraw:152 android.view.View.draw:26345 android.view.View.updateDisplayListIfDirty:25175 
03-25 21:14:59.357 30413 30413 I View    : setRequestedFrameRate frameRate=NaN, this=android.view.View{eba579 V.ED..... ........ 0,0-0,0}, caller=androidx.compose.ui.platform.Api35Impl.setRequestedFrameRate:0 androidx.compose.ui.platform.AndroidComposeView.dispatchDraw:164 android.view.View.draw:26345 android.view.View.updateDisplayListIfDirty:25175 android.view.ViewGroup.recreateChildDisplayList:4794 
03-25 21:14:59.375 30413 30413 I View    : setRequestedFrameRate frameRate=NaN, this=androidx.compose.ui.platform.AndroidComposeView{e01083f VFED..... ........ 0,0-1080,2340 aid=1073741824}, caller=android.view.ViewGroup.setRequestedFrameRate:9952 androidx.compose.ui.platform.Api35Impl.setRequestedFrameRate:0 androidx.compose.ui.platform.AndroidComposeView.dispatchDraw:152 android.view.View.draw:26345 android.view.View.updateDisplayListIfDirty:25175 
03-25 21:14:59.376 30413 30413 I View    : setRequestedFrameRate frameRate=NaN, this=android.view.View{eba579 V.ED..... ........ 0,0-0,0}, caller=androidx.compose.ui.platform.Api35Impl.setRequestedFrameRate:0 androidx.compose.ui.platform.AndroidComposeView.dispatchDraw:164 android.view.View.draw:26345 android.view.View.updateDisplayListIfDirty:25175 android.view.ViewGroup.recreateChildDisplayList:4794 
