03-25 21:14:54.846 30413 30451 D WM-NetworkStateTracker: Network capabilities changed: [ Transports: WIFI Capabilities: NOT_METERED&INTERNET&NOT_RESTRICTED&TRUSTED&NOT_VPN&VALIDATED&NOT_ROAMING&FOREGROUND&NOT_CONGESTED&NOT_SUSPENDED&NOT_VCN_MANAGED&NOT_BANDWIDTH_CONSTRAINED LinkUpBandwidth>=77388Kbps LinkDnBandwidth>=49349Kbps TransportInfo: <SSID: <unknown ssid>, BSSID: 02:00:00:00:00:00, MAC: 02:00:00:00:00:00, IP: /192.168.68.115, Security type: 2, Supplicant state: COMPLETED, Wi-Fi standard: 11ac, RSSI: -52, Link speed: 866Mbps, Tx Link speed: 866Mbps, Max Supported Tx Link speed: 866Mbps, Rx Link speed: 585Mbps, Max Supported Rx Link speed: 866Mbps, Frequency: 5200MHz, Net ID: -1, Metered hint: false, score: 60, isUsable: true, CarrierMerged: false, SubscriptionId: -1, IsPrimary: -1, Trusted: true, Restricted: false, Ephemeral: false, OEM paid: false, OEM private: false, OSU AP: false, FQDN: <none>, Provider friendly name: <none>, Requesting package name: <none><none>MLO Information: , Is TID-To-Link negotiation supported by the AP: false, AP MLD Address: <none>, AP MLO Link Id: <none>, AP MLO Affiliated links: <none>, Vendor Data: <none>> SignalStrength: -52 UnderlyingNetworks: Null]
03-25 21:14:54.847 30413 30450 D WM-Processor: s: processing WorkGenerationalId(workSpecId=8a9f1c53-e137-4264-acaa-617c0f8e2e81, generation=0)
03-25 21:14:54.849  2435  3054 D WifiNetworkFactory: got request NetworkRequest [ REQUEST id=5822, [ Capabilities: INTERNET&NOT_RESTRICTED&TRUSTED&NOT_VCN_MANAGED&NOT_BANDWIDTH_CONSTRAINED Uid: 10261 RequestorUid: 10261 RequestorPkg: com.ashutosh.mindfultennis UnderlyingNetworks: Null] ]
03-25 21:14:54.850  2435  3054 D UntrustedWifiNetworkFactory: got request NetworkRequest [ REQUEST id=5822, [ Capabilities: INTERNET&NOT_RESTRICTED&TRUSTED&NOT_VCN_MANAGED&NOT_BANDWIDTH_CONSTRAINED Uid: 10261 RequestorUid: 10261 RequestorPkg: com.ashutosh.mindfultennis UnderlyingNetworks: Null] ]
03-25 21:14:54.851  2435  3054 D OemPaidWifiNetworkFactory: got request NetworkRequest [ REQUEST id=5822, [ Capabilities: INTERNET&NOT_RESTRICTED&TRUSTED&NOT_VCN_MANAGED&NOT_BANDWIDTH_CONSTRAINED Uid: 10261 RequestorUid: 10261 RequestorPkg: com.ashutosh.mindfultennis UnderlyingNetworks: Null] ]
03-25 21:14:54.851  2435  3054 D MultiInternetWifiNetworkFactory: got request NetworkRequest [ REQUEST id=5822, [ Capabilities: INTERNET&NOT_RESTRICTED&TRUSTED&NOT_VCN_MANAGED&NOT_BANDWIDTH_CONSTRAINED Uid: 10261 RequestorUid: 10261 RequestorPkg: com.ashutosh.mindfultennis UnderlyingNetworks: Null] ]
03-25 21:14:54.851  2435  3075 D ConnectivityService: Rematched networks [computed 1ms] [applied 1ms] [issued 5]
03-25 21:14:54.852  2435  3075 D ConnectivityService: NetworkReassignment :
03-25 21:14:54.852  2435  3075 D ConnectivityService:   5822 : null ΓåÆ 109
03-25 21:14:54.856  1647  1647 I SurfaceFlinger: RequestedLayer [ae26aa3 com.ashutosh.mindfultennis/c[...]osh.mindfultennis.MainActivity#17713] hidden!! flag  from(1) --> to(0)
03-25 21:14:54.857  1540 25660 I sensors-hal: handle_sns_std_sensor_event:311, [SSC_LIGHT] P: 3(3),m:7,c:281,b:67,c0:2288,l:1,f(r):74,u(bl):100,j:0
03-25 21:14:54.858  1540 25662 I sensors-hal: handle_sns_client_event:550, [0][21799] accel_sample [-0.005,  0.196,  9.884] 74027687587267
03-25 21:14:54.889  3292  3292 D QSClock : onDarkChanged tint=DARK
03-25 21:14:54.891  3292  3292 D NavBarStateManager: NavBarStates(0) canUseNavBarBackgroundFrame: true
03-25 21:14:54.896  2435  3812 I WindowManager: Relayout Window{ae26aa3 u0 com.ashutosh.mindfultennis/com.ashutosh.mindfultennis.MainActivity}: viewVisibility=0 req=1080x2340 ty=1 d0
03-25 21:14:54.896  1647  3915 I SurfaceFlinger: id=17714 createSurf, flag=44004, com.ashutosh.mindfultennis/com.ashutosh.mindfultennis.MainActivity$_30413#17714
03-25 21:14:54.897  2435  3812 D WindowManager: makeSurface duration=1 name=com.ashutosh.mindfultennis/com.ashutosh.mindfultennis.MainActivity$_30413
03-25 21:14:54.897  2435  3812 D SurfaceComposerClient: setCornerRadius ## bd02a6a Splash Screen com.ashutosh.mindfultennis#17706 cornerRadius=0.000000
03-25 21:14:54.897  2435  3812 D SurfaceComposerClient: setCornerRadius ## ae26aa3 com.ashutosh.mindfultennis/com.ashutosh.mindfultennis.MainActivity#17713 cornerRadius=0.000000
03-25 21:14:54.898  2435  3812 D SurfaceComposerClient: setCornerRadius ## bd02a6a Splash Screen com.ashutosh.mindfultennis#17706 cornerRadius=0.000000
03-25 21:14:54.898  2435  3812 D SurfaceComposerClient: setCornerRadius ## ae26aa3 com.ashutosh.mindfultennis/com.ashutosh.mindfultennis.MainActivity#17713 cornerRadius=0.000000
03-25 21:14:54.898  2435  3812 D WindowManager: Changing focus from null to Window{ae26aa3 u0 com.ashutosh.mindfultennis/com.ashutosh.mindfultennis.MainActivity} displayId=0 Callers=com.android.server.wm.WindowManagerService.relayoutWindow:1350 com.android.server.wm.Session.relayout:27 android.view.IWindowSession$Stub.onTransact:829 com.android.server.wm.Session.onTransact:1 
03-25 21:14:54.898  2435  3812 I WindowManager: Cancelling animation restarting=true, leash=Surface(name=Surface(name=d1c3658 StatusBar)/@0xd916cc - animation-leash of insets_animation)/@0xa149728
03-25 21:14:54.898  2435  3812 I WindowManager: Reparenting to original parent: Surface(name=WindowToken{54f601f type=2000 android.os.BinderProxy@801e79})/@0xf290d15, destroy=false, surface=Surface(name=d1c3658 StatusBar)/@0xd916cc
03-25 21:14:54.898  2435  3812 I WindowManager: Reparenting to leash, surface=Surface(name=d1c3658 StatusBar)/@0xd916cc, leashParent=Surface(name=WindowToken{54f601f type=2000 android.os.BinderProxy@801e79})/@0xf290d15
03-25 21:14:54.898  1647  3915 I SurfaceFlinger: id=17715 createSurf, flag=24000, Surface(name=d1c3658 StatusBar)/@0xd916cc - animation-leash of insets_animation#17715
03-25 21:14:54.899  2435  3812 D WindowManager: makeSurface duration=1 leash=Surface(name=Surface(name=d1c3658 StatusBar)/@0xd916cc - animation-leash of insets_animation)/@0x7aa3a15
03-25 21:14:54.899  2435  3812 D InsetsSourceProvider: updateControlForTarget: control=InsetsSourceControl: {540a0000 mType=statusBars initiallyVisible mSurfacePosition=Point(0, 0) mInsetsHint=Insets{left=0, top=81, right=0, bottom=0}}, target=Window{ae26aa3 u0 com.ashutosh.mindfultennis/com.ashutosh.mindfultennis.MainActivity}, from=com.android.server.wm.InsetsStateController.onControlTargetChanged:83 com.android.server.wm.InsetsPolicy.updateBarControlTarget:212 com.android.server.wm.DisplayPolicy.updateSystemBarAttributes:262 com.android.server.wm.WindowManagerService.updateFocusedWindowLocked:372 com.android.server.wm.WindowManagerService.relayoutWindow:1350 
03-25 21:14:54.899  2435  3812 I WindowManager: Cancelling animation restarting=true, leash=Surface(name=Surface(name=2cb579b NavigationBar0)/@0xedb161b - animation-leash of insets_animation)/@0x8c25e6
03-25 21:14:54.899  2435  3812 I WindowManager: Reparenting to original parent: Surface(name=WindowToken{91f7faa type=2019 android.os.BinderProxy@eac24c})/@0x7e6d3b8, destroy=false, surface=Surface(name=2cb579b NavigationBar0)/@0xedb161b
03-25 21:14:54.899  2435  3812 I WindowManager: Reparenting to leash, surface=Surface(name=2cb579b NavigationBar0)/@0xedb161b, leashParent=Surface(name=WindowToken{91f7faa type=2019 android.os.BinderProxy@eac24c})/@0x7e6d3b8
03-25 21:14:54.899  1647  3915 I SurfaceFlinger: id=17716 createSurf, flag=24000, Surface(name=2cb579b NavigationBar0)/@0xedb161b - animation-leash of insets_animation#17716
03-25 21:14:54.899  2435  3812 D WindowManager: makeSurface duration=0 leash=Surface(name=Surface(name=2cb579b NavigationBar0)/@0xedb161b - animation-leash of insets_animation)/@0xae88b1b
03-25 21:14:54.899  2435  3812 D InsetsSourceProvider: updateControlForTarget: control=InsetsSourceControl: {f5de0001 mType=navigationBars initiallyVisible mSurfacePosition=Point(0, 2196) mInsetsHint=Insets{left=0, top=0, right=0, bottom=45}}, target=Window{ae26aa3 u0 com.ashutosh.mindfultennis/com.ashutosh.mindfultennis.MainActivity}, from=com.android.server.wm.InsetsStateController.onControlTargetChanged:83 com.android.server.wm.InsetsPolicy.updateBarControlTarget:225 com.android.server.wm.DisplayPolicy.updateSystemBarAttributes:262 com.android.server.wm.WindowManagerService.updateFocusedWindowLocked:372 com.android.server.wm.WindowManagerService.relayoutWindow:1350 
03-25 21:14:54.900  2435  3812 D WindowManager: updateSystemBarAttributes: displayId=0, focusedCanBeNavColorWin=false, win=Window{ae26aa3 u0 com.ashutosh.mindfultennis/com.ashutosh.mindfultennis.MainActivity}, navColorWin=Window{bd02a6a u0 Splash Screen com.ashutosh.mindfultennis}, caller=com.android.server.wm.WindowManagerService.updateFocusedWindowLocked:372 com.android.server.wm.WindowManagerService.relayoutWindow:1350 com.android.server.wm.Session.relayout:27 
03-25 21:14:54.900  2435  3812 D WindowManager: updateSystemBarAttributes, bhv=1, apr=16, statusBarAprRegions=[AppearanceRegion{LIGHT_STATUS_BARS bounds=[0,0][1080,2340]}], requestedVisibilities=-9
03-25 21:14:54.900  2435  3812 V SystemKeyManager: updateFocusedWindow() is called, com.ashutosh.mindfultennis/com.ashutosh.mindfultennis.MainActivity
03-25 21:14:54.900  2435  3812 I WindowManager: Relayout hash=ae26aa3, pid=30413, syncId=-1: mAttrs={(0,0)(fillxfill) sim={adjust=pan forwardNavigation} layoutInDisplayCutoutMode=always ty=BASE_APPLICATION wanim=0x1030317
03-25 21:14:54.900  2435  3812 I WindowManager:   fl=81810100
03-25 21:14:54.900  2435  3812 I WindowManager:   pfl=100088c0
03-25 21:14:54.900  2435  3812 I WindowManager:   bhv=1
03-25 21:14:54.900  2435  3812 I WindowManager:   fitSides=0
03-25 21:14:54.900  2435  3812 I WindowManager:   frameRateBoostOnTouch=true
03-25 21:14:54.900  2435  3812 I WindowManager:   dvrrWindowFrameRateHint=true naviIconColor=0}
03-25 21:14:54.901 30413 30413 E h.mindfultennis: Unable to open libpenguin.so: dlopen failed: library "libpenguin.so" not found.
03-25 21:14:54.901 30413 30413 W libc    : Access denied finding property "vendor.display.enable_optimal_refresh_rate"
03-25 21:14:54.901 30413 30413 I BufferQueueProducer: [](id:76cd00000000,api:0,p:0,c:30413) setDequeueTimeout:2077252342
03-25 21:14:54.901 30413 30413 I BLASTBufferQueue_Java: new BLASTBufferQueue, mName= VRI[MainActivity]@8ec4b6f mNativeObject= 0xb4000076f1068480 caller= android.view.ViewRootImpl.updateBlastSurfaceIfNeeded:3585 android.view.ViewRootImpl.relayoutWindow:11685 android.view.ViewRootImpl.performTraversals:4804 android.view.ViewRootImpl.doTraversal:3924 android.view.ViewRootImpl$TraversalRunnable.run:12903 android.view.Choreographer$CallbackRecord.run:1901 android.view.Choreographer$CallbackRecord.run:1910 android.view.Choreographer.doCallbacks:1367 android.view.Choreographer.doFrame:1292 android.view.Choreographer$FrameDisplayEventReceiver.run:1870 
03-25 21:14:54.901 30413 30413 I BLASTBufferQueue_Java: update, w= 1080 h= 2340 mName = VRI[MainActivity]@8ec4b6f mNativeObject= 0xb4000076f1068480 sc.mNativeObject= 0xb40000774102ec50 format= -1 caller= android.view.ViewRootImpl.updateBlastSurfaceIfNeeded:3590 android.view.ViewRootImpl.relayoutWindow:11685 android.view.ViewRootImpl.performTraversals:4804 android.view.ViewRootImpl.doTraversal:3924 android.view.ViewRootImpl$TraversalRunnable.run:12903 android.view.Choreographer$CallbackRecord.run:1901 
03-25 21:14:54.901 30413 30413 W libc    : Access denied finding property "vendor.display.enable_optimal_refresh_rate"
03-25 21:14:54.902 30413 30413 I VRI[MainActivity]@8ec4b6f: Relayout returned: old=(0,0,1080,2340) new=(0,0,1080,2340) relayoutAsync=false req=(1080,2340)0 dur=5 res=0x3 s={true 0xb40000783104c110} ch=true seqId=0
03-25 21:14:54.902 30413 30413 I VRI[MainActivity]@8ec4b6f: performConfigurationChange setNightDimText nightDimLevel=0
03-25 21:14:54.902 30413 30413 D VRI[MainActivity]@8ec4b6f: mThreadedRenderer.initialize() mSurface={isValid=true 0xb40000783104c110} hwInitialized=true
03-25 21:14:54.906  1647  1647 I SurfaceFlinger: [com.ashutosh.mindfultennis/com.ashutosh.mindfultennis.MainActivity$_30413#17714] attach to parent LayerHierarchy{RequestedLayerState{ae26aa3 com.ashutosh.mindfultennis/com.ashutosh.mindfultennis.MainActivity#17713 parentId=17705} 1 children}
03-25 21:14:54.907  1647  1647 I SurfaceFlinger: [Surface(name=d1c3658 StatusBar)/@0xd916cc - animation-leash of insets_animation#17715] attach to parent LayerHierarchy{RequestedLayerState{WindowToken{54f601f type=2000 android.os.BinderProxy@801e79}#93 parentId=17} 2 children}
03-25 21:14:54.907  1647  1647 I SurfaceFlinger: [Surface(name=2cb579b NavigationBar0)/@0xedb161b - animation-leash of insets_animation#17716] attach to parent LayerHierarchy{RequestedLayerState{WindowToken{91f7faa type=2019 android.os.BinderProxy@eac24c}#86 parentId=34} 2 children}
03-25 21:14:54.907 30413 30413 D VRI[MainActivity]@8ec4b6f: reportNextDraw android.view.ViewRootImpl.performTraversals:5443 android.view.ViewRootImpl.doTraversal:3924 android.view.ViewRootImpl$TraversalRunnable.run:12903 android.view.Choreographer$CallbackRecord.run:1901 android.view.Choreographer$CallbackRecord.run:1910 
03-25 21:14:54.907 30413 30413 D VRI[MainActivity]@8ec4b6f: Setup new sync=wmsSync-VRI[MainActivity]@8ec4b6f#0
03-25 21:14:54.907 30413 30413 I VRI[MainActivity]@8ec4b6f: Creating new active sync group VRI[MainActivity]@8ec4b6f#1
03-25 21:14:54.909  3292  3292 D NavigationBar: onSystemBarAttributesChanged() -  displayId:0, appearance:16, packageName: com.ashutosh.mindfultennis (APPEARANCE_LIGHT_NAVIGATION_BARS ), navbarColorManagedByIme:false
03-25 21:14:54.910 30413 30413 D VRI[MainActivity]@8ec4b6f: registerCallbacksForSync syncBuffer=false
03-25 21:14:54.915 30413 30413 I View    : setRequestedFrameRate frameRate=0.0, this=androidx.compose.ui.platform.AndroidComposeView{e01083f VFED..... ......ID 0,0-1080,2340 aid=1073741824}, caller=android.view.ViewGroup.setRequestedFrameRate:9952 androidx.compose.ui.platform.Api35Impl.setRequestedFrameRate:0 androidx.compose.ui.platform.AndroidComposeView.dispatchDraw:152 android.view.View.draw:26345 android.view.View.updateDisplayListIfDirty:25175 
03-25 21:14:54.915 30413 30413 I View    : setRequestedFrameRate frameRate=-4.0, this=android.view.View{eba579 V.ED..... ......I. 0,0-0,0}, caller=androidx.compose.ui.platform.Api35Impl.setRequestedFrameRate:0 androidx.compose.ui.platform.AndroidComposeView.dispatchDraw:164 android.view.View.draw:26345 android.view.View.updateDisplayListIfDirty:25175 android.view.View.draw:26072 
03-25 21:14:54.915 30413 30413 I View    : setRequestedFrameRate frameRate=NaN, this=androidx.compose.ui.platform.AndroidComposeView{e01083f VFED..... ........ 0,0-1080,2340 aid=1073741824}, caller=android.view.ViewGroup.setRequestedFrameRate:9952 androidx.compose.ui.platform.Api35Impl.setRequestedFrameRate:0 androidx.compose.ui.platform.AndroidComposeView.dispatchDraw:152 android.view.View.draw:26345 android.view.View.updateDisplayListIfDirty:25175 
03-25 21:14:54.915 30413 30413 I View    : setRequestedFrameRate frameRate=NaN, this=android.view.View{eba579 V.ED..... ........ 0,0-0,0}, caller=androidx.compose.ui.platform.Api35Impl.setRequestedFrameRate:0 androidx.compose.ui.platform.AndroidComposeView.dispatchDraw:164 android.view.View.draw:26345 android.view.View.updateDisplayListIfDirty:25175 android.view.ViewGroup.recreateChildDisplayList:4794 
03-25 21:14:54.916 30413 30446 D VRI[MainActivity]@8ec4b6f: Received frameDrawingCallback syncResult=0 frameNum=1.
03-25 21:14:54.916 30413 30446 I VRI[MainActivity]@8ec4b6f: mWNT: t=0xb4000076e1053350 mBlastBufferQueue=0xb4000076f1068480 fn= 1 HdrRenderState mRenderHdrSdrRatio=1.0 caller= android.view.ViewRootImpl$12.onFrameDraw:15441 android.view.ThreadedRenderer$1.onFrameDraw:718 <bottom of call stack> 
03-25 21:14:54.916 30413 30446 I VRI[MainActivity]@8ec4b6f: Setting up sync and frameCommitCallback
03-25 21:14:54.921 30413 30436 I BLASTBufferQueue: [VRI[MainActivity]@8ec4b6f#0](f:0,a:0,s:0) onFrameAvailable the first frame is available
03-25 21:14:54.921 30413 30436 I SurfaceComposerClient: apply transaction with the first frame. layerId: 17714, bufferData(ID: 130622840373251, frameNumber: 1)
03-25 21:14:54.921 30413 30436 I VRI[MainActivity]@8ec4b6f: Received frameCommittedCallback lastAttemptedDrawFrameNum=1 didProduceBuffer=true
03-25 21:14:54.922  1647  3915 I SurfaceFlinger: [com.ashutosh.mindfultennis/com.ashutosh.mindfultennis.MainActivity$_30413#17714] setTransactionState with the first frame. bufferData(ID: 130622840373251, frameNumber: 1)
03-25 21:14:54.923 30413 30436 D HWUI    : CFMS:: SetUp Pid : 30413    Tid : 30436
03-25 21:14:54.923 30413 30413 D VRI[MainActivity]@8ec4b6f: reportDrawFinished seqId=0
03-25 21:14:54.923 30413 30413 D LicenseClient: Connected to the licensing service.
03-25 21:14:54.923  2435  3812 D WindowManager: finishDrawingWindow: Window{ae26aa3 u0 com.ashutosh.mindfultennis/com.ashutosh.mindfultennis.MainActivity} mDrawState=DRAW_PENDING seqId=0
03-25 21:14:54.923  1647  1647 I SurfaceFlinger: [LayerHierarchy{RequestedLayerState{2cb579b NavigationBar0#87 parentId=17716} 1 children}] reparent to LayerHierarchy{RequestedLayerState{Surface(name=2cb579b NavigationBar0)/@0xedb161b - animation-leash of insets_animation#17716 parentId=86} 1 children}
03-25 21:14:54.924  1647  1647 I SurfaceFlinger: [LayerHierarchy{RequestedLayerState{d1c3658 StatusBar#94 parentId=17715} 1 children}] reparent to LayerHierarchy{RequestedLayerState{Surface(name=d1c3658 StatusBar)/@0xd916cc - animation-leash of insets_animation#17715 parentId=93} 1 children}
03-25 21:14:54.924  1647  1647 I SurfaceFlinger: [LayerHierarchy{RequestedLayerState{Surface(name=2cb579b NavigationBar0)/@0xedb161b - animation-leash of insets_animation#17711} no children}] reparent to OffscreenRoot
03-25 21:14:54.924  1647  1647 I SurfaceFlinger: [LayerHierarchy{RequestedLayerState{Surface(name=2cb579b NavigationBar0)/@0xedb161b - animation-leash of insets_animation#17711} no children}] RelativeParent to null
03-25 21:14:54.924  2435  2530 D SurfaceComposerClient: setCornerRadius ## bd02a6a Splash Screen com.ashutosh.mindfultennis#17706 cornerRadius=0.000000
03-25 21:14:54.924 30413 30454 D LicenseClient: Sending request to licensing service...
03-25 21:14:54.924  1647  1647 I SurfaceFlinger: [LayerHierarchy{RequestedLayerState{Surface(name=d1c3658 StatusBar)/@0xd916cc - animation-leash of insets_animation#17710} no children}] reparent to OffscreenRoot
03-25 21:14:54.924  2435  2530 D SurfaceComposerClient: setCornerRadius ## ae26aa3 com.ashutosh.mindfultennis/com.ashutosh.mindfultennis.MainActivity#17713 cornerRadius=0.000000
03-25 21:14:54.924  1647  1647 I SurfaceFlinger: [LayerHierarchy{RequestedLayerState{Surface(name=d1c3658 StatusBar)/@0xd916cc - animation-leash of insets_animation#17710} no children}] RelativeParent to null
03-25 21:14:54.924  2435  3158 I SemWifiServiceDetector: Service det. suspended: T / T / 22318
03-25 21:14:54.924  2435  2530 D SurfaceComposerClient: setCornerRadius ## bd02a6a Splash Screen com.ashutosh.mindfultennis#17706 cornerRadius=0.000000
03-25 21:14:54.924  2435  2530 V WindowManager: Finish starting ActivityRecord{98954802 u0 com.ashutosh.mindfultennis/.MainActivity t10768}: first real window is shown, no animation
03-25 21:14:54.924  2435  2530 V WindowManager: Schedule remove starting ActivityRecord{98954802 u0 com.ashutosh.mindfultennis/.MainActivity t10768} startingWindow=Window{bd02a6a u0 Splash Screen com.ashutosh.mindfultennis} animate=true Callers=com.android.server.wm.ActivityRecord.removeStartingWindow:178 com.android.server.wm.WindowState.performShowLocked:155 com.android.server.wm.WindowStateAnimator.commitFinishDrawingLocked:73 com.android.server.wm.DisplayContent$$ExternalSyntheticLambda1.accept$com$android$server$wm$DisplayContent$$ExternalSyntheticLambda37:23 com.android.server.wm.DisplayContent$$ExternalSyntheticLambda1.accept:143 
03-25 21:14:54.924  2435  2530 D TaskOrganizerController: applyStartingWindowAnimation, window=Window{ae26aa3 u0 com.ashutosh.mindfultennis/com.ashutosh.mindfultennis.MainActivity}, caller=com.android.server.wm.TaskOrganizerController.removeStartingWindow:132 com.android.server.wm.StartingSurfaceController$StartingSurface.remove:23 com.android.server.wm.ActivityRecord.removeStartingWindowAnimation:171 
03-25 21:14:54.924  2435  2530 I WindowManager: Reparenting to leash, surface=Surface(name=ae26aa3 com.ashutosh.mindfultennis/com.ashutosh.mindfultennis.MainActivity)/@0x147a4b8, leashParent=Surface(name=ActivityRecord{98954802 u0 com.ashutosh.mindfultennis/.MainActivity t10768})/@0xe016291
03-25 21:14:54.925  1647  3915 I SurfaceFlinger: id=17717 createSurf, flag=24000, Surface(name=ae26aa3 com.ashutosh.mindfultennis/com.ashutosh.mindfultennis.MainActivity)/@0x147a4b8 - animation-leash of starting_reveal#17717
03-25 21:14:54.926  2435  2530 D WindowManager: makeSurface duration=2 leash=Surface(name=Surface(name=ae26aa3 com.ashutosh.mindfultennis/com.ashutosh.mindfultennis.MainActivity)/@0x147a4b8 - animation-leash of starting_reveal)/@0xfc555f6
03-25 21:14:54.926 30413 30436 D HWUI    : HWUI - treat SMPTE_170M as sRGB
03-25 21:14:54.926  2435  2530 I ActivityTaskManager: done cause=notifyWindowsDrawn timestamp=34660993274694 info=TransitionInfo{97abdf7 a=ActivityRecord{98954802 u0 com.ashutosh.mindfultennis/.MainActivity t10768} d=true}
03-25 21:14:54.926  2435  2530 V WindowManager: performShowLocked: mDrawState=HAS_DRAWN in Window{ae26aa3 u0 com.ashutosh.mindfultennis/com.ashutosh.mindfultennis.MainActivity}
03-25 21:14:54.926  2435  2530 D SurfaceComposerClient: setCornerRadius ## ae26aa3 com.ashutosh.mindfultennis/com.ashutosh.mindfultennis.MainActivity#17713 cornerRadius=0.000000
03-25 21:14:54.927  2435  2530 D SurfaceComposerClient: setCornerRadius ## bd02a6a Splash Screen com.ashutosh.mindfultennis#17706 cornerRadius=0.000000
03-25 21:14:54.927  2435  2530 D SurfaceComposerClient: setCornerRadius ## ae26aa3 com.ashutosh.mindfultennis/com.ashutosh.mindfultennis.MainActivity#17713 cornerRadius=0.000000
03-25 21:14:54.927  2435  2530 D SurfaceComposerClient: setCornerRadius ## bd02a6a Splash Screen com.ashutosh.mindfultennis#17706 cornerRadius=0.000000
03-25 21:14:54.927  2435  2530 D SurfaceComposerClient: setCornerRadius ## ae26aa3 com.ashutosh.mindfultennis/com.ashutosh.mindfultennis.MainActivity#17713 cornerRadius=0.000000
03-25 21:14:54.927  2435  2530 I WindowManager: notifyInsetsControlChanged, removed=false, win=Window{bd02a6a u0 Splash Screen com.ashutosh.mindfultennis}, caller=com.android.server.wm.InsetsStateController$$ExternalSyntheticLambda1.run:137 com.android.server.wm.WindowAnimator$$ExternalSyntheticLambda2.onTransactionCommitted:26 android.view.SurfaceControl$Transaction$$ExternalSyntheticLambda4.run:0 android.os.Handler.handleCallback:995 android.os.Handler.dispatchMessage:103 android.os.Looper.loopOnce:273 
03-25 21:14:54.930  3292  3386 D ShellTaskOrganizer: removeStartingWindow, removalInfo=StartingWindowRemovalInfo{taskId=10768 frame=Rect(0, 0 - 1080, 2340) playRevealAnimation=true roundedCornerRadius=0.0 deferRemoveMode=0 windowlessSurface=false removeImmediately=false}
03-25 21:14:54.932  1647  1947 D SurfaceFlinger: [input] setFocusedWindow: ae26aa3 com.ashutosh.mindfultennis/com.ashutosh.mindfultennis.MainActivity
03-25 21:14:54.932  2435  3279 D InputDispatcher: Once focus requested (0): ae26aa3 com.ashutosh.mindfultennis/com.ashutosh.mindfultennis.MainActivity
03-25 21:14:54.932  2435  3279 D InputDispatcher: Focus request (0): ae26aa3 com.ashutosh.mindfultennis/com.ashutosh.mindfultennis.MainActivity but waiting because NOT_VISIBLE
03-25 21:14:54.935 30413 30413 I View    : setRequestedFrameRate frameRate=NaN, this=androidx.compose.ui.platform.AndroidComposeView{e01083f VFED..... ........ 0,0-1080,2340 aid=1073741824}, caller=android.view.ViewGroup.setRequestedFrameRate:9952 androidx.compose.ui.platform.Api35Impl.setRequestedFrameRate:0 androidx.compose.ui.platform.AndroidComposeView.dispatchDraw:152 android.view.View.draw:26345 android.view.View.updateDisplayListIfDirty:25175 
03-25 21:14:54.935 30413 30413 I View    : setRequestedFrameRate frameRate=NaN, this=android.view.View{eba579 V.ED..... ........ 0,0-0,0}, caller=androidx.compose.ui.platform.Api35Impl.setRequestedFrameRate:0 androidx.compose.ui.platform.AndroidComposeView.dispatchDraw:164 android.view.View.draw:26345 android.view.View.updateDisplayListIfDirty:25175 android.view.ViewGroup.recreateChildDisplayList:4794 
03-25 21:14:54.935  2435  2526 D [secipm]: mSecIpmManager report to nap
03-25 21:14:54.935  2435  2526 I PkgPredictorService-SecIpmManagerServiceImpl: reportToNAP uid:10261 com.ashutosh.mindfultennis/com.ashutosh.mindfultennis.MainActivity thisTime:300
03-25 21:14:54.935  2435  2526 D PkgPredictorService-SecIpmManagerServiceImpl: reportToNAP: mHeavyLaunchCounter is false
03-25 21:14:54.935 30413 30413 D WM-WorkerWrapper: Starting work for com.ashutosh.mindfultennis.data.sync.SyncWorker
03-25 21:14:54.939  2435  3088 V MdnieScenarioControlService: mAclOffEnabled : false
03-25 21:14:54.940  1647  1647 I SurfaceFlinger: [Surface(name=ae26aa3 com.ashutosh.mindfultennis/com.ashutosh.mindfultennis.MainActivity)/@0x147a4b8 - animation-leash of starting_reveal#17717] attach to parent LayerHierarchy{RequestedLayerState{ActivityRecord{98954802 u0 com.ashutosh.mindfultennis/.MainActivity t10768}#17705 parentId=17704} 4 children}
03-25 21:14:54.940  2435  2529 D BBA2    : updateWindowVisible for pid : 30413, visible : 1
03-25 21:14:54.942  3292  3437 I VRI[mindfultennis]@d325c: onActiveControlsChanged, removed=false, mAdded=true, caller=android.view.ViewRootImpl.handleInsetsControlChanged:3002 android.view.ViewRootImpl$ViewRootHandler.handleMessageImpl:8352 android.view.ViewRootImpl$ViewRootHandler.handleMessage:8301 android.os.Handler.dispatchMessage:110 android.os.Looper.loopOnce:273 
03-25 21:14:54.943  1647  3915 I SurfaceFlinger: id=17710 Removed Surface(name=d1c3658 StatusBar)/@0xd916cc - animation-leash of insets_animation#17710 (200)
03-25 21:14:54.943  1647  3915 I SurfaceFlinger: id=17711 Removed Surface(name=2cb579b NavigationBar0)/@0xedb161b - animation-leash of insets_animation#17711 (200)
03-25 21:14:54.943  3292  3489 I VRI[mindfultennis]@d325c: mWNT: t=0xb4000076e114a9d0 mBlastBufferQueue=0xb4000076f143e1a0 fn= 2 HdrRenderState mRenderHdrSdrRatio=1.0 caller= android.view.SyncRtSurfaceTransactionApplier.applyTransaction:100 android.view.SyncRtSurfaceTransactionApplier.lambda$scheduleApply$0:73 android.view.SyncRtSurfaceTransactionApplier.$r8$lambda$afI4fXg3U3-nBZQEDQMiNy-B06s:0 
03-25 21:14:54.943  3292  3489 I VRI[mindfultennis]@d325c: mWNT: t=0xb4000076e11e5990 mBlastBufferQueue=0xb4000076f143e1a0 fn= 2 HdrRenderState mRenderHdrSdrRatio=1.0 caller= android.view.SyncRtSurfaceTransactionApplier.applyTransaction:100 android.view.SyncRtSurfaceTransactionApplier.lambda$scheduleApply$0:73 android.view.SyncRtSurfaceTransactionApplier.$r8$lambda$afI4fXg3U3-nBZQEDQMiNy-B06s:0 
03-25 21:14:54.943  2435  2526 I ActivityTaskManager: Displayed com.ashutosh.mindfultennis/.MainActivity for user 0: +300ms
03-25 21:14:54.943  2435  2526 I Pageboost: Launch time gathered : pid 30413 com.ashutosh.mindfultennis 300
03-25 21:14:54.945  4309  4309 E pageboostd: Received HALT command code 2
03-25 21:14:54.946 30413 30440 D SyncManager: Starting sync for user a53959d1-fc26-4315-84fc-53039008916a
03-25 21:14:54.956  1647  1647 I SurfaceFlinger: RequestedLayer [com.ashutosh.mindfultennis/com.ashut[...]dfultennis.MainActivity$_30413#17714] hidden!! flag  from(1) --> to(0)
03-25 21:14:54.956  1647  1647 I SurfaceFlinger: destroyed Surface(name=2cb579b NavigationBar0)/@0xedb161b - animation-leash of insets_animation#17711 form LifecycleManager
03-25 21:14:54.956  1647  1647 I SurfaceFlinger: destroyed Surface(name=d1c3658 StatusBar)/@0xd916cc - animation-leash of insets_animation#17710 form LifecycleManager
03-25 21:14:54.957  1647  1647 I SurfaceFlinger: [LayerHierarchy{RequestedLayerState{ae26aa3 com.ashutosh.mindfultennis/com.ashutosh.mindfultennis.MainActivity#17713 parentId=17717} 1 children}] reparent to LayerHierarchy{RequestedLayerState{Surface(name=ae26aa3 com.ashutosh.mindfultennis/com.ashutosh.mindfultennis.MainActivity)/@0x147a4b8 - animation-leash of starting_reveal#17717 parentId=17705} 1 children}
03-25 21:14:54.957  1647  1647 I SurfaceFlinger: id=17711 onLayerDestroyed from LayerHierarchyBuilder(RequestedLayerState{Surface(name=2cb579b NavigationBar0)/@0xedb161b - animation-leash of insets_animation#17711 !handle})
03-25 21:14:54.957  1647  1647 I SurfaceFlinger: id=17710 onLayerDestroyed from LayerHierarchyBuilder(RequestedLayerState{Surface(name=d1c3658 StatusBar)/@0xd916cc - animation-leash of insets_animation#17710 !handle})
03-25 21:14:54.957  3292  3487 I VRI[mindfultennis]@d325c: mWNT: t=0xb4000076e11b2d90 mBlastBufferQueue=0xb4000076f143e1a0 fn= 3 HdrRenderState mRenderHdrSdrRatio=1.0 caller= android.view.SyncRtSurfaceTransactionApplier.applyTransaction:100 android.view.SyncRtSurfaceTransactionApplier.lambda$scheduleApply$0:73 android.view.SyncRtSurfaceTransactionApplier.$r8$lambda$afI4fXg3U3-nBZQEDQMiNy-B06s:0 
03-25 21:14:54.959  1647  1647 I Layer   : id=17711 Destroyed Surface(name=2cb579b NavigationBar0)/@0xedb161b - animation-leash of insets_animation#17711
03-25 21:14:54.959  1647  1647 I Layer   : id=17710 Destroyed Surface(name=d1c3658 StatusBar)/@0xd916cc - animation-leash of insets_animation#17710
03-25 21:14:54.960  2435  2529 I DisplayDeviceRepository: Display device changed render timings: "Built-in Screen", renderFrameRate=60.000004, presentationDeadlineNanos=17666666, appVsyncOffsetNanos=16666666, frameRateOverrides=[{uid=10038 frameRateHz=60.000004}, {uid=10261 frameRateHz=60.000004}, {uid=10326 frameRateHz=60.000004}]
03-25 21:14:54.961  2435  2530 D SurfaceComposerClient: setCornerRadius ## bd02a6a Splash Screen com.ashutosh.mindfultennis#17706 cornerRadius=0.000000
03-25 21:14:54.961  2435  2530 D SurfaceComposerClient: setCornerRadius ## ae26aa3 com.ashutosh.mindfultennis/com.ashutosh.mindfultennis.MainActivity#17713 cornerRadius=0.000000
03-25 21:14:54.966  1647  1647 D SurfaceFlinger: Display 4630947232161729154 HWC layers:
03-25 21:14:54.966  1647  1647 D SurfaceFlinger:        CLIENT |          139990164045900 | 00002100 | RGBA_8888    |  334.0    0.0 1080.0 2340.0 |    0    0 1080 2340 | com.whatsapp/com.whatsapp.home.ui.HomeActivity$_32594#17697 (9)
03-25 21:14:54.966  1647  1647 D SurfaceFlinger:   SOLID_COLOR |                        0 | 00000000 | N/A          |    0.0    0.0    0.0    0.0 |    0    0 1080 2340 | DimTransitionLayer for Surface(name=Task=10768)/@0xcb381ea#17709 (0)
03-25 21:14:54.966  1647  1647 D SurfaceFlinger:        DEVICE |          130622840373250 | 00002102 | RGBA_8888    |    0.0    0.0 1001.0 2280.0 |   79   60 1080 2340 | com.ashutosh.mindfultennis/com.ashut[...]dfultennis.MainActivity$_30413#17714 (2)
03-25 21:14:54.966  1647  1647 D SurfaceFlinger:        DEVICE |           14139032346743 | 00002100 | RGBA_8888    |    0.0    0.0 1001.0 2340.0 |   79    0 1080 2340 | Splash Screen com.ashutosh.mindfultennis$_3292#17707 (2)
03-25 21:14:54.966  1647  1647 D SurfaceFlinger:        DEVICE |           14139032346532 | 00002100 | RGBA_8888    |    0.0    0.0 1080.0   81.0 |    0    0 1080   81 | StatusBar$_3292#103 (26677)
03-25 21:14:54.966  1647  1647 D SurfaceFlinger:        DEVICE |           14139032346534 | 00002100 | RGBA_8888    |    0.0   
03-25 21:14:54.966  1647  1647 D SurfaceFlinger:  0.0 1080.0  144.0 |    0 2196 1080 2340 | NavigationBar0$_3292#99 (25359)
03-25 21:14:54.966  1647  1647 D SurfaceFlinger: 
03-25 21:14:54.968  2435  3812 D InputDispatcher: Focus entered window (0): ae26aa3 com.ashutosh.mindfultennis/com.ashutosh.mindfultennis.MainActivity
03-25 21:14:54.976  3292  3489 I VRI[mindfultennis]@d325c: mWNT: t=0xb4000076e11d3fd0 mBlastBufferQueue=0xb4000076f143e1a0 fn= 4 HdrRenderState mRenderHdrSdrRatio=1.0 caller= android.view.SyncRtSurfaceTransactionApplier.applyTransaction:100 android.view.SyncRtSurfaceTransactionApplier.lambda$scheduleApply$0:73 android.view.SyncRtSurfaceTransactionApplier.$r8$lambda$afI4fXg3U3-nBZQEDQMiNy-B06s:0 
03-25 21:14:54.981 22124 22124 I wpa_supplicant: Heartbeat 380
03-25 21:14:54.986 30413 30454 D LicenseClient: Request to licensing service sent.
03-25 21:14:54.989 30413 30413 I View    : setRequestedFrameRate frameRate=NaN, this=androidx.compose.ui.platform.AndroidComposeView{e01083f VFED..... ......ID 0,0-1080,2340 aid=1073741824}, caller=android.view.ViewGroup.setRequestedFrameRate:9952 androidx.compose.ui.platform.Api35Impl.setRequestedFrameRate:0 androidx.compose.ui.platform.AndroidComposeView.dispatchDraw:152 android.view.View.draw:26345 android.view.View.updateDisplayListIfDirty:25175 
03-25 21:14:54.989 30413 30413 I View    : setRequestedFrameRate frameRate=-4.0, this=android.view.View{eba579 V.ED..... ........ 0,0-0,0}, caller=androidx.compose.ui.platform.Api35Impl.setRequestedFrameRate:0 androidx.compose.ui.platform.AndroidComposeView.dispatchDraw:164 android.view.View.draw:26345 android.view.View.updateDisplayListIfDirty:25175 android.view.ViewGroup.recreateChildDisplayList:4794 
03-25 21:14:54.990 30413 30413 I InsetsSourceConsumer: applyRequestedVisibilityToControl: visible=true, type=statusBars, host=com.ashutosh.mindfultennis/com.ashutosh.mindfultennis.MainActivity
03-25 21:14:54.990 30413 30413 I InsetsSourceConsumer: applyRequestedVisibilityToControl: visible=true, type=navigationBars, host=com.ashutosh.mindfultennis/com.ashutosh.mindfultennis.MainActivity
03-25 21:14:54.990 30413 30413 D WM-SystemJobService: onStartJob for WorkGenerationalId(workSpecId=8a9f1c53-e137-4264-acaa-617c0f8e2e81, generation=0)
03-25 21:14:54.993  2435  3881 I WindowManager: Relayout Window{bd02a6a u0 Splash Screen com.ashutosh.mindfultennis}: viewVisibility=8 req=1080x2340 ty=3 d0
03-25 21:14:54.994  2435  3881 D SurfaceComposerClient: setCornerRadius ## ae26aa3 com.ashutosh.mindfultennis/com.ashutosh.mindfultennis.MainActivity#17713 cornerRadius=0.000000
03-25 21:14:54.995  2435  3881 D WindowManager: updateSystemBarAttributes: displayId=0, focusedCanBeNavColorWin=false, win=Window{ae26aa3 u0 com.ashutosh.mindfultennis/com.ashutosh.mindfultennis.MainActivity}, navColorWin=Window{ae26aa3 u0 com.ashutosh.mindfultennis/com.ashutosh.mindfultennis.MainActivity}, caller=com.android.server.wm.DisplayPolicy.finishPostLayoutPolicyLw:17 com.android.server.wm.RootWindowContainer.applySurfaceChangesTransaction$1:195 com.android.server.wm.RootWindowContainer.performSurfacePlacementNoTrace:59 
03-25 21:14:54.995  2435  3881 D WindowManager: updateSystemBarAttributes, bhv=1, apr=0, statusBarAprRegions=[AppearanceRegion{LIGHT_STATUS_BARS bounds=[0,0][1080,2340]}], requestedVisibilities=-9
03-25 21:14:54.995  2435  3881 D SurfaceComposerClient: setCornerRadius ## bd02a6a Splash Screen com.ashutosh.mindfultennis#17706 cornerRadius=0.000000
03-25 21:14:54.995  2435  3881 D SurfaceComposerClient: setCornerRadius ## ae26aa3 com.ashutosh.mindfultennis/com.ashutosh.mindfultennis.MainActivity#17713 cornerRadius=0.000000
03-25 21:14:54.996  2435  3881 I WindowManager: Relayout hash=bd02a6a, pid=3292, syncId=-1: mAttrs={(0,0)(fillxfill) sim={adjust=pan} layoutInDisplayCutoutMode=always ty=APPLICATION_STARTING fmt=TRANSLUCENT wanim=0x1030317
03-25 21:14:54.996  2435  3881 I WindowManager:   fl=81030118
03-25 21:14:54.996  2435  3881 I WindowManager:   pfl=10000810
03-25 21:14:54.996  2435  3881 I WindowManager:   apr=18
03-25 21:14:54.996  2435  3881 I WindowManager:   bhv=1
03-25 21:14:54.996  2435  3881 I WindowManager:   fitSides=0
03-25 21:14:54.996  2435  3881 I WindowManager:   frameRateBoostOnTouch=true
03-25 21:14:54.996  2435  3881 I WindowManager:   dvrrWindowFrameRateHint=true naviIconColor=0}
03-25 21:14:54.996  3292  3437 I VRI[mindfultennis]@d325c: onActiveControlsChanged, removed=false, mAdded=true, caller=android.view.ViewRootImpl.handleInsetsControlChanged:3002 android.view.ViewRootImpl.relayoutWindow:11629 android.view.ViewRootImpl.performTraversals:4804 android.view.ViewRootImpl.doTraversal:3924 android.view.ViewRootImpl$TraversalRunnable.run:12903 
03-25 21:14:54.997  3292  3437 I VRI[mindfultennis]@d325c: Relayout returned: old=(0,0,1080,2340) new=(0,0,1080,2340) relayoutAsync=false req=(1080,2340)8 dur=4 res=0x2 s={false 0x0} ch=true seqId=0
03-25 21:14:54.997  3292  3437 D VRI[mindfultennis]@d325c: Not drawing due to not visible. Reason=View.GONE
03-25 21:14:54.997  3292  3437 I VRI[mindfultennis]@d325c: dispatchDetachedFromWindow
03-25 21:14:54.997  2435  3812 D WindowManager: Starting window removed Window{bd02a6a u0 Splash Screen com.ashutosh.mindfultennis}
03-25 21:14:54.997  2435  3812 I WindowManager: Cancelling animation restarting=false, leash=Surface(name=Surface(name=ae26aa3 com.ashutosh.mindfultennis/com.ashutosh.mindfultennis.MainActivity)/@0x147a4b8 - animation-leash of starting_reveal)/@0xfc555f6
03-25 21:14:54.997  2435  3812 I WindowManager: Reparenting to original parent: Surface(name=ActivityRecord{98954802 u0 com.ashutosh.mindfultennis/.MainActivity t10768})/@0xe016291, destroy=false, surface=Surface(name=ae26aa3 com.ashutosh.mindfultennis/com.ashutosh.mindfultennis.MainActivity)/@0x147a4b8
03-25 21:14:54.997  2435  3812 I SemDvfsHyPerManager: acquire hyper - AMS_RESUME_TAIL/2435@23, type = -999
03-25 21:14:54.998  2435  3812 I SemDvfsHyPerManager: acquire hyper - AMS_ACT_LAZY/2435@24, type = -999
03-25 21:14:54.998  2435  3812 D ActivityManagerPerformance: AMP_acquire() TAIL
03-25 21:14:54.998  2435  3812 D ActivityManagerPerformance: AMP_release() APP_SWITCH
03-25 21:14:54.998  2435  3812 D InputTransport: Input channel destroyed: 'bd02a6a', fd=1218
03-25 21:14:54.998  1545  1597 I HYPER-HAL: [RequestManager.cpp]acquire(): Acquired ID : 3022134  [2435 / 23]    HINT : AMS_RESUME_TAIL    list : 
03-25 21:14:54.998  2435  3812 V WindowManager: Remove Window{bd02a6a u0 Splash Screen com.ashutosh.mindfultennis}: mSurfaceControl=Surface(name=Splash Screen com.ashutosh.mindfultennis$_3292)/@0x94d28a6 mAnimatingExit=false mRemoveOnExit=false mHasSurface=true surfaceShowing=true animating=false app-animation=false callers=com.android.server.wm.Session.remove:16 android.view.IWindowSession$Stub.onTransact:804 com.android.server.wm.Session.onTransact:1 android.os.Binder.execTransactInternal:1457 android.os.Binder.execTransact:1401 <bottom of call stack> 
03-25 21:14:54.998  2435  3812 D SurfaceComposerClient: setCornerRadius ## ae26aa3 com.ashutosh.mindfultennis/com.ashutosh.mindfultennis.MainActivity#17713 cornerRadius=0.000000
03-25 21:14:54.998  1896  7701 I CameraService: onUidStateChanged: uid=10038, procState is changed. (1 -> 0)
03-25 21:14:54.999  2435  3812 D SurfaceComposerClient: setCornerRadius ## ae26aa3 com.ashutosh.mindfultennis/com.ashutosh.mindfultennis.MainActivity#17713 cornerRadius=0.000000
03-25 21:14:54.999  3292  3437 D InputTransport: Input channel destroyed: 'bd02a6a', fd=683
03-25 21:14:55.000 30413 30448 D WM-Processor: Work WorkGenerationalId(workSpecId=8a9f1c53-e137-4264-acaa-617c0f8e2e81, generation=0) is already enqueued for processing
03-25 21:14:55.000 30413 30428 I LicenseClient: License check succeeded.
03-25 21:14:55.002  3292  3292 D NavigationBar: onSystemBarAttributesChanged() -  displayId:0, appearance:0, packageName: com.ashutosh.mindfultennis, navbarColorManagedByIme:false
03-25 21:14:55.003  2435  4293 D FreecessController: BG freezed, skip OLAF unfreeze for (com.samsung.android.game.gamehome, 10070)
03-25 21:14:55.005  1545  1597 I HYPER-HAL: [RequestManager.cpp]acquire(): Acquired ID : 3024594  [2435 / 24]    HINT : AMS_ACT_LAZY    list : 
03-25 21:14:55.008  3292  3292 D SystemUIService: SYSUI_RAM_OPTIMIZATION onTrimMemory=20
03-25 21:14:55.008  3292  3292 D CentralSurfaces: SYSUI_RAM_OPTIMIZATION onTrimMemory=20
03-25 21:14:55.008  3292  3491 D HWUI    : CacheManager::trimMemory(20)
03-25 21:14:55.009  2435  2530 D SurfaceComposerClient: setCornerRadius ## ae26aa3 com.ashutosh.mindfultennis/com.ashutosh.mindfultennis.MainActivity#17713 cornerRadius=0.000000
03-25 21:14:55.009  1545  1597 I HYPER-HAL: [RequestManager.cpp]releaseLocked(): Released ID : 3027055
03-25 21:14:55.014  1540 25660 I sensors-hal: handle_sns_std_sensor_event:311, [SSC_LIGHT] P: 15(15),m:7,c:95,b:67,c0:1744,l:22,f(r):74,u(bl):100,j:2
03-25 21:14:55.014  2435  4293 D FreecessController: BG freezed, skip OLAF unfreeze for (com.snapchat.android, 10437)
03-25 21:14:55.015  2435  4293 D FreecessController: restrictJobsByOlaf: restrict=false, uid=-1
03-25 21:14:55.017  2435  4293 I NSLocationMonitor: getGPSUsingApps() called
03-25 21:14:55.017  4264  4292 I NSLocationManager_FLP: getGPSUsingApps, No change
03-25 21:14:55.017  2435  2435 D OlafRestriction:  olaf state update: state=false
03-25 21:14:55.017  2435  2435 D OlafRestriction:  sending trigger onRestrictionStateChanged msg.
03-25 21:14:55.021  2435  4293 D FreecessHandler: freeze com.google.android.youtube(10258) result : 51
03-25 21:14:55.021  2435  4293 D FreecessHandler: stop trying to freeze com.google.android.youtube
03-25 21:14:55.021  2435  4293 I NSLocationMonitor: getGPSUsingApps() called
03-25 21:14:55.022  4264  4292 I NSLocationManager_FLP: getGPSUsingApps, No change
03-25 21:14:55.023  1647  1647 I SurfaceFlinger: RequestedLayer [Splash Screen com.ashutosh.mindfultennis$_3292#17707] hidden!! flag  from(0) --> to(1)
03-25 21:14:55.023  1647  1647 I SurfaceFlinger: [LayerHierarchy{RequestedLayerState{Surface(name=ae26aa3 com.ashutosh.mindfultennis/com.ashutosh.mindfultennis.MainActivity)/@0x147a4b8 - animation-leash of starting_reveal#17717} 1 children}] reparent to OffscreenRoot
03-25 21:14:55.023  1647  1647 I SurfaceFlinger: [LayerHierarchy{RequestedLayerState{Surface(name=ae26aa3 com.ashutosh.mindfultennis/com.ashutosh.mindfultennis.MainActivity)/@0x147a4b8 - animation-leash of starting_reveal#17717} 1 children}] RelativeParent to null
03-25 21:14:55.023  1647  1647 I SurfaceFlinger: [LayerHierarchy{RequestedLayerState{ae26aa3 com.ashutosh.mindfultennis/com.ashutosh.mindfultennis.MainActivity#17713 parentId=17705} 1 children}] reparent to LayerHierarchy{RequestedLayerState{ActivityRecord{98954802 u0 com.ashutosh.mindfultennis/.MainActivity t10768}#17705 parentId=17704} 3 children}
03-25 21:14:55.027  2435  4293 D FreecessController: FZ : com.microsoft.office.outlook(10288) [30111] reason: Bg [cached:O
03-25 21:14:55.027  2435  4293 D FreecessHandler: freeze com.microsoft.office.outlook(10288) result : 0
03-25 21:14:55.027  2435  4293 I NSLocationMonitor: getGPSUsingApps() called
03-25 21:14:55.028  4264  4292 I NSLocationManager_FLP: getGPSUsingApps, No change
03-25 21:14:55.031 30413 30413 I View    : setRequestedFrameRate frameRate=NaN, this=androidx.compose.ui.platform.AndroidComposeView{e01083f VFED..... ......ID 0,0-1080,2340 aid=1073741824}, caller=android.view.ViewGroup.setRequestedFrameRate:9952 androidx.compose.ui.platform.Api35Impl.setRequestedFrameRate:0 androidx.compose.ui.platform.AndroidComposeView.dispatchDraw:152 android.view.View.draw:26345 android.view.View.updateDisplayListIfDirty:25175 
03-25 21:14:55.031 30413 30413 I View    : setRequestedFrameRate frameRate=-4.0, this=android.view.View{eba579 V.ED..... ........ 0,0-0,0}, caller=androidx.compose.ui.platform.Api35Impl.setRequestedFrameRate:0 androidx.compose.ui.platform.AndroidComposeView.dispatchDraw:164 android.view.View.draw:26345 android.view.View.updateDisplayListIfDirty:25175 android.view.ViewGroup.recreateChildDisplayList:4794 
03-25 21:14:55.032  1647  1647 D SurfaceFlinger: Display 4630947232161729154 HWC layers:
03-25 21:14:55.032  1647  1647 D SurfaceFlinger:        CLIENT |          139990164045900 | 00002100 | RGBA_8888    |  349.0    0.0 1080.0 2340.0 |    0    0 1080 2340 | com.whatsapp/com.whatsapp.home.ui.HomeActivity$_32594#17697 (9)
03-25 21:14:55.032  1647  1647 D SurfaceFlinger:   SOLID_COLOR |                        0 | 00000000 | N/A          |    0.0    0.0    0.0    0.0 |    0    0 1080 2340 | DimTransitionLayer for Surface(name=Task=10768)/@0xcb381ea#17709 (0)
03-25 21:14:55.032  1647  1647 D SurfaceFlinger:        DEVICE |          130622840373249 | 00002102 | RGBA_8888    |    0.0    0.0 1046.0 2340.0 |   34    0 1080 2340 | com.ashutosh.mindfultennis/com.ashut[...]dfultennis.MainActivity$_30413#17714 (3)
03-25 21:14:55.032  1647  1647 D SurfaceFlinger:        DEVICE |           14139032346532 | 00002100 | RGBA_8888    |    0.0    0.0 1080.0   81.0 |    0    0 1080   81 | StatusBar$_3292#103 (26677)
03-25 21:14:55.032  1647  1647 D SurfaceFlinger:        DEVICE |           14139032346534 | 00002100 | RGBA_8888    |    0.0    0.0 1080.0  144.0 |    0 2196 1080 2340 | NavigationBar0$_3292#99 (25363)
03-25 21:14:55.032  1647  1647 D SurfaceFlinger: 
03-25 21:14:55.032 30413 30413 D VRI[MainActivity]@8ec4b6f: mThreadedRenderer.initializeIfNeeded()#2 mSurface={isValid=true 0xb40000783104c110}
03-25 21:14:55.033 30413 30413 D InputMethodManagerUtils: startInputInner - Id : 0
03-25 21:14:55.033  2435  4293 D FreecessHandler: freeze com.instagram.android(10551) result : 51
03-25 21:14:55.033  2435  4293 D FreecessHandler: stop trying to freeze com.instagram.android
03-25 21:14:55.033 30413 30413 I InputMethodManager: startInputInner - IInputMethodManagerGlobalInvoker.startInputOrWindowGainedFocus
03-25 21:14:55.033  2435  4293 W LocationManagerService: onFreezeStateChanged, uid[10288]=true
03-25 21:14:55.033  2435  4293 I PowerManagerService: [PWL] SetWakeLockEnableDisable uid = 10288 , disable= true
03-25 21:14:55.033  2435  4293 I PowerManagerService: [PWL] can not change uid =  10288
03-25 21:14:55.035  2435  3003 V InputMethodManagerService: startInputOrWindowGainedFocusInternalLocked: reason=WINDOW_FOCUS_GAIN client=android.os.BinderProxy@58ac988 inputContext=null editorInfo=android.view.inputmethod.EditorInfo@79a4e1 startInputFlags=VIEW_HAS_FOCUS|INITIAL_CONNECTION softInputMode=STATE_UNSPECIFIED|ADJUST_PAN|IS_FORWARD_NAVIGATION windowFlags=#81810100 unverifiedTargetSdkVersion=36 bindingController=com.android.server.inputmethod.InputMethodBindingController@ae7128f imeDispatcher=android.window.ImeOnBackInvokedDispatcher@b0df206 cs=ClientState{b5210c7 mUid=10261 mPid=30413 mSelfReportedDisplayId=0} imeRequestedVisible=false
03-25 21:14:55.035  2435  3003 V InputMethodManagerService: setWindowStateInner, windowToken=android.os.BinderProxy@97a59d2, state=ImeTargetWindowState{ imeToken null imeFocusChanged true hasEditorFocused false requestedImeVisible false imeDisplayId 0 softInputModeState STATE_UNSPECIFIED|ADJUST_PAN|IS_FORWARD_NAVIGATION isStartInputByGainFocus true}
03-25 21:14:55.035  2435  3003 V InputMethodManagerService: Unspecified window will hide input
03-25 21:14:55.035  2435  3003 I ImeTracker: com.ashutosh.mindfultennis:6f5ff8f8: onRequestHide at ORIGIN_SERVER reason HIDE_UNSPECIFIED_WINDOW fromUser false
03-25 21:14:55.035  2435  3003 V InputMethodManagerService: applyImeVisibility state=6
03-25 21:14:55.036  2435  3003 D SemInputMethodManagerServiceUtil: restorePreviousUsedInputMethod : failed to return the previous ime becuase the stored info is null or do not need restore
03-25 21:14:55.036  2435  3003 V InputMethodManagerService: semComputeImeDisplayIdForTarget: displayToShowIme=0
03-25 21:14:55.036  2435  3003 V InputMethodManagerService: unbindCurrentInputLocked: client=android.os.BinderProxy@bd4bdfa
03-25 21:14:55.036  2435  3003 V InputMethodManagerService: Creating new session for client ClientState{b5210c7 mUid=10261 mPid=30413 mSelfReportedDisplayId=0}
03-25 21:14:55.036  2435  3003 V InputMethodManagerService: Creating new session for client ClientState{b5210c7 mUid=10261 mPid=30413 mSelfReportedDisplayId=0}
03-25 21:14:55.036  2435  3003 D InputTransport: Input channel constructed: 'ClientS', fd=1218
03-25 21:14:55.036  2435  3003 D InputTransport: Input channel constructed: 'ClientS', fd=1272
03-25 21:14:55.037 32594 32594 D InputTransport: Input channel destroyed: 'ClientS', fd=300
03-25 21:14:55.038  2435  3003 D InputTransport: Input channel destroyed: 'ClientS', fd=1272
03-25 21:14:55.038  2435  3003 V InputMethodManagerService: Creating new accessibility sessions for client ClientState{b5210c7 mUid=10261 mPid=30413 mSelfReportedDisplayId=0}
03-25 21:14:55.041  2435  3812 D InputMethodManagerService: isImeSwitcherDisabledPackage : false
03-25 21:14:55.041  2435  3812 D InputMethodManagerService: shouldShowImeSwitcherLocked : checking vis : 3
03-25 21:14:55.041  2435  3812 V InputMethodManagerService: Disabling: SessionState{uid=10326 pid=32594 method=1339095 session=c493a22 channel=ClientState{52485b1 mUid=10326 mPid=32594 mSelfReportedDisplayId=0} userId=0}
03-25 21:14:55.041  2435  3812 V InputMethodManagerService: Enabling: SessionState{uid=10261 pid=30413 method=1339095 session=f178e60 channel=ClientState{b5210c7 mUid=10261 mPid=30413 mSelfReportedDisplayId=0} userId=0}
03-25 21:14:55.041  2435  3812 D InputMethodManagerService: checkDisplayOfStartInputAndUpdateKeyboard: displayId=0, mFocusedDisplayId=0
03-25 21:14:55.041  2435  3812 D InputTransport: Input channel constructed: 'ClientS', fd=1272
03-25 21:14:55.042  2435  3812 D InputTransport: Input channel destroyed: 'ClientS', fd=1272
03-25 21:14:55.042 30413 30465 D InputTransport: Input channel constructed: 'ClientS', fd=169
03-25 21:14:55.043  6834  6834 I HBD     : HoneyBoardService onFinishInput 
03-25 21:14:55.043  2435  3851 D RestrictionPolicy: isScreenCaptureEnabled : ret=true userId=0
03-25 21:14:55.043  2435  3851 I WindowManager: Cancelling animation restarting=true, leash=Surface(name=Surface(name=a9b9fb6 InputMethod)/@0x2787bc0 - animation-leash of insets_animation)/@0x8282903
